Using cuda device
/root/autodl-tmp/projects/sb3/stable-baselines3-master/stable_baselines3/common/on_policy_algorithm.py:150: UserWarning: You are trying to run PPO on the GPU, but it is primarily intended to run on the CPU when not using a CNN policy (you are using ActorCriticPolicy which should be a MlpPolicy). See https://github.com/DLR-RM/stable-baselines3/issues/1245 for more info. You can pass `device='cpu'` or `export CUDA_VISIBLE_DEVICES=` to force using the CPU.Note: The model will train, but the GPU utilization will be poor and the training might take longer than on CPU.
  warnings.warn(
Logging to outputs/stage1000_true_proposed_s8s9_independent_nenv32/runs/proposed_ppo_s9/tensorboard/proposed_ppo_s9_1
-----------------------------------------
| curriculum/                |          |
|    stage                   | 0        |
|    window_cost             | 0        |
|    window_route_completion | 0.098    |
|    window_success          | 0        |
| paper/                     |          |
|    accel_variation         | 0.823    |
|    base_reward             | 6.01     |
|    collision               | 0        |
|    crash_object            | 0        |
|    crash_vehicle           | 0        |
|    episode_cost            | 0        |
|    episode_length          | 600      |
|    jerk                    | 0.607    |
|    lane_deviation          | 0.0792   |
|    max_lane_deviation      | 0.151    |
|    mean_speed_kmh          | 0.705    |
|    min_ttc                 | nan      |
|    out_of_road             | 0        |
|    route_completion        | 0.111    |
|    shaped_reward           | -94.7    |
|    steering_variation      | 0.817    |
|    success                 | 0        |
|    ttc_risk                | 0        |
| rollout/                   |          |
|    ep_len_mean             | 600      |
|    ep_rew_mean             | -103     |
|    success_rate            | 0        |
| time/                      |          |
|    fps                     | 1877     |
|    iterations              | 1        |
|    time_elapsed            | 17       |
|    total_timesteps         | 32768    |
-----------------------------------------
-------------------------------------------
| curriculum/                |            |
|    stage                   | 0          |
|    window_cost             | 0          |
|    window_route_completion | 0.127      |
|    window_success          | 0          |
| paper/                     |            |
|    accel_variation         | 0.785      |
|    base_reward             | 8.76       |
|    collision               | 0          |
|    crash_object            | 0          |
|    crash_vehicle           | 0          |
|    episode_cost            | 0          |
|    episode_length          | 600        |
|    jerk                    | 0.584      |
|    lane_deviation          | 0.0895     |
|    max_lane_deviation      | 0.248      |
|    mean_speed_kmh          | 0.87       |
|    min_ttc                 | nan        |
|    out_of_road             | 0          |
|    route_completion        | 0.116      |
|    shaped_reward           | -90.2      |
|    steering_variation      | 0.814      |
|    success                 | 0          |
|    ttc_risk                | 0          |
| rollout/                   |            |
|    ep_len_mean             | 600        |
|    ep_rew_mean             | -107       |
|    success_rate            | 0          |
| time/                      |            |
|    fps                     | 1391       |
|    iterations              | 2          |
|    time_elapsed            | 47         |
|    total_timesteps         | 65536      |
| train/                     |            |
|    approx_kl               | 0.00954942 |
|    clip_fraction           | 0.121      |
|    clip_range              | 0.2        |
|    entropy_loss            | -2.81      |
|    explained_variance      | -0.00346   |
|    learning_rate           | 0.0003     |
|    loss                    | 0.269      |
|    n_updates               | 10         |
|    policy_gradient_loss    | -0.00671   |
|    std                     | 0.982      |
|    value_loss              | 0.457      |
-------------------------------------------
--------------------------------------------
| curriculum/                |             |
|    stage                   | 0           |
|    window_cost             | 0           |
|    window_route_completion | 0.148       |
|    window_success          | 0           |
| paper/                     |             |
|    accel_variation         | 0.778       |
|    base_reward             | 5.42        |
|    collision               | 0           |
|    crash_object            | 0           |
|    crash_vehicle           | 0           |
|    episode_cost            | 0           |
|    episode_length          | 600         |
|    jerk                    | 0.619       |
|    lane_deviation          | 0.501       |
|    max_lane_deviation      | 0.887       |
|    mean_speed_kmh          | 0.927       |
|    min_ttc                 | nan         |
|    out_of_road             | 0           |
|    route_completion        | 0.148       |
|    shaped_reward           | -181        |
|    steering_variation      | 0.819       |
|    success                 | 0           |
|    ttc_risk                | 0           |
| rollout/                   |             |
|    ep_len_mean             | 599         |
|    ep_rew_mean             | -114        |
|    success_rate            | 0           |
| time/                      |             |
|    fps                     | 1287        |
|    iterations              | 3           |
|    time_elapsed            | 76          |
|    total_timesteps         | 98304       |
| train/                     |             |
|    approx_kl               | 0.005787018 |
|    clip_fraction           | 0.065       |
|    clip_range              | 0.2         |
|    entropy_loss            | -2.77       |
|    explained_variance      | 0.0863      |
|    learning_rate           | 0.0003      |
|    loss                    | 0.329       |
|    n_updates               | 20          |
|    policy_gradient_loss    | -0.0031     |
|    std                     | 0.965       |
|    value_loss              | 1.04        |
--------------------------------------------
--------------------------------------------
| curriculum/                |             |
|    stage                   | 0           |
|    window_cost             | 0.0667      |
|    window_route_completion | 0.177       |
|    window_success          | 0           |
| paper/                     |             |
|    accel_variation         | 0.769       |
|    base_reward             | 7.87        |
|    collision               | 0           |
|    crash_object            | 0           |
|    crash_vehicle           | 0           |
|    episode_cost            | 0           |
|    episode_length          | 600         |
|    jerk                    | 0.596       |
|    lane_deviation          | 0.437       |
|    max_lane_deviation      | 0.995       |
|    mean_speed_kmh          | 1.04        |
|    min_ttc                 | nan         |
|    out_of_road             | 0           |
|    route_completion        | 0.135       |
|    shaped_reward           | -171        |
|    steering_variation      | 0.834       |
|    success                 | 0           |
|    ttc_risk                | 0           |
| rollout/                   |             |
|    ep_len_mean             | 592         |
|    ep_rew_mean             | -123        |
|    success_rate            | 0           |
| time/                      |             |
|    fps                     | 1232        |
|    iterations              | 4           |
|    time_elapsed            | 106         |
|    total_timesteps         | 131072      |
| train/                     |             |
|    approx_kl               | 0.005455425 |
|    clip_fraction           | 0.0586      |
|    clip_range              | 0.2         |
|    entropy_loss            | -2.75       |
|    explained_variance      | 0.467       |
|    learning_rate           | 0.0003      |
|    loss                    | 0.254       |
|    n_updates               | 30          |
|    policy_gradient_loss    | -0.00171    |
|    std                     | 0.956       |
|    value_loss              | 4.45        |
--------------------------------------------
--------------------------------------------
| curriculum/                |             |
|    stage                   | 0           |
|    window_cost             | 0.0333      |
|    window_route_completion | 0.211       |
|    window_success          | 0           |
| paper/                     |             |
|    accel_variation         | 0.716       |
|    base_reward             | 18.3        |
|    collision               | 0           |
|    crash_object            | 0           |
|    crash_vehicle           | 0           |
|    episode_cost            | 0           |
|    episode_length          | 600         |
|    jerk                    | 0.582       |
|    lane_deviation          | 0.0817      |
|    max_lane_deviation      | 0.21        |
|    mean_speed_kmh          | 1.31        |
|    min_ttc                 | nan         |
|    out_of_road             | 0           |
|    route_completion        | 0.224       |
|    shaped_reward           | -68.3       |
|    steering_variation      | 0.805       |
|    success                 | 0           |
|    ttc_risk                | 0           |
| rollout/                   |             |
|    ep_len_mean             | 589         |
|    ep_rew_mean             | -146        |
|    success_rate            | 0           |
| time/                      |             |
|    fps                     | 1144        |
|    iterations              | 5           |
|    time_elapsed            | 143         |
|    total_timesteps         | 163840      |
| train/                     |             |
|    approx_kl               | 0.006083183 |
|    clip_fraction           | 0.0416      |
|    clip_range              | 0.2         |
|    entropy_loss            | -2.74       |
|    explained_variance      | 0.525       |
|    learning_rate           | 0.0003      |
|    loss                    | 1.25        |
|    n_updates               | 40          |
|    policy_gradient_loss    | -0.00108    |
|    std                     | 0.947       |
|    value_loss              | 12.7        |
--------------------------------------------
---------------------------------------------
| curriculum/                |              |
|    stage                   | 0            |
|    window_cost             | 0.267        |
|    window_route_completion | 0.224        |
|    window_success          | 0            |
| paper/                     |              |
|    accel_variation         | 0.691        |
|    base_reward             | -3.9         |
|    collision               | 0            |
|    crash_object            | 0            |
|    crash_vehicle           | 0            |
|    episode_cost            | 1            |
|    episode_length          | 258          |
|    jerk                    | 0.647        |
|    lane_deviation          | 0.229        |
|    max_lane_deviation      | 1.04         |
|    mean_speed_kmh          | 1.5          |
|    min_ttc                 | nan          |
|    out_of_road             | 1            |
|    route_completion        | 0.125        |
|    shaped_reward           | -176         |
|    steering_variation      | 0.769        |
|    success                 | 0            |
|    ttc_risk                | 0            |
| rollout/                   |              |
|    ep_len_mean             | 581          |
|    ep_rew_mean             | -155         |
|    success_rate            | 0            |
| time/                      |              |
|    fps                     | 1075         |
|    iterations              | 6            |
|    time_elapsed            | 182          |
|    total_timesteps         | 196608       |
| train/                     |              |
|    approx_kl               | 0.0049437555 |
|    clip_fraction           | 0.0385       |
|    clip_range              | 0.2          |
|    entropy_loss            | -2.72        |
|    explained_variance      | 0.785        |
|    learning_rate           | 0.0003       |
|    loss                    | 2.32         |
|    n_updates               | 50           |
|    policy_gradient_loss    | -0.00133     |
|    std                     | 0.943        |
|    value_loss              | 11           |
---------------------------------------------
---------------------------------------------
| curriculum/                |              |
|    stage                   | 0            |
|    window_cost             | 0.533        |
|    window_route_completion | 0.238        |
|    window_success          | 0            |
| paper/                     |              |
|    accel_variation         | 0.656        |
|    base_reward             | 19.9         |
|    collision               | 0            |
|    crash_object            | 0            |
|    crash_vehicle           | 0            |
|    episode_cost            | 0            |
|    episode_length          | 600          |
|    jerk                    | 0.523        |
|    lane_deviation          | 0.367        |
|    max_lane_deviation      | 0.999        |
|    mean_speed_kmh          | 2.04         |
|    min_ttc                 | nan          |
|    out_of_road             | 0            |
|    route_completion        | 0.351        |
|    shaped_reward           | -110         |
|    steering_variation      | 0.783        |
|    success                 | 0            |
|    ttc_risk                | 0            |
| rollout/                   |              |
|    ep_len_mean             | 490          |
|    ep_rew_mean             | -169         |
|    success_rate            | 0            |
| time/                      |              |
|    fps                     | 971          |
|    iterations              | 7            |
|    time_elapsed            | 235          |
|    total_timesteps         | 229376       |
| train/                     |              |
|    approx_kl               | 0.0050221314 |
|    clip_fraction           | 0.0579       |
|    clip_range              | 0.2          |
|    entropy_loss            | -2.71        |
|    explained_variance      | 0.752        |
|    learning_rate           | 0.0003       |
|    loss                    | 4.53         |
|    n_updates               | 60           |
|    policy_gradient_loss    | -0.00192     |
|    std                     | 0.936        |
|    value_loss              | 25.9         |
---------------------------------------------
--------------------------------------------
| curriculum/                |             |
|    stage                   | 0           |
|    window_cost             | 0.1         |
|    window_route_completion | 0.311       |
|    window_success          | 0           |
| paper/                     |             |
|    accel_variation         | 0.63        |
|    base_reward             | 13.4        |
|    collision               | 0           |
|    crash_object            | 0           |
|    crash_vehicle           | 0           |
|    episode_cost            | 0           |
|    episode_length          | 600         |
|    jerk                    | 0.54        |
|    lane_deviation          | 0.619       |
|    max_lane_deviation      | 0.999       |
|    mean_speed_kmh          | 2.06        |
|    min_ttc                 | nan         |
|    out_of_road             | 0           |
|    route_completion        | 0.286       |
|    shaped_reward           | -179        |
|    steering_variation      | 0.748       |
|    success                 | 0           |
|    ttc_risk                | 0           |
| rollout/                   |             |
|    ep_len_mean             | 528         |
|    ep_rew_mean             | -152        |
|    success_rate            | 0           |
| time/                      |             |
|    fps                     | 905         |
|    iterations              | 8           |
|    time_elapsed            | 289         |
|    total_timesteps         | 262144      |
| train/                     |             |
|    approx_kl               | 0.004667864 |
|    clip_fraction           | 0.0567      |
|    clip_range              | 0.2         |
|    entropy_loss            | -2.71       |
|    explained_variance      | 0.763       |
|    learning_rate           | 0.0003      |
|    loss                    | 25.5        |
|    n_updates               | 70          |
|    policy_gradient_loss    | -0.00458    |
|    std                     | 0.943       |
|    value_loss              | 51.7        |
--------------------------------------------
---------------------------------------------
| curriculum/                |              |
|    stage                   | 0            |
|    window_cost             | 0.0667       |
|    window_route_completion | 0.413        |
|    window_success          | 0            |
| paper/                     |              |
|    accel_variation         | 0.624        |
|    base_reward             | 35           |
|    collision               | 0            |
|    crash_object            | 0            |
|    crash_vehicle           | 0            |
|    episode_cost            | 0            |
|    episode_length          | 600          |
|    jerk                    | 0.497        |
|    lane_deviation          | 0.279        |
|    max_lane_deviation      | 0.65         |
|    mean_speed_kmh          | 2.96         |
|    min_ttc                 | nan          |
|    out_of_road             | 0            |
|    route_completion        | 0.503        |
|    shaped_reward           | -52          |
|    steering_variation      | 0.849        |
|    success                 | 0            |
|    ttc_risk                | 0            |
| rollout/                   |              |
|    ep_len_mean             | 577          |
|    ep_rew_mean             | -127         |
|    success_rate            | 0            |
| time/                      |              |
|    fps                     | 871          |
|    iterations              | 9            |
|    time_elapsed            | 338          |
|    total_timesteps         | 294912       |
| train/                     |              |
|    approx_kl               | 0.0067519452 |
|    clip_fraction           | 0.0889       |
|    clip_range              | 0.2          |
|    entropy_loss            | -2.7         |
|    explained_variance      | 0.913        |
|    learning_rate           | 0.0003       |
|    loss                    | 8.76         |
|    n_updates               | 80           |
|    policy_gradient_loss    | -0.00284     |
|    std                     | 0.931        |
|    value_loss              | 18.4         |
---------------------------------------------
--------------------------------------------
| curriculum/                |             |
|    stage                   | 0           |
|    window_cost             | 0.0333      |
|    window_route_completion | 0.47        |
|    window_success          | 0           |
| paper/                     |             |
|    accel_variation         | 0.559       |
|    base_reward             | 29.9        |
|    collision               | 0           |
|    crash_object            | 0           |
|    crash_vehicle           | 0           |
|    episode_cost            | 0           |
|    episode_length          | 600         |
|    jerk                    | 0.476       |
|    lane_deviation          | 0.483       |
|    max_lane_deviation      | 0.886       |
|    mean_speed_kmh          | 3.06        |
|    min_ttc                 | nan         |
|    out_of_road             | 0           |
|    route_completion        | 0.492       |
|    shaped_reward           | -103        |
|    steering_variation      | 0.817       |
|    success                 | 0           |
|    ttc_risk                | 0           |
| rollout/                   |             |
|    ep_len_mean             | 591         |
|    ep_rew_mean             | -98.9       |
|    success_rate            | 0           |
| time/                      |             |
|    fps                     | 873         |
|    iterations              | 10          |
|    time_elapsed            | 375         |
|    total_timesteps         | 327680      |
| train/                     |             |
|    approx_kl               | 0.008111942 |
|    clip_fraction           | 0.0967      |
|    clip_range              | 0.2         |
|    entropy_loss            | -2.67       |
|    explained_variance      | 0.88        |
|    learning_rate           | 0.0003      |
|    loss                    | 9.98        |
|    n_updates               | 90          |
|    policy_gradient_loss    | -0.00541    |
|    std                     | 0.913       |
|    value_loss              | 18.6        |
--------------------------------------------
--------------------------------------------
| curriculum/                |             |
|    stage                   | 0           |
|    window_cost             | 0.0667      |
|    window_route_completion | 0.564       |
|    window_success          | 0           |
| paper/                     |             |
|    accel_variation         | 0.501       |
|    base_reward             | 56.2        |
|    collision               | 0           |
|    crash_object            | 0           |
|    crash_vehicle           | 0           |
|    episode_cost            | 0           |
|    episode_length          | 600         |
|    jerk                    | 0.417       |
|    lane_deviation          | 0.12        |
|    max_lane_deviation      | 0.465       |
|    mean_speed_kmh          | 3.88        |
|    min_ttc                 | nan         |
|    out_of_road             | 0           |
|    route_completion        | 0.538       |
|    shaped_reward           | 3.41        |
|    steering_variation      | 0.816       |
|    success                 | 0           |
|    ttc_risk                | 0           |
| rollout/                   |             |
|    ep_len_mean             | 588         |
|    ep_rew_mean             | -66.1       |
|    success_rate            | 0           |
| time/                      |             |
|    fps                     | 855         |
|    iterations              | 11          |
|    time_elapsed            | 421         |
|    total_timesteps         | 360448      |
| train/                     |             |
|    approx_kl               | 0.014173759 |
|    clip_fraction           | 0.174       |
|    clip_range              | 0.2         |
|    entropy_loss            | -2.59       |
|    explained_variance      | 0.841       |
|    learning_rate           | 0.0003      |
|    loss                    | 9.07        |
|    n_updates               | 100         |
|    policy_gradient_loss    | -0.00586    |
|    std                     | 0.879       |
|    value_loss              | 12.4        |
--------------------------------------------
--------------------------------------------
| curriculum/                |             |
|    stage                   | 1           |
|    window_cost             | 0.0333      |
|    window_route_completion | 0.653       |
|    window_success          | 0.0333      |
| paper/                     |             |
|    accel_variation         | 0.48        |
|    base_reward             | 66.1        |
|    collision               | 0           |
|    crash_object            | 0           |
|    crash_vehicle           | 0           |
|    episode_cost            | 0           |
|    episode_length          | 800         |
|    jerk                    | 0.43        |
|    lane_deviation          | 0.427       |
|    max_lane_deviation      | 0.961       |
|    mean_speed_kmh          | 4.86        |
|    min_ttc                 | nan         |
|    out_of_road             | 0           |
|    route_completion        | 0.919       |
|    shaped_reward           | -56.5       |
|    steering_variation      | 0.764       |
|    success                 | 0           |
|    ttc_risk                | 0           |
| rollout/                   |             |
|    ep_len_mean             | 611         |
|    ep_rew_mean             | -37         |
|    success_rate            | 0.14        |
| time/                      |             |
|    fps                     | 832         |
|    iterations              | 12          |
|    time_elapsed            | 472         |
|    total_timesteps         | 393216      |
| train/                     |             |
|    approx_kl               | 0.015655048 |
|    clip_fraction           | 0.217       |
|    clip_range              | 0.2         |
|    entropy_loss            | -2.53       |
|    explained_variance      | 0.783       |
|    learning_rate           | 0.0003      |
|    loss                    | 5.22        |
|    n_updates               | 110         |
|    policy_gradient_loss    | -0.00333    |
|    std                     | 0.848       |
|    value_loss              | 16.1        |
--------------------------------------------
--------------------------------------------
| curriculum/                |             |
|    stage                   | 2           |
|    window_cost             | 0.3         |
|    window_route_completion | 0.408       |
|    window_success          | 0.0667      |
| paper/                     |             |
|    accel_variation         | 0.454       |
|    base_reward             | 161         |
|    collision               | 0           |
|    crash_object            | 0           |
|    crash_vehicle           | 0           |
|    episode_cost            | 0           |
|    episode_length          | 1000        |
|    jerk                    | 0.362       |
|    lane_deviation          | 0.273       |
|    max_lane_deviation      | 0.999       |
|    mean_speed_kmh          | 7.94        |
|    min_ttc                 | nan         |
|    out_of_road             | 0           |
|    route_completion        | 0.565       |
|    shaped_reward           | 11.4        |
|    steering_variation      | 0.68        |
|    success                 | 0           |
|    ttc_risk                | 0           |
| rollout/                   |             |
|    ep_len_mean             | 691         |
|    ep_rew_mean             | -29.9       |
|    success_rate            | 0.22        |
| time/                      |             |
|    fps                     | 778         |
|    iterations              | 13          |
|    time_elapsed            | 547         |
|    total_timesteps         | 425984      |
| train/                     |             |
|    approx_kl               | 0.030914854 |
|    clip_fraction           | 0.245       |
|    clip_range              | 0.2         |
|    entropy_loss            | -2.45       |
|    explained_variance      | 0.334       |
|    learning_rate           | 0.0003      |
|    loss                    | 12          |
|    n_updates               | 120         |
|    policy_gradient_loss    | 0.0056      |
|    std                     | 0.812       |
|    value_loss              | 30.9        |
--------------------------------------------
--------------------------------------------
| curriculum/                |             |
|    stage                   | 2           |
|    window_cost             | 0.3         |
|    window_route_completion | 0.308       |
|    window_success          | 0           |
| paper/                     |             |
|    accel_variation         | 0.415       |
|    base_reward             | 165         |
|    collision               | 0           |
|    crash_object            | 0           |
|    crash_vehicle           | 0           |
|    episode_cost            | 0           |
|    episode_length          | 1000        |
|    jerk                    | 0.352       |
|    lane_deviation          | 0.304       |
|    max_lane_deviation      | 0.994       |
|    mean_speed_kmh          | 8.78        |
|    min_ttc                 | 2.26        |
|    out_of_road             | 0           |
|    route_completion        | 0.305       |
|    shaped_reward           | -9.37       |
|    steering_variation      | 0.642       |
|    success                 | 0           |
|    ttc_risk                | 0.00101     |
| rollout/                   |             |
|    ep_len_mean             | 782         |
|    ep_rew_mean             | -56.6       |
|    success_rate            | 0.17        |
| time/                      |             |
|    fps                     | 718         |
|    iterations              | 14          |
|    time_elapsed            | 638         |
|    total_timesteps         | 458752      |
| train/                     |             |
|    approx_kl               | 0.015567716 |
|    clip_fraction           | 0.186       |
|    clip_range              | 0.2         |
|    entropy_loss            | -2.38       |
|    explained_variance      | 0.229       |
|    learning_rate           | 0.0003      |
|    loss                    | 28.2        |
|    n_updates               | 130         |
|    policy_gradient_loss    | -0.0034     |
|    std                     | 0.789       |
|    value_loss              | 43.7        |
--------------------------------------------
--------------------------------------------
| curriculum/                |             |
|    stage                   | 2           |
|    window_cost             | 0.1         |
|    window_route_completion | 0.37        |
|    window_success          | 0           |
| paper/                     |             |
|    accel_variation         | 0.416       |
|    base_reward             | 204         |
|    collision               | 0           |
|    crash_object            | 0           |
|    crash_vehicle           | 0           |
|    episode_cost            | 0           |
|    episode_length          | 1000        |
|    jerk                    | 0.342       |
|    lane_deviation          | 0.248       |
|    max_lane_deviation      | 0.99        |
|    mean_speed_kmh          | 9.94        |
|    min_ttc                 | 12.5        |
|    out_of_road             | 0           |
|    route_completion        | 0.481       |
|    shaped_reward           | 45.4        |
|    steering_variation      | 0.654       |
|    success                 | 0           |
|    ttc_risk                | 0           |
| rollout/                   |             |
|    ep_len_mean             | 844         |
|    ep_rew_mean             | -73.8       |
|    success_rate            | 0           |
| time/                      |             |
|    fps                     | 680         |
|    iterations              | 15          |
|    time_elapsed            | 721         |
|    total_timesteps         | 491520      |
| train/                     |             |
|    approx_kl               | 0.017371334 |
|    clip_fraction           | 0.182       |
|    clip_range              | 0.2         |
|    entropy_loss            | -2.33       |
|    explained_variance      | 0.502       |
|    learning_rate           | 0.0003      |
|    loss                    | 11.8        |
|    n_updates               | 140         |
|    policy_gradient_loss    | -0.00143    |
|    std                     | 0.771       |
|    value_loss              | 43.2        |
--------------------------------------------
--------------------------------------------
| curriculum/                |             |
|    stage                   | 2           |
|    window_cost             | 0.0667      |
|    window_route_completion | 0.454       |
|    window_success          | 0           |
| paper/                     |             |
|    accel_variation         | 0.404       |
|    base_reward             | 198         |
|    collision               | 0           |
|    crash_object            | 0           |
|    crash_vehicle           | 0           |
|    episode_cost            | 0           |
|    episode_length          | 1000        |
|    jerk                    | 0.344       |
|    lane_deviation          | 0.201       |
|    max_lane_deviation      | 0.853       |
|    mean_speed_kmh          | 8.73        |
|    min_ttc                 | 26.6        |
|    out_of_road             | 0           |
|    route_completion        | 0.359       |
|    shaped_reward           | 59          |
|    steering_variation      | 0.685       |
|    success                 | 0           |
|    ttc_risk                | 0           |
| rollout/                   |             |
|    ep_len_mean             | 893         |
|    ep_rew_mean             | -58.7       |
|    success_rate            | 0           |
| time/                      |             |
|    fps                     | 655         |
|    iterations              | 16          |
|    time_elapsed            | 799         |
|    total_timesteps         | 524288      |
| train/                     |             |
|    approx_kl               | 0.021164808 |
|    clip_fraction           | 0.202       |
|    clip_range              | 0.2         |
|    entropy_loss            | -2.28       |
|    explained_variance      | 0.748       |
|    learning_rate           | 0.0003      |
|    loss                    | 31          |
|    n_updates               | 150         |
|    policy_gradient_loss    | 0.00389     |
|    std                     | 0.754       |
|    value_loss              | 22.2        |
--------------------------------------------
--------------------------------------------
| curriculum/                |             |
|    stage                   | 2           |
|    window_cost             | 0.0333      |
|    window_route_completion | 0.527       |
|    window_success          | 0           |
| paper/                     |             |
|    accel_variation         | 0.341       |
|    base_reward             | 232         |
|    collision               | 0           |
|    crash_object            | 0           |
|    crash_vehicle           | 0           |
|    episode_cost            | 0           |
|    episode_length          | 1000        |
|    jerk                    | 0.317       |
|    lane_deviation          | 0.284       |
|    max_lane_deviation      | 1.29        |
|    mean_speed_kmh          | 11.8        |
|    min_ttc                 | 9.69        |
|    out_of_road             | 0           |
|    route_completion        | 0.432       |
|    shaped_reward           | 44.8        |
|    steering_variation      | 0.633       |
|    success                 | 0           |
|    ttc_risk                | 0           |
| rollout/                   |             |
|    ep_len_mean             | 957         |
|    ep_rew_mean             | -21.5       |
|    success_rate            | 0           |
| time/                      |             |
|    fps                     | 630         |
|    iterations              | 17          |
|    time_elapsed            | 883         |
|    total_timesteps         | 557056      |
| train/                     |             |
|    approx_kl               | 0.012992878 |
|    clip_fraction           | 0.238       |
|    clip_range              | 0.2         |
|    entropy_loss            | -2.22       |
|    explained_variance      | 0.595       |
|    learning_rate           | 0.0003      |
|    loss                    | 18.4        |
|    n_updates               | 160         |
|    policy_gradient_loss    | 0.00568     |
|    std                     | 0.726       |
|    value_loss              | 12.7        |
--------------------------------------------
--------------------------------------------
| curriculum/                |             |
|    stage                   | 2           |
|    window_cost             | 0.0333      |
|    window_route_completion | 0.594       |
|    window_success          | 0           |
| paper/                     |             |
|    accel_variation         | 0.385       |
|    base_reward             | 269         |
|    collision               | 0           |
|    crash_object            | 0           |
|    crash_vehicle           | 0           |
|    episode_cost            | 0           |
|    episode_length          | 1000        |
|    jerk                    | 0.331       |
|    lane_deviation          | 0.227       |
|    max_lane_deviation      | 0.992       |
|    mean_speed_kmh          | 12.8        |
|    min_ttc                 | nan         |
|    out_of_road             | 0           |
|    route_completion        | 0.54        |
|    shaped_reward           | 87.4        |
|    steering_variation      | 0.641       |
|    success                 | 0           |
|    ttc_risk                | 0           |
| rollout/                   |             |
|    ep_len_mean             | 982         |
|    ep_rew_mean             | 14.8        |
|    success_rate            | 0           |
| time/                      |             |
|    fps                     | 609         |
|    iterations              | 18          |
|    time_elapsed            | 967         |
|    total_timesteps         | 589824      |
| train/                     |             |
|    approx_kl               | 0.016207922 |
|    clip_fraction           | 0.219       |
|    clip_range              | 0.2         |
|    entropy_loss            | -2.13       |
|    explained_variance      | 0.564       |
|    learning_rate           | 0.0003      |
|    loss                    | 3.74        |
|    n_updates               | 170         |
|    policy_gradient_loss    | -0.000287   |
|    std                     | 0.697       |
|    value_loss              | 9.36        |
--------------------------------------------
--------------------------------------------
| curriculum/                |             |
|    stage                   | 2           |
|    window_cost             | 0.167       |
|    window_route_completion | 0.692       |
|    window_success          | 0.0333      |
| paper/                     |             |
|    accel_variation         | 0.357       |
|    base_reward             | 303         |
|    collision               | 0           |
|    crash_object            | 0           |
|    crash_vehicle           | 0           |
|    episode_cost            | 0           |
|    episode_length          | 1000        |
|    jerk                    | 0.319       |
|    lane_deviation          | 0.294       |
|    max_lane_deviation      | 0.989       |
|    mean_speed_kmh          | 14.9        |
|    min_ttc                 | 26          |
|    out_of_road             | 0           |
|    route_completion        | 0.812       |
|    shaped_reward           | 98          |
|    steering_variation      | 0.62        |
|    success                 | 0           |
|    ttc_risk                | 0           |
| rollout/                   |             |
|    ep_len_mean             | 986         |
|    ep_rew_mean             | 42.6        |
|    success_rate            | 0.01        |
| time/                      |             |
|    fps                     | 589         |
|    iterations              | 19          |
|    time_elapsed            | 1055        |
|    total_timesteps         | 622592      |
| train/                     |             |
|    approx_kl               | 0.028179731 |
|    clip_fraction           | 0.239       |
|    clip_range              | 0.2         |
|    entropy_loss            | -2.06       |
|    explained_variance      | 0.605       |
|    learning_rate           | 0.0003      |
|    loss                    | 2.29        |
|    n_updates               | 180         |
|    policy_gradient_loss    | 0.00628     |
|    std                     | 0.671       |
|    value_loss              | 14          |
--------------------------------------------
--------------------------------------------
| curriculum/                |             |
|    stage                   | 2           |
|    window_cost             | 0.267       |
|    window_route_completion | 0.668       |
|    window_success          | 0           |
| paper/                     |             |
|    accel_variation         | 0.383       |
|    base_reward             | 356         |
|    collision               | 0           |
|    crash_object            | 0           |
|    crash_vehicle           | 0           |
|    episode_cost            | 0           |
|    episode_length          | 1000        |
|    jerk                    | 0.354       |
|    lane_deviation          | 0.252       |
|    max_lane_deviation      | 0.999       |
|    mean_speed_kmh          | 16.7        |
|    min_ttc                 | 8.43        |
|    out_of_road             | 0           |
|    route_completion        | 0.865       |
|    shaped_reward           | 144         |
|    steering_variation      | 0.591       |
|    success                 | 0           |
|    ttc_risk                | 0           |
| rollout/                   |             |
|    ep_len_mean             | 919         |
|    ep_rew_mean             | 42.4        |
|    success_rate            | 0.01        |
| time/                      |             |
|    fps                     | 568         |
|    iterations              | 20          |
|    time_elapsed            | 1151        |
|    total_timesteps         | 655360      |
| train/                     |             |
|    approx_kl               | 0.022846378 |
|    clip_fraction           | 0.212       |
|    clip_range              | 0.2         |
|    entropy_loss            | -2.01       |
|    explained_variance      | 0.363       |
|    learning_rate           | 0.0003      |
|    loss                    | 5.59        |
|    n_updates               | 190         |
|    policy_gradient_loss    | 0.00612     |
|    std                     | 0.654       |
|    value_loss              | 32.7        |
--------------------------------------------
-------------------------------------------
| curriculum/                |            |
|    stage                   | 2          |
|    window_cost             | 0.3        |
|    window_route_completion | 0.652      |
|    window_success          | 0.0667     |
| paper/                     |            |
|    accel_variation         | 0.263      |
|    base_reward             | 21.2       |
|    collision               | 0          |
|    crash_object            | 0          |
|    crash_vehicle           | 0          |
|    episode_cost            | 1          |
|    episode_length          | 109        |
|    jerk                    | 0.275      |
|    lane_deviation          | 0.252      |
|    max_lane_deviation      | 1.1        |
|    mean_speed_kmh          | 15.6       |
|    min_ttc                 | nan        |
|    out_of_road             | 1          |
|    route_completion        | 0.0743     |
|    shaped_reward           | -124       |
|    steering_variation      | 0.554      |
|    success                 | 0          |
|    ttc_risk                | 0          |
| rollout/                   |            |
|    ep_len_mean             | 867        |
|    ep_rew_mean             | 33.2       |
|    success_rate            | 0.03       |
| time/                      |            |
|    fps                     | 548        |
|    iterations              | 21         |
|    time_elapsed            | 1255       |
|    total_timesteps         | 688128     |
| train/                     |            |
|    approx_kl               | 0.01827778 |
|    clip_fraction           | 0.174      |
|    clip_range              | 0.2        |
|    entropy_loss            | -1.96      |
|    explained_variance      | 0.267      |
|    learning_rate           | 0.0003     |
|    loss                    | 29.5       |
|    n_updates               | 200        |
|    policy_gradient_loss    | -0.00247   |
|    std                     | 0.638      |
|    value_loss              | 55.8       |
-------------------------------------------
--------------------------------------------
| curriculum/                |             |
|    stage                   | 2           |
|    window_cost             | 0.2         |
|    window_route_completion | 0.741       |
|    window_success          | 0.133       |
| paper/                     |             |
|    accel_variation         | 0.419       |
|    base_reward             | 382         |
|    collision               | 0           |
|    crash_object            | 0           |
|    crash_vehicle           | 0           |
|    episode_cost            | 0           |
|    episode_length          | 1000        |
|    jerk                    | 0.363       |
|    lane_deviation          | 0.254       |
|    max_lane_deviation      | 0.773       |
|    mean_speed_kmh          | 17.8        |
|    min_ttc                 | nan         |
|    out_of_road             | 0           |
|    route_completion        | 0.943       |
|    shaped_reward           | 161         |
|    steering_variation      | 0.544       |
|    success                 | 0           |
|    ttc_risk                | 0           |
| rollout/                   |             |
|    ep_len_mean             | 871         |
|    ep_rew_mean             | 37.1        |
|    success_rate            | 0.06        |
| time/                      |             |
|    fps                     | 528         |
|    iterations              | 22          |
|    time_elapsed            | 1364        |
|    total_timesteps         | 720896      |
| train/                     |             |
|    approx_kl               | 0.014844095 |
|    clip_fraction           | 0.199       |
|    clip_range              | 0.2         |
|    entropy_loss            | -1.91       |
|    explained_variance      | 0.443       |
|    learning_rate           | 0.0003      |
|    loss                    | 25.7        |
|    n_updates               | 210         |
|    policy_gradient_loss    | 0.00179     |
|    std                     | 0.626       |
|    value_loss              | 64.7        |
--------------------------------------------
-------------------------------------------
| curriculum/                |            |
|    stage                   | 2          |
|    window_cost             | 0.0333     |
|    window_route_completion | 0.769      |
|    window_success          | 0.0333     |
| paper/                     |            |
|    accel_variation         | 0.366      |
|    base_reward             | 327        |
|    collision               | 0          |
|    crash_object            | 0          |
|    crash_vehicle           | 0          |
|    episode_cost            | 0          |
|    episode_length          | 1000       |
|    jerk                    | 0.325      |
|    lane_deviation          | 0.215      |
|    max_lane_deviation      | 0.715      |
|    mean_speed_kmh          | 14.9       |
|    min_ttc                 | 0.702      |
|    out_of_road             | 0          |
|    route_completion        | 0.637      |
|    shaped_reward           | -3.9       |
|    steering_variation      | 0.57       |
|    success                 | 0          |
|    ttc_risk                | 0.0315     |
| rollout/                   |            |
|    ep_len_mean             | 920        |
|    ep_rew_mean             | 59.2       |
|    success_rate            | 0.07       |
| time/                      |            |
|    fps                     | 515        |
|    iterations              | 23         |
|    time_elapsed            | 1461       |
|    total_timesteps         | 753664     |
| train/                     |            |
|    approx_kl               | 0.03068227 |
|    clip_fraction           | 0.261      |
|    clip_range              | 0.2        |
|    entropy_loss            | -1.86      |
|    explained_variance      | 0.437      |
|    learning_rate           | 0.0003     |
|    loss                    | 8.71       |
|    n_updates               | 220        |
|    policy_gradient_loss    | 0.00866    |
|    std                     | 0.612      |
|    value_loss              | 36.6       |
-------------------------------------------
--------------------------------------------
| curriculum/                |             |
|    stage                   | 2           |
|    window_cost             | 0.0333      |
|    window_route_completion | 0.769       |
|    window_success          | 0.0333      |
| paper/                     |             |
|    accel_variation         | 0.395       |
|    base_reward             | 363         |
|    collision               | 0           |
|    crash_object            | 0           |
|    crash_vehicle           | 0           |
|    episode_cost            | 0           |
|    episode_length          | 1000        |
|    jerk                    | 0.348       |
|    lane_deviation          | 0.216       |
|    max_lane_deviation      | 0.877       |
|    mean_speed_kmh          | 16.6        |
|    min_ttc                 | 4.83        |
|    out_of_road             | 0           |
|    route_completion        | 0.905       |
|    shaped_reward           | 159         |
|    steering_variation      | 0.544       |
|    success                 | 0           |
|    ttc_risk                | 0.000508    |
| rollout/                   |             |
|    ep_len_mean             | 958         |
|    ep_rew_mean             | 92.9        |
|    success_rate            | 0.07        |
| time/                      |             |
|    fps                     | 499         |
|    iterations              | 24          |
|    time_elapsed            | 1575        |
|    total_timesteps         | 786432      |
| train/                     |             |
|    approx_kl               | 0.018757906 |
|    clip_fraction           | 0.271       |
|    clip_range              | 0.2         |
|    entropy_loss            | -1.79       |
|    explained_variance      | 0.456       |
|    learning_rate           | 0.0003      |
|    loss                    | 2.35        |
|    n_updates               | 230         |
|    policy_gradient_loss    | 0.00592     |
|    std                     | 0.593       |
|    value_loss              | 14.5        |
--------------------------------------------
------------------------------------------
| curriculum/                |           |
|    stage                   | 2         |
|    window_cost             | 0.4       |
|    window_route_completion | 0.688     |
|    window_success          | 0.2       |
| paper/                     |           |
|    accel_variation         | 0.429     |
|    base_reward             | 306       |
|    collision               | 0         |
|    crash_object            | 0         |
|    crash_vehicle           | 0         |
|    episode_cost            | 0         |
|    episode_length          | 1000      |
|    jerk                    | 0.372     |
|    lane_deviation          | 0.312     |
|    max_lane_deviation      | 0.972     |
|    mean_speed_kmh          | 17        |
|    min_ttc                 | 4.82      |
|    out_of_road             | 0         |
|    route_completion        | 0.711     |
|    shaped_reward           | 90.7      |
|    steering_variation      | 0.492     |
|    success                 | 0         |
|    ttc_risk                | 0.000197  |
| rollout/                   |           |
|    ep_len_mean             | 904       |
|    ep_rew_mean             | 71.9      |
|    success_rate            | 0.08      |
| time/                      |           |
|    fps                     | 485       |
|    iterations              | 25        |
|    time_elapsed            | 1688      |
|    total_timesteps         | 819200    |
| train/                     |           |
|    approx_kl               | 0.1721225 |
|    clip_fraction           | 0.282     |
|    clip_range              | 0.2       |
|    entropy_loss            | -1.72     |
|    explained_variance      | 0.487     |
|    learning_rate           | 0.0003    |
|    loss                    | 4.47      |
|    n_updates               | 240       |
|    policy_gradient_loss    | 0.0129    |
|    std                     | 0.577     |
|    value_loss              | 9.86      |
------------------------------------------
--------------------------------------------
| curriculum/                |             |
|    stage                   | 2           |
|    window_cost             | 0.467       |
|    window_route_completion | 0.672       |
|    window_success          | 0.133       |
| paper/                     |             |
|    accel_variation         | 0.409       |
|    base_reward             | 334         |
|    collision               | 0           |
|    crash_object            | 0           |
|    crash_vehicle           | 0           |
|    episode_cost            | 0           |
|    episode_length          | 1000        |
|    jerk                    | 0.386       |
|    lane_deviation          | 0.322       |
|    max_lane_deviation      | 1.11        |
|    mean_speed_kmh          | 18.5        |
|    min_ttc                 | 10.3        |
|    out_of_road             | 0           |
|    route_completion        | 0.799       |
|    shaped_reward           | 96.9        |
|    steering_variation      | 0.506       |
|    success                 | 0           |
|    ttc_risk                | 0           |
| rollout/                   |             |
|    ep_len_mean             | 817         |
|    ep_rew_mean             | 41.9        |
|    success_rate            | 0.12        |
| time/                      |             |
|    fps                     | 480         |
|    iterations              | 26          |
|    time_elapsed            | 1772        |
|    total_timesteps         | 851968      |
| train/                     |             |
|    approx_kl               | 0.011023102 |
|    clip_fraction           | 0.132       |
|    clip_range              | 0.2         |
|    entropy_loss            | -1.71       |
|    explained_variance      | 0.253       |
|    learning_rate           | 0.0003      |
|    loss                    | 21.7        |
|    n_updates               | 250         |
|    policy_gradient_loss    | -0.00413    |
|    std                     | 0.574       |
|    value_loss              | 87.3        |
--------------------------------------------
--------------------------------------------
| curriculum/                |             |
|    stage                   | 2           |
|    window_cost             | 0.167       |
|    window_route_completion | 0.794       |
|    window_success          | 0.167       |
| paper/                     |             |
|    accel_variation         | 0.485       |
|    base_reward             | 367         |
|    collision               | 0           |
|    crash_object            | 0           |
|    crash_vehicle           | 0           |
|    episode_cost            | 0           |
|    episode_length          | 1000        |
|    jerk                    | 0.412       |
|    lane_deviation          | 0.264       |
|    max_lane_deviation      | 0.901       |
|    mean_speed_kmh          | 18.3        |
|    min_ttc                 | nan         |
|    out_of_road             | 0           |
|    route_completion        | 0.928       |
|    shaped_reward           | 145         |
|    steering_variation      | 0.487       |
|    success                 | 0           |
|    ttc_risk                | 0           |
| rollout/                   |             |
|    ep_len_mean             | 825         |
|    ep_rew_mean             | 51.5        |
|    success_rate            | 0.18        |
| time/                      |             |
|    fps                     | 475         |
|    iterations              | 27          |
|    time_elapsed            | 1861        |
|    total_timesteps         | 884736      |
| train/                     |             |
|    approx_kl               | 0.012297891 |
|    clip_fraction           | 0.14        |
|    clip_range              | 0.2         |
|    entropy_loss            | -1.69       |
|    explained_variance      | 0.271       |
|    learning_rate           | 0.0003      |
|    loss                    | 38.5        |
|    n_updates               | 260         |
|    policy_gradient_loss    | -0.00319    |
|    std                     | 0.566       |
|    value_loss              | 86.2        |
--------------------------------------------
-------------------------------------------
| curriculum/                |            |
|    stage                   | 2          |
|    window_cost             | 0.1        |
|    window_route_completion | 0.845      |
|    window_success          | 0.167      |
| paper/                     |            |
|    accel_variation         | 0.41       |
|    base_reward             | 350        |
|    collision               | 0          |
|    crash_object            | 0          |
|    crash_vehicle           | 0          |
|    episode_cost            | 0          |
|    episode_length          | 1000       |
|    jerk                    | 0.39       |
|    lane_deviation          | 0.341      |
|    max_lane_deviation      | 0.996      |
|    mean_speed_kmh          | 18.5       |
|    min_ttc                 | 5.95       |
|    out_of_road             | 0          |
|    route_completion        | 0.864      |
|    shaped_reward           | 101        |
|    steering_variation      | 0.51       |
|    success                 | 0          |
|    ttc_risk                | 7.61e-06   |
| rollout/                   |            |
|    ep_len_mean             | 864        |
|    ep_rew_mean             | 79.3       |
|    success_rate            | 0.16       |
| time/                      |            |
|    fps                     | 468        |
|    iterations              | 28         |
|    time_elapsed            | 1957       |
|    total_timesteps         | 917504     |
| train/                     |            |
|    approx_kl               | 0.03923107 |
|    clip_fraction           | 0.194      |
|    clip_range              | 0.2        |
|    entropy_loss            | -1.65      |
|    explained_variance      | 0.496      |
|    learning_rate           | 0.0003     |
|    loss                    | 21.1       |
|    n_updates               | 270        |
|    policy_gradient_loss    | 0.0015     |
|    std                     | 0.556      |
|    value_loss              | 40.3       |
-------------------------------------------
--------------------------------------------
| curriculum/                |             |
|    stage                   | 2           |
|    window_cost             | 0.4         |
|    window_route_completion | 0.623       |
|    window_success          | 0.2         |
| paper/                     |             |
|    accel_variation         | 0.467       |
|    base_reward             | 104         |
|    collision               | 0           |
|    crash_object            | 0           |
|    crash_vehicle           | 0           |
|    episode_cost            | 1           |
|    episode_length          | 425         |
|    jerk                    | 0.415       |
|    lane_deviation          | 0.384       |
|    max_lane_deviation      | 1.05        |
|    mean_speed_kmh          | 18.9        |
|    min_ttc                 | 15.4        |
|    out_of_road             | 1           |
|    route_completion        | 0.369       |
|    shaped_reward           | -114        |
|    steering_variation      | 0.466       |
|    success                 | 0           |
|    ttc_risk                | 0           |
| rollout/                   |             |
|    ep_len_mean             | 840         |
|    ep_rew_mean             | 69.7        |
|    success_rate            | 0.17        |
| time/                      |             |
|    fps                     | 454         |
|    iterations              | 29          |
|    time_elapsed            | 2090        |
|    total_timesteps         | 950272      |
| train/                     |             |
|    approx_kl               | 0.047648568 |
|    clip_fraction           | 0.275       |
|    clip_range              | 0.2         |
|    entropy_loss            | -1.6        |
|    explained_variance      | 0.455       |
|    learning_rate           | 0.0003      |
|    loss                    | 5.66        |
|    n_updates               | 280         |
|    policy_gradient_loss    | 0.00926     |
|    std                     | 0.543       |
|    value_loss              | 23.9        |
--------------------------------------------
--------------------------------------------
| curriculum/                |             |
|    stage                   | 2           |
|    window_cost             | 0.333       |
|    window_route_completion | 0.777       |
|    window_success          | 0.3         |
| paper/                     |             |
|    accel_variation         | 0.473       |
|    base_reward             | 243         |
|    collision               | 0           |
|    crash_object            | 0           |
|    crash_vehicle           | 0           |
|    episode_cost            | 0           |
|    episode_length          | 1000        |
|    jerk                    | 0.423       |
|    lane_deviation          | 0.411       |
|    max_lane_deviation      | 1.29        |
|    mean_speed_kmh          | 18.5        |
|    min_ttc                 | 8.12        |
|    out_of_road             | 0           |
|    route_completion        | 0.881       |
|    shaped_reward           | 25.8        |
|    steering_variation      | 0.474       |
|    success                 | 0           |
|    ttc_risk                | 0           |
| rollout/                   |             |
|    ep_len_mean             | 810         |
|    ep_rew_mean             | 51          |
|    success_rate            | 0.23        |
| time/                      |             |
|    fps                     | 443         |
|    iterations              | 30          |
|    time_elapsed            | 2217        |
|    total_timesteps         | 983040      |
| train/                     |             |
|    approx_kl               | 0.016586693 |
|    clip_fraction           | 0.157       |
|    clip_range              | 0.2         |
|    entropy_loss            | -1.57       |
|    explained_variance      | 0.337       |
|    learning_rate           | 0.0003      |
|    loss                    | 13.3        |
|    n_updates               | 290         |
|    policy_gradient_loss    | -0.00321    |
|    std                     | 0.538       |
|    value_loss              | 86.3        |
--------------------------------------------
--------------------------------------------
| curriculum/                |             |
|    stage                   | 2           |
|    window_cost             | 0.533       |
|    window_route_completion | 0.656       |
|    window_success          | 0.167       |
| paper/                     |             |
|    accel_variation         | 0.458       |
|    base_reward             | 246         |
|    collision               | 0           |
|    crash_object            | 0           |
|    crash_vehicle           | 0           |
|    episode_cost            | 1           |
|    episode_length          | 914         |
|    jerk                    | 0.397       |
|    lane_deviation          | 0.362       |
|    max_lane_deviation      | 1.13        |
|    mean_speed_kmh          | 18.3        |
|    min_ttc                 | 7.1         |
|    out_of_road             | 1           |
|    route_completion        | 0.944       |
|    shaped_reward           | -72         |
|    steering_variation      | 0.454       |
|    success                 | 0           |
|    ttc_risk                | 0           |
| rollout/                   |             |
|    ep_len_mean             | 770         |
|    ep_rew_mean             | 7.62        |
|    success_rate            | 0.19        |
| time/                      |             |
|    fps                     | 439         |
|    iterations              | 31          |
|    time_elapsed            | 2309        |
|    total_timesteps         | 1015808     |
| train/                     |             |
|    approx_kl               | 0.016383778 |
|    clip_fraction           | 0.175       |
|    clip_range              | 0.2         |
|    entropy_loss            | -1.55       |
|    explained_variance      | 0.502       |
|    learning_rate           | 0.0003      |
|    loss                    | 21.5        |
|    n_updates               | 300         |
|    policy_gradient_loss    | 2.08e-05    |
|    std                     | 0.532       |
|    value_loss              | 63.6        |
--------------------------------------------
Wrapping the env in a DummyVecEnv.
/root/autodl-tmp/projects/sb3/stable-baselines3-master/stable_baselines3/common/on_policy_algorithm.py:150: UserWarning: You are trying to run PPO on the GPU, but it is primarily intended to run on the CPU when not using a CNN policy (you are using ActorCriticPolicy which should be a MlpPolicy). See https://github.com/DLR-RM/stable-baselines3/issues/1245 for more info. You can pass `device='cpu'` or `export CUDA_VISIBLE_DEVICES=` to force using the CPU.Note: The model will train, but the GPU utilization will be poor and the training might take longer than on CPU.
  warnings.warn(
Wrapping the env in a DummyVecEnv.
Wrapping the env in a DummyVecEnv.
                       seed  success  route_completion  collision  out_of_road  cost      reward  shaped_reward  episode_length      speed  lane_deviation  steering_variation  accel_variation  ttc_risk   min_ttc
variant  algo density                                                                                                                                                                                              
proposed ppo  0.00      8.5     0.84          0.974783       0.00         0.00  0.00  454.180161     256.556635          972.00  20.250362        0.240715            0.016782         0.228185  0.000000       NaN
              0.08      8.5     0.71          0.921962       0.12         0.00  0.12  421.681098     204.033507          928.20  20.020729        0.249154            0.021812         0.231489  0.002738  8.284817
              0.15      8.5     0.53          0.794452       0.34         0.03  0.37  332.896918      68.929826          849.46  18.430388        0.291755            0.032059         0.269942  0.010374  2.539765
curve_source=tensorboard
saved_summary=outputs/stage1000_true_proposed_s8s9_independent_nenv32/evaluations/summary.csv
saved_figures=outputs/stage1000_true_proposed_s8s9_independent_nenv32/figures
saved_report=outputs/stage1000_true_proposed_s8s9_independent_nenv32/运行记录.md
