Using cuda device
/root/autodl-tmp/projects/sb3/stable-baselines3-master/stable_baselines3/common/on_policy_algorithm.py:150: UserWarning: You are trying to run PPO on the GPU, but it is primarily intended to run on the CPU when not using a CNN policy (you are using ActorCriticPolicy which should be a MlpPolicy). See https://github.com/DLR-RM/stable-baselines3/issues/1245 for more info. You can pass `device='cpu'` or `export CUDA_VISIBLE_DEVICES=` to force using the CPU.Note: The model will train, but the GPU utilization will be poor and the training might take longer than on CPU.
  warnings.warn(
Logging to outputs/stage1000_true_proposed_s6s7_independent_nenv24/runs/proposed_ppo_s6/tensorboard/proposed_ppo_s6_1
------------------------------------
| paper/                |          |
|    accel_variation    | 0.857    |
|    base_reward        | 4.02     |
|    collision          | 0        |
|    crash_object       | 0        |
|    crash_vehicle      | 0        |
|    episode_cost       | 0        |
|    episode_length     | 600      |
|    jerk               | 0.672    |
|    lane_deviation     | 0.325    |
|    max_lane_deviation | 0.78     |
|    mean_speed_kmh     | 0.716    |
|    min_ttc            | nan      |
|    out_of_road        | 0        |
|    route_completion   | 0.083    |
|    shaped_reward      | -144     |
|    steering_variation | 0.853    |
|    success            | 0        |
|    ttc_risk           | 0        |
| rollout/              |          |
|    ep_len_mean        | 600      |
|    ep_rew_mean        | -106     |
|    success_rate       | 0        |
| time/                 |          |
|    fps                | 1582     |
|    iterations         | 1        |
|    time_elapsed       | 15       |
|    total_timesteps    | 24576    |
------------------------------------
---------------------------------------------
| curriculum/                |              |
|    stage                   | 0            |
|    window_cost             | 0.0333       |
|    window_route_completion | 0.112        |
|    window_success          | 0            |
| paper/                     |              |
|    accel_variation         | 0.75         |
|    base_reward             | 6.71         |
|    collision               | 0            |
|    crash_object            | 0            |
|    crash_vehicle           | 0            |
|    episode_cost            | 0            |
|    episode_length          | 600          |
|    jerk                    | 0.61         |
|    lane_deviation          | 0.176        |
|    max_lane_deviation      | 0.303        |
|    mean_speed_kmh          | 0.776        |
|    min_ttc                 | nan          |
|    out_of_road             | 0            |
|    route_completion        | 0.127        |
|    shaped_reward           | -100         |
|    steering_variation      | 0.838        |
|    success                 | 0            |
|    ttc_risk                | 0            |
| rollout/                   |              |
|    ep_len_mean             | 600          |
|    ep_rew_mean             | -107         |
|    success_rate            | 0            |
| time/                      |              |
|    fps                     | 1158         |
|    iterations              | 2            |
|    time_elapsed            | 42           |
|    total_timesteps         | 49152        |
| train/                     |              |
|    approx_kl               | 0.0064006443 |
|    clip_fraction           | 0.0877       |
|    clip_range              | 0.2          |
|    entropy_loss            | -2.82        |
|    explained_variance      | -0.0108      |
|    learning_rate           | 0.0003       |
|    loss                    | 0.259        |
|    n_updates               | 10           |
|    policy_gradient_loss    | -0.0048      |
|    std                     | 0.988        |
|    value_loss              | 0.555        |
---------------------------------------------
---------------------------------------------
| curriculum/                |              |
|    stage                   | 0            |
|    window_cost             | 0.0333       |
|    window_route_completion | 0.143        |
|    window_success          | 0            |
| paper/                     |              |
|    accel_variation         | 0.78         |
|    base_reward             | 4.45         |
|    collision               | 0            |
|    crash_object            | 0            |
|    crash_vehicle           | 0            |
|    episode_cost            | 0            |
|    episode_length          | 600          |
|    jerk                    | 0.598        |
|    lane_deviation          | 0.395        |
|    max_lane_deviation      | 0.795        |
|    mean_speed_kmh          | 0.824        |
|    min_ttc                 | nan          |
|    out_of_road             | 0            |
|    route_completion        | 0.12         |
|    shaped_reward           | -152         |
|    steering_variation      | 0.819        |
|    success                 | 0            |
|    ttc_risk                | 0            |
| rollout/                   |              |
|    ep_len_mean             | 597          |
|    ep_rew_mean             | -115         |
|    success_rate            | 0            |
| time/                      |              |
|    fps                     | 1133         |
|    iterations              | 3            |
|    time_elapsed            | 65           |
|    total_timesteps         | 73728        |
| train/                     |              |
|    approx_kl               | 0.0076285414 |
|    clip_fraction           | 0.085        |
|    clip_range              | 0.2          |
|    entropy_loss            | -2.8         |
|    explained_variance      | 0.0105       |
|    learning_rate           | 0.0003       |
|    loss                    | 0.635        |
|    n_updates               | 20           |
|    policy_gradient_loss    | -0.00258     |
|    std                     | 0.977        |
|    value_loss              | 7.3          |
---------------------------------------------
-------------------------------------------
| curriculum/                |            |
|    stage                   | 0          |
|    window_cost             | 0.233      |
|    window_route_completion | 0.173      |
|    window_success          | 0          |
| paper/                     |            |
|    accel_variation         | 0.695      |
|    base_reward             | -3.95      |
|    collision               | 0          |
|    crash_object            | 0          |
|    crash_vehicle           | 0          |
|    episode_cost            | 1          |
|    episode_length          | 493        |
|    jerk                    | 0.54       |
|    lane_deviation          | 0.465      |
|    max_lane_deviation      | 1.04       |
|    mean_speed_kmh          | 1.15       |
|    min_ttc                 | nan        |
|    out_of_road             | 1          |
|    route_completion        | 0.195      |
|    shaped_reward           | -269       |
|    steering_variation      | 0.883      |
|    success                 | 0          |
|    ttc_risk                | 0          |
| rollout/                   |            |
|    ep_len_mean             | 585        |
|    ep_rew_mean             | -130       |
|    success_rate            | 0          |
| time/                      |            |
|    fps                     | 1110       |
|    iterations              | 4          |
|    time_elapsed            | 88         |
|    total_timesteps         | 98304      |
| train/                     |            |
|    approx_kl               | 0.00509334 |
|    clip_fraction           | 0.0647     |
|    clip_range              | 0.2        |
|    entropy_loss            | -2.79      |
|    explained_variance      | 0.124      |
|    learning_rate           | 0.0003     |
|    loss                    | 1.51       |
|    n_updates               | 30         |
|    policy_gradient_loss    | -0.00163   |
|    std                     | 0.971      |
|    value_loss              | 16.1       |
-------------------------------------------
---------------------------------------------
| curriculum/                |              |
|    stage                   | 0            |
|    window_cost             | 0.133        |
|    window_route_completion | 0.203        |
|    window_success          | 0            |
| paper/                     |              |
|    accel_variation         | 0.751        |
|    base_reward             | 9.35         |
|    collision               | 0            |
|    crash_object            | 0            |
|    crash_vehicle           | 0            |
|    episode_cost            | 0            |
|    episode_length          | 600          |
|    jerk                    | 0.599        |
|    lane_deviation          | 0.399        |
|    max_lane_deviation      | 0.999        |
|    mean_speed_kmh          | 1.2          |
|    min_ttc                 | nan          |
|    out_of_road             | 0            |
|    route_completion        | 0.159        |
|    shaped_reward           | -160         |
|    steering_variation      | 0.808        |
|    success                 | 0            |
|    ttc_risk                | 0            |
| rollout/                   |              |
|    ep_len_mean             | 577          |
|    ep_rew_mean             | -152         |
|    success_rate            | 0            |
| time/                      |              |
|    fps                     | 1097         |
|    iterations              | 5            |
|    time_elapsed            | 111          |
|    total_timesteps         | 122880       |
| train/                     |              |
|    approx_kl               | 0.0035475623 |
|    clip_fraction           | 0.0298       |
|    clip_range              | 0.2          |
|    entropy_loss            | -2.78        |
|    explained_variance      | 0.413        |
|    learning_rate           | 0.0003       |
|    loss                    | 23.3         |
|    n_updates               | 40           |
|    policy_gradient_loss    | -0.00116     |
|    std                     | 0.97         |
|    value_loss              | 27.9         |
---------------------------------------------
---------------------------------------------
| curriculum/                |              |
|    stage                   | 0            |
|    window_cost             | 0.0667       |
|    window_route_completion | 0.245        |
|    window_success          | 0            |
| paper/                     |              |
|    accel_variation         | 0.677        |
|    base_reward             | 9.86         |
|    collision               | 0            |
|    crash_object            | 0            |
|    crash_vehicle           | 0            |
|    episode_cost            | 0            |
|    episode_length          | 600          |
|    jerk                    | 0.534        |
|    lane_deviation          | 0.857        |
|    max_lane_deviation      | 2            |
|    mean_speed_kmh          | 1.79         |
|    min_ttc                 | nan          |
|    out_of_road             | 0            |
|    route_completion        | 0.296        |
|    shaped_reward           | -449         |
|    steering_variation      | 0.758        |
|    success                 | 0            |
|    ttc_risk                | 0            |
| rollout/                   |              |
|    ep_len_mean             | 586          |
|    ep_rew_mean             | -196         |
|    success_rate            | 0            |
| time/                      |              |
|    fps                     | 1081         |
|    iterations              | 6            |
|    time_elapsed            | 136          |
|    total_timesteps         | 147456       |
| train/                     |              |
|    approx_kl               | 0.0033447964 |
|    clip_fraction           | 0.028        |
|    clip_range              | 0.2          |
|    entropy_loss            | -2.77        |
|    explained_variance      | 0.505        |
|    learning_rate           | 0.0003       |
|    loss                    | 7.91         |
|    n_updates               | 50           |
|    policy_gradient_loss    | -0.00169     |
|    std                     | 0.962        |
|    value_loss              | 24.5         |
---------------------------------------------
---------------------------------------------
| curriculum/                |              |
|    stage                   | 0            |
|    window_cost             | 0.2          |
|    window_route_completion | 0.285        |
|    window_success          | 0            |
| paper/                     |              |
|    accel_variation         | 0.626        |
|    base_reward             | 9.1          |
|    collision               | 0            |
|    crash_object            | 0            |
|    crash_vehicle           | 0            |
|    episode_cost            | 0            |
|    episode_length          | 600          |
|    jerk                    | 0.523        |
|    lane_deviation          | 1.18         |
|    max_lane_deviation      | 2            |
|    mean_speed_kmh          | 2.18         |
|    min_ttc                 | nan          |
|    out_of_road             | 0            |
|    route_completion        | 0.39         |
|    shaped_reward           | -636         |
|    steering_variation      | 0.801        |
|    success                 | 0            |
|    ttc_risk                | 0            |
| rollout/                   |              |
|    ep_len_mean             | 589          |
|    ep_rew_mean             | -256         |
|    success_rate            | 0            |
| time/                      |              |
|    fps                     | 1079         |
|    iterations              | 7            |
|    time_elapsed            | 159          |
|    total_timesteps         | 172032       |
| train/                     |              |
|    approx_kl               | 0.0040133274 |
|    clip_fraction           | 0.023        |
|    clip_range              | 0.2          |
|    entropy_loss            | -2.75        |
|    explained_variance      | 0.44         |
|    learning_rate           | 0.0003       |
|    loss                    | 6.66         |
|    n_updates               | 60           |
|    policy_gradient_loss    | -0.000645    |
|    std                     | 0.955        |
|    value_loss              | 25.3         |
---------------------------------------------
---------------------------------------------
| curriculum/                |              |
|    stage                   | 0            |
|    window_cost             | 0.167        |
|    window_route_completion | 0.291        |
|    window_success          | 0            |
| paper/                     |              |
|    accel_variation         | 0.63         |
|    base_reward             | 21.6         |
|    collision               | 0            |
|    crash_object            | 0            |
|    crash_vehicle           | 0            |
|    episode_cost            | 0            |
|    episode_length          | 600          |
|    jerk                    | 0.523        |
|    lane_deviation          | 0.397        |
|    max_lane_deviation      | 1.12         |
|    mean_speed_kmh          | 2.33         |
|    min_ttc                 | nan          |
|    out_of_road             | 0            |
|    route_completion        | 0.323        |
|    shaped_reward           | -119         |
|    steering_variation      | 0.796        |
|    success                 | 0            |
|    ttc_risk                | 0            |
| rollout/                   |              |
|    ep_len_mean             | 580          |
|    ep_rew_mean             | -333         |
|    success_rate            | 0            |
| time/                      |              |
|    fps                     | 1077         |
|    iterations              | 8            |
|    time_elapsed            | 182          |
|    total_timesteps         | 196608       |
| train/                     |              |
|    approx_kl               | 0.0023357125 |
|    clip_fraction           | 0.0143       |
|    clip_range              | 0.2          |
|    entropy_loss            | -2.75        |
|    explained_variance      | 0.785        |
|    learning_rate           | 0.0003       |
|    loss                    | 8.96         |
|    n_updates               | 70           |
|    policy_gradient_loss    | -0.000464    |
|    std                     | 0.959        |
|    value_loss              | 37.3         |
---------------------------------------------
---------------------------------------------
| curriculum/                |              |
|    stage                   | 0            |
|    window_cost             | 0.0333       |
|    window_route_completion | 0.272        |
|    window_success          | 0            |
| paper/                     |              |
|    accel_variation         | 0.735        |
|    base_reward             | 15.3         |
|    collision               | 0            |
|    crash_object            | 0            |
|    crash_vehicle           | 0            |
|    episode_cost            | 0            |
|    episode_length          | 600          |
|    jerk                    | 0.611        |
|    lane_deviation          | 0.388        |
|    max_lane_deviation      | 0.994        |
|    mean_speed_kmh          | 1.59         |
|    min_ttc                 | nan          |
|    out_of_road             | 0            |
|    route_completion        | 0.224        |
|    shaped_reward           | -128         |
|    steering_variation      | 0.835        |
|    success                 | 0            |
|    ttc_risk                | 0            |
| rollout/                   |              |
|    ep_len_mean             | 576          |
|    ep_rew_mean             | -333         |
|    success_rate            | 0            |
| time/                      |              |
|    fps                     | 1073         |
|    iterations              | 9            |
|    time_elapsed            | 206          |
|    total_timesteps         | 221184       |
| train/                     |              |
|    approx_kl               | 0.0017737723 |
|    clip_fraction           | 0.0157       |
|    clip_range              | 0.2          |
|    entropy_loss            | -2.75        |
|    explained_variance      | 0.893        |
|    learning_rate           | 0.0003       |
|    loss                    | 19.7         |
|    n_updates               | 80           |
|    policy_gradient_loss    | -0.000563    |
|    std                     | 0.958        |
|    value_loss              | 38.2         |
---------------------------------------------
--------------------------------------------
| curriculum/                |             |
|    stage                   | 0           |
|    window_cost             | 0.0333      |
|    window_route_completion | 0.286       |
|    window_success          | 0           |
| paper/                     |             |
|    accel_variation         | 0.697       |
|    base_reward             | 12.1        |
|    collision               | 0           |
|    crash_object            | 0           |
|    crash_vehicle           | 0           |
|    episode_cost            | 0           |
|    episode_length          | 600         |
|    jerk                    | 0.547       |
|    lane_deviation          | 0.545       |
|    max_lane_deviation      | 1.43        |
|    mean_speed_kmh          | 1.84        |
|    min_ttc                 | nan         |
|    out_of_road             | 0           |
|    route_completion        | 0.302       |
|    shaped_reward           | -179        |
|    steering_variation      | 0.81        |
|    success                 | 0           |
|    ttc_risk                | 0           |
| rollout/                   |             |
|    ep_len_mean             | 589         |
|    ep_rew_mean             | -271        |
|    success_rate            | 0           |
| time/                      |             |
|    fps                     | 1071        |
|    iterations              | 10          |
|    time_elapsed            | 229         |
|    total_timesteps         | 245760      |
| train/                     |             |
|    approx_kl               | 0.002386137 |
|    clip_fraction           | 0.0321      |
|    clip_range              | 0.2         |
|    entropy_loss            | -2.76       |
|    explained_variance      | 0.943       |
|    learning_rate           | 0.0003      |
|    loss                    | 17.9        |
|    n_updates               | 90          |
|    policy_gradient_loss    | -0.00141    |
|    std                     | 0.961       |
|    value_loss              | 26.8        |
--------------------------------------------
---------------------------------------------
| curriculum/                |              |
|    stage                   | 0            |
|    window_cost             | 0.0667       |
|    window_route_completion | 0.36         |
|    window_success          | 0            |
| paper/                     |              |
|    accel_variation         | 0.67         |
|    base_reward             | 21.5         |
|    collision               | 0            |
|    crash_object            | 0            |
|    crash_vehicle           | 0            |
|    episode_cost            | 0            |
|    episode_length          | 600          |
|    jerk                    | 0.529        |
|    lane_deviation          | 0.403        |
|    max_lane_deviation      | 1            |
|    mean_speed_kmh          | 2.14         |
|    min_ttc                 | nan          |
|    out_of_road             | 0            |
|    route_completion        | 0.368        |
|    shaped_reward           | -106         |
|    steering_variation      | 0.807        |
|    success                 | 0            |
|    ttc_risk                | 0            |
| rollout/                   |              |
|    ep_len_mean             | 590          |
|    ep_rew_mean             | -215         |
|    success_rate            | 0            |
| time/                      |              |
|    fps                     | 1090         |
|    iterations              | 11           |
|    time_elapsed            | 247          |
|    total_timesteps         | 270336       |
| train/                     |              |
|    approx_kl               | 0.0060317256 |
|    clip_fraction           | 0.064        |
|    clip_range              | 0.2          |
|    entropy_loss            | -2.75        |
|    explained_variance      | 0.965        |
|    learning_rate           | 0.0003       |
|    loss                    | 10.1         |
|    n_updates               | 100          |
|    policy_gradient_loss    | -0.00406     |
|    std                     | 0.958        |
|    value_loss              | 24.7         |
---------------------------------------------
--------------------------------------------
| curriculum/                |             |
|    stage                   | 0           |
|    window_cost             | 0.2         |
|    window_route_completion | 0.368       |
|    window_success          | 0           |
| paper/                     |             |
|    accel_variation         | 0.567       |
|    base_reward             | 23.3        |
|    collision               | 0           |
|    crash_object            | 0           |
|    crash_vehicle           | 0           |
|    episode_cost            | 0           |
|    episode_length          | 600         |
|    jerk                    | 0.484       |
|    lane_deviation          | 0.52        |
|    max_lane_deviation      | 1.38        |
|    mean_speed_kmh          | 2.99        |
|    min_ttc                 | nan         |
|    out_of_road             | 0           |
|    route_completion        | 0.422       |
|    shaped_reward           | -132        |
|    steering_variation      | 0.778       |
|    success                 | 0           |
|    ttc_risk                | 0           |
| rollout/                   |             |
|    ep_len_mean             | 576         |
|    ep_rew_mean             | -145        |
|    success_rate            | 0           |
| time/                      |             |
|    fps                     | 1103        |
|    iterations              | 12          |
|    time_elapsed            | 267         |
|    total_timesteps         | 294912      |
| train/                     |             |
|    approx_kl               | 0.008985474 |
|    clip_fraction           | 0.093       |
|    clip_range              | 0.2         |
|    entropy_loss            | -2.73       |
|    explained_variance      | 0.946       |
|    learning_rate           | 0.0003      |
|    loss                    | 10.1        |
|    n_updates               | 110         |
|    policy_gradient_loss    | -0.00325    |
|    std                     | 0.939       |
|    value_loss              | 22.3        |
--------------------------------------------
-------------------------------------------
| curriculum/                |            |
|    stage                   | 0          |
|    window_cost             | 0          |
|    window_route_completion | 0.449      |
|    window_success          | 0          |
| paper/                     |            |
|    accel_variation         | 0.62       |
|    base_reward             | 36.3       |
|    collision               | 0          |
|    crash_object            | 0          |
|    crash_vehicle           | 0          |
|    episode_cost            | 0          |
|    episode_length          | 600        |
|    jerk                    | 0.528      |
|    lane_deviation          | 0.176      |
|    max_lane_deviation      | 0.342      |
|    mean_speed_kmh          | 2.65       |
|    min_ttc                 | nan        |
|    out_of_road             | 0          |
|    route_completion        | 0.421      |
|    shaped_reward           | -30.7      |
|    steering_variation      | 0.782      |
|    success                 | 0          |
|    ttc_risk                | 0          |
| rollout/                   |            |
|    ep_len_mean             | 580        |
|    ep_rew_mean             | -101       |
|    success_rate            | 0          |
| time/                      |            |
|    fps                     | 1121       |
|    iterations              | 13         |
|    time_elapsed            | 284        |
|    total_timesteps         | 319488     |
| train/                     |            |
|    approx_kl               | 0.00734948 |
|    clip_fraction           | 0.103      |
|    clip_range              | 0.2        |
|    entropy_loss            | -2.68      |
|    explained_variance      | 0.833      |
|    learning_rate           | 0.0003     |
|    loss                    | 9.67       |
|    n_updates               | 120        |
|    policy_gradient_loss    | -0.00223   |
|    std                     | 0.918      |
|    value_loss              | 26.8       |
-------------------------------------------
--------------------------------------------
| curriculum/                |             |
|    stage                   | 0           |
|    window_cost             | 0.0333      |
|    window_route_completion | 0.504       |
|    window_success          | 0           |
| paper/                     |             |
|    accel_variation         | 0.604       |
|    base_reward             | 40.4        |
|    collision               | 0           |
|    crash_object            | 0           |
|    crash_vehicle           | 0           |
|    episode_cost            | 0           |
|    episode_length          | 600         |
|    jerk                    | 0.492       |
|    lane_deviation          | 0.208       |
|    max_lane_deviation      | 0.43        |
|    mean_speed_kmh          | 3.03        |
|    min_ttc                 | nan         |
|    out_of_road             | 0           |
|    route_completion        | 0.458       |
|    shaped_reward           | -28.7       |
|    steering_variation      | 0.727       |
|    success                 | 0           |
|    ttc_risk                | 0           |
| rollout/                   |             |
|    ep_len_mean             | 590         |
|    ep_rew_mean             | -73.9       |
|    success_rate            | 0           |
| time/                      |             |
|    fps                     | 1141        |
|    iterations              | 14          |
|    time_elapsed            | 301         |
|    total_timesteps         | 344064      |
| train/                     |             |
|    approx_kl               | 0.014907494 |
|    clip_fraction           | 0.169       |
|    clip_range              | 0.2         |
|    entropy_loss            | -2.59       |
|    explained_variance      | 0.885       |
|    learning_rate           | 0.0003      |
|    loss                    | 3.57        |
|    n_updates               | 130         |
|    policy_gradient_loss    | -0.00687    |
|    std                     | 0.875       |
|    value_loss              | 9.94        |
--------------------------------------------
---------------------------------------------
| curriculum/                |              |
|    stage                   | 1            |
|    window_cost             | 0            |
|    window_route_completion | 0.654        |
|    window_success          | 0.0333       |
| paper/                     |              |
|    accel_variation         | 0.49         |
|    base_reward             | 92.3         |
|    collision               | 0            |
|    crash_object            | 0            |
|    crash_vehicle           | 0            |
|    episode_cost            | 0            |
|    episode_length          | 611          |
|    jerk                    | 0.396        |
|    lane_deviation          | 0.199        |
|    max_lane_deviation      | 0.657        |
|    mean_speed_kmh          | 5.4          |
|    min_ttc                 | nan          |
|    out_of_road             | 0            |
|    route_completion        | 0.952        |
|    shaped_reward           | 90.1         |
|    steering_variation      | 0.733        |
|    success                 | 1            |
|    ttc_risk                | 0            |
| rollout/                   |              |
|    ep_len_mean             | 610          |
|    ep_rew_mean             | -30          |
|    success_rate            | 0.1          |
| time/                      |              |
|    fps                     | 1155         |
|    iterations              | 15           |
|    time_elapsed            | 319          |
|    total_timesteps         | 368640       |
| train/                     |              |
|    approx_kl               | 0.0147962235 |
|    clip_fraction           | 0.232        |
|    clip_range              | 0.2          |
|    entropy_loss            | -2.51        |
|    explained_variance      | 0.662        |
|    learning_rate           | 0.0003       |
|    loss                    | 2.63         |
|    n_updates               | 140          |
|    policy_gradient_loss    | -0.000463    |
|    std                     | 0.838        |
|    value_loss              | 6.94         |
---------------------------------------------
--------------------------------------------
| curriculum/                |             |
|    stage                   | 1           |
|    window_cost             | 0.0667      |
|    window_route_completion | 0.556       |
|    window_success          | 0.133       |
| paper/                     |             |
|    accel_variation         | 0.454       |
|    base_reward             | 115         |
|    collision               | 0           |
|    crash_object            | 0           |
|    crash_vehicle           | 0           |
|    episode_cost            | 0           |
|    episode_length          | 800         |
|    jerk                    | 0.393       |
|    lane_deviation          | 0.213       |
|    max_lane_deviation      | 0.603       |
|    mean_speed_kmh          | 6.52        |
|    min_ttc                 | nan         |
|    out_of_road             | 0           |
|    route_completion        | 0.335       |
|    shaped_reward           | 14.3        |
|    steering_variation      | 0.696       |
|    success                 | 0           |
|    ttc_risk                | 0           |
| rollout/                   |             |
|    ep_len_mean             | 660         |
|    ep_rew_mean             | -8.8        |
|    success_rate            | 0.16        |
| time/                      |             |
|    fps                     | 1144        |
|    iterations              | 16          |
|    time_elapsed            | 343         |
|    total_timesteps         | 393216      |
| train/                     |             |
|    approx_kl               | 0.013809391 |
|    clip_fraction           | 0.215       |
|    clip_range              | 0.2         |
|    entropy_loss            | -2.42       |
|    explained_variance      | 0.0557      |
|    learning_rate           | 0.0003      |
|    loss                    | 10.5        |
|    n_updates               | 150         |
|    policy_gradient_loss    | 0.000678    |
|    std                     | 0.799       |
|    value_loss              | 25          |
--------------------------------------------
---------------------------------------------
| curriculum/                |              |
|    stage                   | 1            |
|    window_cost             | 0            |
|    window_route_completion | 0.444        |
|    window_success          | 0            |
| paper/                     |              |
|    accel_variation         | 0.383        |
|    base_reward             | 166          |
|    collision               | 0            |
|    crash_object            | 0            |
|    crash_vehicle           | 0            |
|    episode_cost            | 0            |
|    episode_length          | 800          |
|    jerk                    | 0.316        |
|    lane_deviation          | 0.252        |
|    max_lane_deviation      | 0.858        |
|    mean_speed_kmh          | 10           |
|    min_ttc                 | nan          |
|    out_of_road             | 0            |
|    route_completion        | 0.638        |
|    shaped_reward           | 49.6         |
|    steering_variation      | 0.678        |
|    success                 | 0            |
|    ttc_risk                | 0            |
| rollout/                   |              |
|    ep_len_mean             | 720          |
|    ep_rew_mean             | 0.454        |
|    success_rate            | 0.16         |
| time/                      |              |
|    fps                     | 1119         |
|    iterations              | 17           |
|    time_elapsed            | 373          |
|    total_timesteps         | 417792       |
| train/                     |              |
|    approx_kl               | 0.0150206685 |
|    clip_fraction           | 0.212        |
|    clip_range              | 0.2          |
|    entropy_loss            | -2.34        |
|    explained_variance      | 0.425        |
|    learning_rate           | 0.0003       |
|    loss                    | 2.45         |
|    n_updates               | 160          |
|    policy_gradient_loss    | 0.000952     |
|    std                     | 0.765        |
|    value_loss              | 14.2         |
---------------------------------------------
--------------------------------------------
| curriculum/                |             |
|    stage                   | 1           |
|    window_cost             | 0.0333      |
|    window_route_completion | 0.579       |
|    window_success          | 0.1         |
| paper/                     |             |
|    accel_variation         | 0.364       |
|    base_reward             | 210         |
|    collision               | 0           |
|    crash_object            | 0           |
|    crash_vehicle           | 0           |
|    episode_cost            | 0           |
|    episode_length          | 800         |
|    jerk                    | 0.315       |
|    lane_deviation          | 0.251       |
|    max_lane_deviation      | 0.976       |
|    mean_speed_kmh          | 12.3        |
|    min_ttc                 | 10.3        |
|    out_of_road             | 0           |
|    route_completion        | 0.638       |
|    shaped_reward           | 74.7        |
|    steering_variation      | 0.629       |
|    success                 | 0           |
|    ttc_risk                | 0           |
| rollout/                   |             |
|    ep_len_mean             | 769         |
|    ep_rew_mean             | 4.92        |
|    success_rate            | 0.13        |
| time/                      |             |
|    fps                     | 1072        |
|    iterations              | 18          |
|    time_elapsed            | 412         |
|    total_timesteps         | 442368      |
| train/                     |             |
|    approx_kl               | 0.018348873 |
|    clip_fraction           | 0.239       |
|    clip_range              | 0.2         |
|    entropy_loss            | -2.23       |
|    explained_variance      | 0.525       |
|    learning_rate           | 0.0003      |
|    loss                    | 1.83        |
|    n_updates               | 170         |
|    policy_gradient_loss    | 0.00161     |
|    std                     | 0.732       |
|    value_loss              | 3.92        |
--------------------------------------------
--------------------------------------------
| curriculum/                |             |
|    stage                   | 1           |
|    window_cost             | 0.0333      |
|    window_route_completion | 0.736       |
|    window_success          | 0.233       |
| paper/                     |             |
|    accel_variation         | 0.395       |
|    base_reward             | 195         |
|    collision               | 0           |
|    crash_object            | 0           |
|    crash_vehicle           | 0           |
|    episode_cost            | 0           |
|    episode_length          | 800         |
|    jerk                    | 0.329       |
|    lane_deviation          | 0.203       |
|    max_lane_deviation      | 0.975       |
|    mean_speed_kmh          | 11          |
|    min_ttc                 | 11.8        |
|    out_of_road             | 0           |
|    route_completion        | 0.673       |
|    shaped_reward           | 75.8        |
|    steering_variation      | 0.629       |
|    success                 | 0           |
|    ttc_risk                | 0           |
| rollout/                   |             |
|    ep_len_mean             | 787         |
|    ep_rew_mean             | 13.3        |
|    success_rate            | 0.1         |
| time/                      |             |
|    fps                     | 1043        |
|    iterations              | 19          |
|    time_elapsed            | 447         |
|    total_timesteps         | 466944      |
| train/                     |             |
|    approx_kl               | 0.020092277 |
|    clip_fraction           | 0.189       |
|    clip_range              | 0.2         |
|    entropy_loss            | -2.17       |
|    explained_variance      | 0.692       |
|    learning_rate           | 0.0003      |
|    loss                    | 2.28        |
|    n_updates               | 180         |
|    policy_gradient_loss    | 0.00262     |
|    std                     | 0.705       |
|    value_loss              | 9.65        |
--------------------------------------------
-------------------------------------------
| curriculum/                |            |
|    stage                   | 1          |
|    window_cost             | 0.167      |
|    window_route_completion | 0.674      |
|    window_success          | 0.0667     |
| paper/                     |            |
|    accel_variation         | 0.363      |
|    base_reward             | 29.3       |
|    collision               | 1          |
|    crash_object            | 0          |
|    crash_vehicle           | 1          |
|    episode_cost            | 1          |
|    episode_length          | 176        |
|    jerk                    | 0.294      |
|    lane_deviation          | 0.201      |
|    max_lane_deviation      | 0.557      |
|    mean_speed_kmh          | 10.1       |
|    min_ttc                 | 1.86       |
|    out_of_road             | 0          |
|    route_completion        | 0.169      |
|    shaped_reward           | -122       |
|    steering_variation      | 0.61       |
|    success                 | 0          |
|    ttc_risk                | 0.00465    |
| rollout/                   |            |
|    ep_len_mean             | 758        |
|    ep_rew_mean             | 23.9       |
|    success_rate            | 0.13       |
| time/                      |            |
|    fps                     | 1013       |
|    iterations              | 20         |
|    time_elapsed            | 484        |
|    total_timesteps         | 491520     |
| train/                     |            |
|    approx_kl               | 0.08425786 |
|    clip_fraction           | 0.167      |
|    clip_range              | 0.2        |
|    entropy_loss            | -2.11      |
|    explained_variance      | 0.642      |
|    learning_rate           | 0.0003     |
|    loss                    | 5.08       |
|    n_updates               | 190        |
|    policy_gradient_loss    | 0.00258    |
|    std                     | 0.686      |
|    value_loss              | 15.9       |
-------------------------------------------
-------------------------------------------
| curriculum/                |            |
|    stage                   | 2          |
|    window_cost             | 0.1        |
|    window_route_completion | 0.81       |
|    window_success          | 0.367      |
| paper/                     |            |
|    accel_variation         | 0.358      |
|    base_reward             | 229        |
|    collision               | 0          |
|    crash_object            | 0          |
|    crash_vehicle           | 0          |
|    episode_cost            | 0          |
|    episode_length          | 662        |
|    jerk                    | 0.295      |
|    lane_deviation          | 0.233      |
|    max_lane_deviation      | 0.654      |
|    mean_speed_kmh          | 14.6       |
|    min_ttc                 | nan        |
|    out_of_road             | 0          |
|    route_completion        | 0.982      |
|    shaped_reward           | 161        |
|    steering_variation      | 0.626      |
|    success                 | 1          |
|    ttc_risk                | 0          |
| rollout/                   |            |
|    ep_len_mean             | 742        |
|    ep_rew_mean             | 37.8       |
|    success_rate            | 0.21       |
| time/                      |            |
|    fps                     | 997        |
|    iterations              | 21         |
|    time_elapsed            | 517        |
|    total_timesteps         | 516096     |
| train/                     |            |
|    approx_kl               | 0.00817902 |
|    clip_fraction           | 0.123      |
|    clip_range              | 0.2        |
|    entropy_loss            | -2.05      |
|    explained_variance      | 0.45       |
|    learning_rate           | 0.0003     |
|    loss                    | 26.2       |
|    n_updates               | 200        |
|    policy_gradient_loss    | -0.00203   |
|    std                     | 0.668      |
|    value_loss              | 42.6       |
-------------------------------------------
----------------------------------------
| paper/                  |            |
|    accel_variation      | 0.38       |
|    base_reward          | 365        |
|    collision            | 0          |
|    crash_object         | 0          |
|    crash_vehicle        | 0          |
|    episode_cost         | 0          |
|    episode_length       | 890        |
|    jerk                 | 0.333      |
|    lane_deviation       | 0.158      |
|    max_lane_deviation   | 0.692      |
|    mean_speed_kmh       | 16.2       |
|    min_ttc              | nan        |
|    out_of_road          | 0          |
|    route_completion     | 0.988      |
|    shaped_reward        | 233        |
|    steering_variation   | 0.599      |
|    success              | 1          |
|    ttc_risk             | 0          |
| rollout/                |            |
|    ep_len_mean          | 748        |
|    ep_rew_mean          | 62.6       |
|    success_rate         | 0.3        |
| time/                   |            |
|    fps                  | 959        |
|    iterations           | 22         |
|    time_elapsed         | 563        |
|    total_timesteps      | 540672     |
| train/                  |            |
|    approx_kl            | 0.09775009 |
|    clip_fraction        | 0.204      |
|    clip_range           | 0.2        |
|    entropy_loss         | -1.98      |
|    explained_variance   | 0.812      |
|    learning_rate        | 0.0003     |
|    loss                 | 3.79       |
|    n_updates            | 210        |
|    policy_gradient_loss | 0.00301    |
|    std                  | 0.643      |
|    value_loss           | 26         |
----------------------------------------
--------------------------------------------
| curriculum/                |             |
|    stage                   | 3           |
|    window_cost             | 0.233       |
|    window_route_completion | 0.827       |
|    window_success          | 0.5         |
| paper/                     |             |
|    accel_variation         | 0.369       |
|    base_reward             | 347         |
|    collision               | 0           |
|    crash_object            | 0           |
|    crash_vehicle           | 0           |
|    episode_cost            | 0           |
|    episode_length          | 1000        |
|    jerk                    | 0.313       |
|    lane_deviation          | 0.219       |
|    max_lane_deviation      | 0.749       |
|    mean_speed_kmh          | 15.5        |
|    min_ttc                 | 6.17        |
|    out_of_road             | 0           |
|    route_completion        | 0.684       |
|    shaped_reward           | 145         |
|    steering_variation      | 0.556       |
|    success                 | 0           |
|    ttc_risk                | 0           |
| rollout/                   |             |
|    ep_len_mean             | 781         |
|    ep_rew_mean             | 61.9        |
|    success_rate            | 0.27        |
| time/                      |             |
|    fps                     | 899         |
|    iterations              | 23          |
|    time_elapsed            | 628         |
|    total_timesteps         | 565248      |
| train/                     |             |
|    approx_kl               | 0.019856244 |
|    clip_fraction           | 0.192       |
|    clip_range              | 0.2         |
|    entropy_loss            | -1.92       |
|    explained_variance      | 0.697       |
|    learning_rate           | 0.0003      |
|    loss                    | 5.7         |
|    n_updates               | 220         |
|    policy_gradient_loss    | 0.0056      |
|    std                     | 0.628       |
|    value_loss              | 36.2        |
--------------------------------------------
--------------------------------------------
| curriculum/                |             |
|    stage                   | 3           |
|    window_cost             | 0.2         |
|    window_route_completion | 0.512       |
|    window_success          | 0           |
| paper/                     |             |
|    accel_variation         | 0.407       |
|    base_reward             | 302         |
|    collision               | 0           |
|    crash_object            | 0           |
|    crash_vehicle           | 0           |
|    episode_cost            | 0           |
|    episode_length          | 1000        |
|    jerk                    | 0.338       |
|    lane_deviation          | 0.223       |
|    max_lane_deviation      | 0.812       |
|    mean_speed_kmh          | 13.8        |
|    min_ttc                 | 5.47        |
|    out_of_road             | 0           |
|    route_completion        | 0.454       |
|    shaped_reward           | 107         |
|    steering_variation      | 0.561       |
|    success                 | 0           |
|    ttc_risk                | 0.000564    |
| rollout/                   |             |
|    ep_len_mean             | 833         |
|    ep_rew_mean             | 52.7        |
|    success_rate            | 0.2         |
| time/                      |             |
|    fps                     | 844         |
|    iterations              | 24          |
|    time_elapsed            | 698         |
|    total_timesteps         | 589824      |
| train/                     |             |
|    approx_kl               | 0.083301716 |
|    clip_fraction           | 0.236       |
|    clip_range              | 0.2         |
|    entropy_loss            | -1.89       |
|    explained_variance      | 0.248       |
|    learning_rate           | 0.0003      |
|    loss                    | 38.5        |
|    n_updates               | 230         |
|    policy_gradient_loss    | 0.00394     |
|    std                     | 0.623       |
|    value_loss              | 55.9        |
--------------------------------------------
--------------------------------------------
| curriculum/                |             |
|    stage                   | 3           |
|    window_cost             | 0.2         |
|    window_route_completion | 0.492       |
|    window_success          | 0           |
| paper/                     |             |
|    accel_variation         | 0.368       |
|    base_reward             | 331         |
|    collision               | 0           |
|    crash_object            | 0           |
|    crash_vehicle           | 0           |
|    episode_cost            | 0           |
|    episode_length          | 1000        |
|    jerk                    | 0.342       |
|    lane_deviation          | 0.284       |
|    max_lane_deviation      | 1.19        |
|    mean_speed_kmh          | 16.1        |
|    min_ttc                 | 5.14        |
|    out_of_road             | 0           |
|    route_completion        | 0.443       |
|    shaped_reward           | 97.4        |
|    steering_variation      | 0.563       |
|    success                 | 0           |
|    ttc_risk                | 0.00033     |
| rollout/                   |             |
|    ep_len_mean             | 887         |
|    ep_rew_mean             | 45.2        |
|    success_rate            | 0.11        |
| time/                      |             |
|    fps                     | 801         |
|    iterations              | 25          |
|    time_elapsed            | 766         |
|    total_timesteps         | 614400      |
| train/                     |             |
|    approx_kl               | 0.015684035 |
|    clip_fraction           | 0.203       |
|    clip_range              | 0.2         |
|    entropy_loss            | -1.88       |
|    explained_variance      | 0.482       |
|    learning_rate           | 0.0003      |
|    loss                    | 9.24        |
|    n_updates               | 240         |
|    policy_gradient_loss    | 0.00365     |
|    std                     | 0.619       |
|    value_loss              | 34.5        |
--------------------------------------------
-------------------------------------------
| curriculum/                |            |
|    stage                   | 3          |
|    window_cost             | 0.333      |
|    window_route_completion | 0.443      |
|    window_success          | 0          |
| paper/                     |            |
|    accel_variation         | 0.368      |
|    base_reward             | 318        |
|    collision               | 0          |
|    crash_object            | 0          |
|    crash_vehicle           | 0          |
|    episode_cost            | 0          |
|    episode_length          | 1000       |
|    jerk                    | 0.334      |
|    lane_deviation          | 0.238      |
|    max_lane_deviation      | 0.992      |
|    mean_speed_kmh          | 14.7       |
|    min_ttc                 | 3.93       |
|    out_of_road             | 0          |
|    route_completion        | 0.444      |
|    shaped_reward           | 112        |
|    steering_variation      | 0.544      |
|    success                 | 0          |
|    ttc_risk                | 0.000377   |
| rollout/                   |            |
|    ep_len_mean             | 890        |
|    ep_rew_mean             | 19.6       |
|    success_rate            | 0          |
| time/                      |            |
|    fps                     | 753        |
|    iterations              | 26         |
|    time_elapsed            | 847        |
|    total_timesteps         | 638976     |
| train/                     |            |
|    approx_kl               | 0.01935576 |
|    clip_fraction           | 0.208      |
|    clip_range              | 0.2        |
|    entropy_loss            | -1.89      |
|    explained_variance      | 0.481      |
|    learning_rate           | 0.0003     |
|    loss                    | 10.4       |
|    n_updates               | 250        |
|    policy_gradient_loss    | 0.00538    |
|    std                     | 0.626      |
|    value_loss              | 37.1       |
-------------------------------------------
--------------------------------------------
| curriculum/                |             |
|    stage                   | 3           |
|    window_cost             | 0.233       |
|    window_route_completion | 0.489       |
|    window_success          | 0           |
| paper/                     |             |
|    accel_variation         | 0.36        |
|    base_reward             | 273         |
|    collision               | 0           |
|    crash_object            | 0           |
|    crash_vehicle           | 0           |
|    episode_cost            | 0           |
|    episode_length          | 1000        |
|    jerk                    | 0.345       |
|    lane_deviation          | 0.279       |
|    max_lane_deviation      | 0.969       |
|    mean_speed_kmh          | 13          |
|    min_ttc                 | 0.0292      |
|    out_of_road             | 0           |
|    route_completion        | 0.395       |
|    shaped_reward           | -151        |
|    steering_variation      | 0.517       |
|    success                 | 0           |
|    ttc_risk                | 0.0525      |
| rollout/                   |             |
|    ep_len_mean             | 904         |
|    ep_rew_mean             | 25.7        |
|    success_rate            | 0           |
| time/                      |             |
|    fps                     | 725         |
|    iterations              | 27          |
|    time_elapsed            | 914         |
|    total_timesteps         | 663552      |
| train/                     |             |
|    approx_kl               | 0.020587564 |
|    clip_fraction           | 0.167       |
|    clip_range              | 0.2         |
|    entropy_loss            | -1.88       |
|    explained_variance      | 0.548       |
|    learning_rate           | 0.0003      |
|    loss                    | 23          |
|    n_updates               | 260         |
|    policy_gradient_loss    | 0.000429    |
|    std                     | 0.62        |
|    value_loss              | 56.7        |
--------------------------------------------
--------------------------------------------
| curriculum/                |             |
|    stage                   | 3           |
|    window_cost             | 0.0667      |
|    window_route_completion | 0.5         |
|    window_success          | 0           |
| paper/                     |             |
|    accel_variation         | 0.342       |
|    base_reward             | 333         |
|    collision               | 0           |
|    crash_object            | 0           |
|    crash_vehicle           | 0           |
|    episode_cost            | 0           |
|    episode_length          | 1000        |
|    jerk                    | 0.31        |
|    lane_deviation          | 0.195       |
|    max_lane_deviation      | 1.17        |
|    mean_speed_kmh          | 14.7        |
|    min_ttc                 | 0.0882      |
|    out_of_road             | 0           |
|    route_completion        | 0.575       |
|    shaped_reward           | -50.4       |
|    steering_variation      | 0.537       |
|    success                 | 0           |
|    ttc_risk                | 0.0443      |
| rollout/                   |             |
|    ep_len_mean             | 903         |
|    ep_rew_mean             | 29.5        |
|    success_rate            | 0           |
| time/                      |             |
|    fps                     | 702         |
|    iterations              | 28          |
|    time_elapsed            | 979         |
|    total_timesteps         | 688128      |
| train/                     |             |
|    approx_kl               | 0.015412069 |
|    clip_fraction           | 0.178       |
|    clip_range              | 0.2         |
|    entropy_loss            | -1.87       |
|    explained_variance      | 0.573       |
|    learning_rate           | 0.0003      |
|    loss                    | 16.6        |
|    n_updates               | 270         |
|    policy_gradient_loss    | 0.00242     |
|    std                     | 0.615       |
|    value_loss              | 42.3        |
--------------------------------------------
--------------------------------------------
| curriculum/                |             |
|    stage                   | 3           |
|    window_cost             | 0.0333      |
|    window_route_completion | 0.548       |
|    window_success          | 0           |
| paper/                     |             |
|    accel_variation         | 0.479       |
|    base_reward             | 232         |
|    collision               | 1           |
|    crash_object            | 0           |
|    crash_vehicle           | 1           |
|    episode_cost            | 1           |
|    episode_length          | 991         |
|    jerk                    | 0.396       |
|    lane_deviation          | 0.15        |
|    max_lane_deviation      | 0.731       |
|    mean_speed_kmh          | 10.4        |
|    min_ttc                 | 4.5         |
|    out_of_road             | 0           |
|    route_completion        | 0.37        |
|    shaped_reward           | -56.2       |
|    steering_variation      | 0.552       |
|    success                 | 0           |
|    ttc_risk                | 0.00216     |
| rollout/                   |             |
|    ep_len_mean             | 919         |
|    ep_rew_mean             | 42          |
|    success_rate            | 0           |
| time/                      |             |
|    fps                     | 690         |
|    iterations              | 29          |
|    time_elapsed            | 1032        |
|    total_timesteps         | 712704      |
| train/                     |             |
|    approx_kl               | 0.015051237 |
|    clip_fraction           | 0.252       |
|    clip_range              | 0.2         |
|    entropy_loss            | -1.84       |
|    explained_variance      | 0.643       |
|    learning_rate           | 0.0003      |
|    loss                    | 6.74        |
|    n_updates               | 280         |
|    policy_gradient_loss    | 0.00918     |
|    std                     | 0.608       |
|    value_loss              | 26          |
--------------------------------------------
-------------------------------------------
| curriculum/                |            |
|    stage                   | 3          |
|    window_cost             | 0.3        |
|    window_route_completion | 0.502      |
|    window_success          | 0          |
| paper/                     |            |
|    accel_variation         | 0.406      |
|    base_reward             | 315        |
|    collision               | 0          |
|    crash_object            | 0          |
|    crash_vehicle           | 0          |
|    episode_cost            | 0          |
|    episode_length          | 1000       |
|    jerk                    | 0.331      |
|    lane_deviation          | 0.248      |
|    max_lane_deviation      | 0.98       |
|    mean_speed_kmh          | 14.8       |
|    min_ttc                 | 1.97       |
|    out_of_road             | 0          |
|    route_completion        | 0.525      |
|    shaped_reward           | 105        |
|    steering_variation      | 0.554      |
|    success                 | 0          |
|    ttc_risk                | 0.00123    |
| rollout/                   |            |
|    ep_len_mean             | 937        |
|    ep_rew_mean             | 42.6       |
|    success_rate            | 0          |
| time/                      |            |
|    fps                     | 676        |
|    iterations              | 30         |
|    time_elapsed            | 1089       |
|    total_timesteps         | 737280     |
| train/                     |            |
|    approx_kl               | 0.09074694 |
|    clip_fraction           | 0.212      |
|    clip_range              | 0.2        |
|    entropy_loss            | -1.82      |
|    explained_variance      | 0.805      |
|    learning_rate           | 0.0003     |
|    loss                    | 9.31       |
|    n_updates               | 290        |
|    policy_gradient_loss    | 0.00533    |
|    std                     | 0.601      |
|    value_loss              | 20.2       |
-------------------------------------------
--------------------------------------------
| curriculum/                |             |
|    stage                   | 3           |
|    window_cost             | 0.333       |
|    window_route_completion | 0.481       |
|    window_success          | 0           |
| paper/                     |             |
|    accel_variation         | 0.404       |
|    base_reward             | 313         |
|    collision               | 0           |
|    crash_object            | 0           |
|    crash_vehicle           | 0           |
|    episode_cost            | 0           |
|    episode_length          | 1000        |
|    jerk                    | 0.35        |
|    lane_deviation          | 0.177       |
|    max_lane_deviation      | 0.671       |
|    mean_speed_kmh          | 13.4        |
|    min_ttc                 | 2.44        |
|    out_of_road             | 0           |
|    route_completion        | 0.467       |
|    shaped_reward           | 115         |
|    steering_variation      | 0.565       |
|    success                 | 0           |
|    ttc_risk                | 0.00343     |
| rollout/                   |             |
|    ep_len_mean             | 925         |
|    ep_rew_mean             | 43.7        |
|    success_rate            | 0           |
| time/                      |             |
|    fps                     | 657         |
|    iterations              | 31          |
|    time_elapsed            | 1159        |
|    total_timesteps         | 761856      |
| train/                     |             |
|    approx_kl               | 0.010658649 |
|    clip_fraction           | 0.194       |
|    clip_range              | 0.2         |
|    entropy_loss            | -1.79       |
|    explained_variance      | 0.635       |
|    learning_rate           | 0.0003      |
|    loss                    | 6.56        |
|    n_updates               | 300         |
|    policy_gradient_loss    | 0.00174     |
|    std                     | 0.592       |
|    value_loss              | 57.8        |
--------------------------------------------
--------------------------------------------
| curriculum/                |             |
|    stage                   | 3           |
|    window_cost             | 0.167       |
|    window_route_completion | 0.466       |
|    window_success          | 0           |
| paper/                     |             |
|    accel_variation         | 0.428       |
|    base_reward             | 172         |
|    collision               | 1           |
|    crash_object            | 0           |
|    crash_vehicle           | 1           |
|    episode_cost            | 1           |
|    episode_length          | 553         |
|    jerk                    | 0.377       |
|    lane_deviation          | 0.281       |
|    max_lane_deviation      | 1.09        |
|    mean_speed_kmh          | 17          |
|    min_ttc                 | 0.844       |
|    out_of_road             | 0           |
|    route_completion        | 0.41        |
|    shaped_reward           | -97.3       |
|    steering_variation      | 0.502       |
|    success                 | 0           |
|    ttc_risk                | 0.0109      |
| rollout/                   |             |
|    ep_len_mean             | 905         |
|    ep_rew_mean             | 33.3        |
|    success_rate            | 0           |
| time/                      |             |
|    fps                     | 643         |
|    iterations              | 32          |
|    time_elapsed            | 1222        |
|    total_timesteps         | 786432      |
| train/                     |             |
|    approx_kl               | 0.017041517 |
|    clip_fraction           | 0.245       |
|    clip_range              | 0.2         |
|    entropy_loss            | -1.77       |
|    explained_variance      | 0.354       |
|    learning_rate           | 0.0003      |
|    loss                    | 49.4        |
|    n_updates               | 310         |
|    policy_gradient_loss    | 0.00549     |
|    std                     | 0.587       |
|    value_loss              | 67.8        |
--------------------------------------------
--------------------------------------------
| curriculum/                |             |
|    stage                   | 3           |
|    window_cost             | 0.167       |
|    window_route_completion | 0.488       |
|    window_success          | 0           |
| paper/                     |             |
|    accel_variation         | 0.405       |
|    base_reward             | 158         |
|    collision               | 1           |
|    crash_object            | 0           |
|    crash_vehicle           | 1           |
|    episode_cost            | 1           |
|    episode_length          | 476         |
|    jerk                    | 0.347       |
|    lane_deviation          | 0.202       |
|    max_lane_deviation      | 0.861       |
|    mean_speed_kmh          | 15.6        |
|    min_ttc                 | 16.3        |
|    out_of_road             | 0           |
|    route_completion        | 0.258       |
|    shaped_reward           | -64.7       |
|    steering_variation      | 0.517       |
|    success                 | 0           |
|    ttc_risk                | 0           |
| rollout/                   |             |
|    ep_len_mean             | 899         |
|    ep_rew_mean             | 44.2        |
|    success_rate            | 0           |
| time/                      |             |
|    fps                     | 630         |
|    iterations              | 33          |
|    time_elapsed            | 1286        |
|    total_timesteps         | 811008      |
| train/                     |             |
|    approx_kl               | 0.015997004 |
|    clip_fraction           | 0.196       |
|    clip_range              | 0.2         |
|    entropy_loss            | -1.75       |
|    explained_variance      | 0.622       |
|    learning_rate           | 0.0003      |
|    loss                    | 10.3        |
|    n_updates               | 320         |
|    policy_gradient_loss    | 7.67e-05    |
|    std                     | 0.583       |
|    value_loss              | 44.7        |
--------------------------------------------
--------------------------------------------
| curriculum/                |             |
|    stage                   | 3           |
|    window_cost             | 0.2         |
|    window_route_completion | 0.432       |
|    window_success          | 0           |
| paper/                     |             |
|    accel_variation         | 0.459       |
|    base_reward             | 277         |
|    collision               | 0           |
|    crash_object            | 0           |
|    crash_vehicle           | 0           |
|    episode_cost            | 0           |
|    episode_length          | 1000        |
|    jerk                    | 0.401       |
|    lane_deviation          | 0.234       |
|    max_lane_deviation      | 0.972       |
|    mean_speed_kmh          | 13          |
|    min_ttc                 | 5.82        |
|    out_of_road             | 0           |
|    route_completion        | 0.473       |
|    shaped_reward           | 89          |
|    steering_variation      | 0.515       |
|    success                 | 0           |
|    ttc_risk                | 5.75e-05    |
| rollout/                   |             |
|    ep_len_mean             | 914         |
|    ep_rew_mean             | 61.6        |
|    success_rate            | 0           |
| time/                      |             |
|    fps                     | 619         |
|    iterations              | 34          |
|    time_elapsed            | 1348        |
|    total_timesteps         | 835584      |
| train/                     |             |
|    approx_kl               | 0.024643993 |
|    clip_fraction           | 0.334       |
|    clip_range              | 0.2         |
|    entropy_loss            | -1.73       |
|    explained_variance      | 0.784       |
|    learning_rate           | 0.0003      |
|    loss                    | 2.94        |
|    n_updates               | 330         |
|    policy_gradient_loss    | 0.0208      |
|    std                     | 0.575       |
|    value_loss              | 17.7        |
--------------------------------------------
--------------------------------------------
| curriculum/                |             |
|    stage                   | 3           |
|    window_cost             | 0.233       |
|    window_route_completion | 0.477       |
|    window_success          | 0           |
| paper/                     |             |
|    accel_variation         | 0.43        |
|    base_reward             | 121         |
|    collision               | 1           |
|    crash_object            | 0           |
|    crash_vehicle           | 1           |
|    episode_cost            | 1           |
|    episode_length          | 333         |
|    jerk                    | 0.404       |
|    lane_deviation          | 0.202       |
|    max_lane_deviation      | 0.782       |
|    mean_speed_kmh          | 17.3        |
|    min_ttc                 | 0.793       |
|    out_of_road             | 0           |
|    route_completion        | 0.203       |
|    shaped_reward           | -101        |
|    steering_variation      | 0.53        |
|    success                 | 0           |
|    ttc_risk                | 0.0155      |
| rollout/                   |             |
|    ep_len_mean             | 920         |
|    ep_rew_mean             | 60          |
|    success_rate            | 0           |
| time/                      |             |
|    fps                     | 613         |
|    iterations              | 35          |
|    time_elapsed            | 1402        |
|    total_timesteps         | 860160      |
| train/                     |             |
|    approx_kl               | 0.042195495 |
|    clip_fraction           | 0.196       |
|    clip_range              | 0.2         |
|    entropy_loss            | -1.68       |
|    explained_variance      | 0.663       |
|    learning_rate           | 0.0003      |
|    loss                    | 6.32        |
|    n_updates               | 340         |
|    policy_gradient_loss    | 0.00306     |
|    std                     | 0.561       |
|    value_loss              | 19          |
--------------------------------------------
--------------------------------------------
| curriculum/                |             |
|    stage                   | 3           |
|    window_cost             | 0.2         |
|    window_route_completion | 0.489       |
|    window_success          | 0           |
| paper/                     |             |
|    accel_variation         | 0.374       |
|    base_reward             | 43          |
|    collision               | 1           |
|    crash_object            | 0           |
|    crash_vehicle           | 1           |
|    episode_cost            | 1           |
|    episode_length          | 148         |
|    jerk                    | 0.314       |
|    lane_deviation          | 0.141       |
|    max_lane_deviation      | 0.572       |
|    mean_speed_kmh          | 14.9        |
|    min_ttc                 | 15.8        |
|    out_of_road             | 0           |
|    route_completion        | 0.0835      |
|    shaped_reward           | -111        |
|    steering_variation      | 0.527       |
|    success                 | 0           |
|    ttc_risk                | 0           |
| rollout/                   |             |
|    ep_len_mean             | 913         |
|    ep_rew_mean             | 58.8        |
|    success_rate            | 0           |
| time/                      |             |
|    fps                     | 604         |
|    iterations              | 36          |
|    time_elapsed            | 1464        |
|    total_timesteps         | 884736      |
| train/                     |             |
|    approx_kl               | 0.008191613 |
|    clip_fraction           | 0.131       |
|    clip_range              | 0.2         |
|    entropy_loss            | -1.66       |
|    explained_variance      | 0.78        |
|    learning_rate           | 0.0003      |
|    loss                    | 15.1        |
|    n_updates               | 350         |
|    policy_gradient_loss    | -0.0011     |
|    std                     | 0.561       |
|    value_loss              | 34          |
--------------------------------------------
--------------------------------------------
| curriculum/                |             |
|    stage                   | 3           |
|    window_cost             | 0.233       |
|    window_route_completion | 0.491       |
|    window_success          | 0           |
| paper/                     |             |
|    accel_variation         | 0.475       |
|    base_reward             | 376         |
|    collision               | 0           |
|    crash_object            | 0           |
|    crash_vehicle           | 0           |
|    episode_cost            | 0           |
|    episode_length          | 1000        |
|    jerk                    | 0.399       |
|    lane_deviation          | 0.187       |
|    max_lane_deviation      | 0.69        |
|    mean_speed_kmh          | 16.2        |
|    min_ttc                 | 5.11        |
|    out_of_road             | 0           |
|    route_completion        | 0.639       |
|    shaped_reward           | 165         |
|    steering_variation      | 0.465       |
|    success                 | 0           |
|    ttc_risk                | 0.000284    |
| rollout/                   |             |
|    ep_len_mean             | 913         |
|    ep_rew_mean             | 58.8        |
|    success_rate            | 0           |
| time/                      |             |
|    fps                     | 594         |
|    iterations              | 37          |
|    time_elapsed            | 1528        |
|    total_timesteps         | 909312      |
| train/                     |             |
|    approx_kl               | 0.015016721 |
|    clip_fraction           | 0.197       |
|    clip_range              | 0.2         |
|    entropy_loss            | -1.63       |
|    explained_variance      | 0.713       |
|    learning_rate           | 0.0003      |
|    loss                    | 13.7        |
|    n_updates               | 360         |
|    policy_gradient_loss    | 0.00448     |
|    std                     | 0.549       |
|    value_loss              | 29.3        |
--------------------------------------------
--------------------------------------------
| curriculum/                |             |
|    stage                   | 3           |
|    window_cost             | 0.1         |
|    window_route_completion | 0.532       |
|    window_success          | 0           |
| paper/                     |             |
|    accel_variation         | 0.408       |
|    base_reward             | 338         |
|    collision               | 0           |
|    crash_object            | 0           |
|    crash_vehicle           | 0           |
|    episode_cost            | 0           |
|    episode_length          | 1000        |
|    jerk                    | 0.365       |
|    lane_deviation          | 0.169       |
|    max_lane_deviation      | 0.709       |
|    mean_speed_kmh          | 14.5        |
|    min_ttc                 | 0.159       |
|    out_of_road             | 0           |
|    route_completion        | 0.721       |
|    shaped_reward           | -32.7       |
|    steering_variation      | 0.468       |
|    success                 | 0           |
|    ttc_risk                | 0.0432      |
| rollout/                   |             |
|    ep_len_mean             | 916         |
|    ep_rew_mean             | 56.6        |
|    success_rate            | 0           |
| time/                      |             |
|    fps                     | 588         |
|    iterations              | 38          |
|    time_elapsed            | 1587        |
|    total_timesteps         | 933888      |
| train/                     |             |
|    approx_kl               | 0.014139789 |
|    clip_fraction           | 0.182       |
|    clip_range              | 0.2         |
|    entropy_loss            | -1.58       |
|    explained_variance      | 0.66        |
|    learning_rate           | 0.0003      |
|    loss                    | 31          |
|    n_updates               | 370         |
|    policy_gradient_loss    | 0.000492    |
|    std                     | 0.537       |
|    value_loss              | 36.3        |
--------------------------------------------
--------------------------------------------
| curriculum/                |             |
|    stage                   | 3           |
|    window_cost             | 0.2         |
|    window_route_completion | 0.523       |
|    window_success          | 0           |
| paper/                     |             |
|    accel_variation         | 0.46        |
|    base_reward             | 334         |
|    collision               | 0           |
|    crash_object            | 0           |
|    crash_vehicle           | 0           |
|    episode_cost            | 0           |
|    episode_length          | 1000        |
|    jerk                    | 0.387       |
|    lane_deviation          | 0.167       |
|    max_lane_deviation      | 0.593       |
|    mean_speed_kmh          | 14          |
|    min_ttc                 | 0.921       |
|    out_of_road             | 0           |
|    route_completion        | 0.396       |
|    shaped_reward           | 44.9        |
|    steering_variation      | 0.473       |
|    success                 | 0           |
|    ttc_risk                | 0.0222      |
| rollout/                   |             |
|    ep_len_mean             | 924         |
|    ep_rew_mean             | 61          |
|    success_rate            | 0           |
| time/                      |             |
|    fps                     | 580         |
|    iterations              | 39          |
|    time_elapsed            | 1651        |
|    total_timesteps         | 958464      |
| train/                     |             |
|    approx_kl               | 0.013033832 |
|    clip_fraction           | 0.195       |
|    clip_range              | 0.2         |
|    entropy_loss            | -1.57       |
|    explained_variance      | 0.71        |
|    learning_rate           | 0.0003      |
|    loss                    | 15.6        |
|    n_updates               | 380         |
|    policy_gradient_loss    | 0.00355     |
|    std                     | 0.539       |
|    value_loss              | 32.9        |
--------------------------------------------
-------------------------------------------
| curriculum/                |            |
|    stage                   | 3          |
|    window_cost             | 0.1        |
|    window_route_completion | 0.542      |
|    window_success          | 0          |
| paper/                     |            |
|    accel_variation         | 0.432      |
|    base_reward             | 349        |
|    collision               | 0          |
|    crash_object            | 0          |
|    crash_vehicle           | 0          |
|    episode_cost            | 0          |
|    episode_length          | 1000       |
|    jerk                    | 0.382      |
|    lane_deviation          | 0.207      |
|    max_lane_deviation      | 0.726      |
|    mean_speed_kmh          | 15.1       |
|    min_ttc                 | 1.33       |
|    out_of_road             | 0          |
|    route_completion        | 0.529      |
|    shaped_reward           | 55         |
|    steering_variation      | 0.464      |
|    success                 | 0          |
|    ttc_risk                | 0.02       |
| rollout/                   |            |
|    ep_len_mean             | 957        |
|    ep_rew_mean             | 76.5       |
|    success_rate            | 0          |
| time/                      |            |
|    fps                     | 573        |
|    iterations              | 40         |
|    time_elapsed            | 1714       |
|    total_timesteps         | 983040     |
| train/                     |            |
|    approx_kl               | 0.01614587 |
|    clip_fraction           | 0.168      |
|    clip_range              | 0.2        |
|    entropy_loss            | -1.54      |
|    explained_variance      | 0.677      |
|    learning_rate           | 0.0003     |
|    loss                    | 15.2       |
|    n_updates               | 390        |
|    policy_gradient_loss    | 0.00137    |
|    std                     | 0.527      |
|    value_loss              | 30.3       |
-------------------------------------------
--------------------------------------------
| curriculum/                |             |
|    stage                   | 3           |
|    window_cost             | 0.1         |
|    window_route_completion | 0.574       |
|    window_success          | 0           |
| paper/                     |             |
|    accel_variation         | 0.484       |
|    base_reward             | 344         |
|    collision               | 0           |
|    crash_object            | 0           |
|    crash_vehicle           | 0           |
|    episode_cost            | 0           |
|    episode_length          | 1000        |
|    jerk                    | 0.418       |
|    lane_deviation          | 0.238       |
|    max_lane_deviation      | 0.858       |
|    mean_speed_kmh          | 15.5        |
|    min_ttc                 | 3.57        |
|    out_of_road             | 0           |
|    route_completion        | 0.639       |
|    shaped_reward           | 129         |
|    steering_variation      | 0.457       |
|    success                 | 0           |
|    ttc_risk                | 0.00135     |
| rollout/                   |             |
|    ep_len_mean             | 964         |
|    ep_rew_mean             | 80.7        |
|    success_rate            | 0           |
| time/                      |             |
|    fps                     | 567         |
|    iterations              | 41          |
|    time_elapsed            | 1774        |
|    total_timesteps         | 1007616     |
| train/                     |             |
|    approx_kl               | 0.054565746 |
|    clip_fraction           | 0.206       |
|    clip_range              | 0.2         |
|    entropy_loss            | -1.5        |
|    explained_variance      | 0.742       |
|    learning_rate           | 0.0003      |
|    loss                    | 6.39        |
|    n_updates               | 400         |
|    policy_gradient_loss    | 0.0045      |
|    std                     | 0.52        |
|    value_loss              | 20.1        |
--------------------------------------------
Wrapping the env in a DummyVecEnv.
/root/autodl-tmp/projects/sb3/stable-baselines3-master/stable_baselines3/common/on_policy_algorithm.py:150: UserWarning: You are trying to run PPO on the GPU, but it is primarily intended to run on the CPU when not using a CNN policy (you are using ActorCriticPolicy which should be a MlpPolicy). See https://github.com/DLR-RM/stable-baselines3/issues/1245 for more info. You can pass `device='cpu'` or `export CUDA_VISIBLE_DEVICES=` to force using the CPU.Note: The model will train, but the GPU utilization will be poor and the training might take longer than on CPU.
  warnings.warn(
Wrapping the env in a DummyVecEnv.
Wrapping the env in a DummyVecEnv.
                       seed  success  route_completion  collision  out_of_road  cost      reward  shaped_reward  episode_length      speed  lane_deviation  steering_variation  accel_variation  ttc_risk   min_ttc
variant  algo density                                                                                                                                                                                              
proposed ppo  0.00      6.5     0.84          0.974090       0.00         0.00  0.00  489.517669     290.091203          974.43  20.206132        0.177761            0.040756         0.241389  0.000000       NaN
              0.08      6.5     0.71          0.908215       0.11         0.01  0.12  437.484998     214.143369          920.08  19.870083        0.208576            0.042843         0.240370  0.004855  5.378730
              0.15      6.5     0.42          0.774125       0.47         0.02  0.49  335.276172      28.087914          849.33  18.100482        0.276885            0.047205         0.255176  0.017194  2.205577
curve_source=tensorboard
saved_summary=outputs/stage1000_true_proposed_s6s7_independent_nenv24/evaluations/summary.csv
saved_figures=outputs/stage1000_true_proposed_s6s7_independent_nenv24/figures
saved_report=outputs/stage1000_true_proposed_s6s7_independent_nenv24/运行记录.md
