Using cuda device
/root/autodl-tmp/projects/sb3/stable-baselines3-master/stable_baselines3/common/on_policy_algorithm.py:150: UserWarning: You are trying to run PPO on the GPU, but it is primarily intended to run on the CPU when not using a CNN policy (you are using ActorCriticPolicy which should be a MlpPolicy). See https://github.com/DLR-RM/stable-baselines3/issues/1245 for more info. You can pass `device='cpu'` or `export CUDA_VISIBLE_DEVICES=` to force using the CPU.Note: The model will train, but the GPU utilization will be poor and the training might take longer than on CPU.
  warnings.warn(
Logging to outputs/stage1000_true_proposed_s10s11_independent_nenv32/runs/proposed_ppo_s11/tensorboard/proposed_ppo_s11_1
-----------------------------------------
| curriculum/                |          |
|    stage                   | 0        |
|    window_cost             | 0        |
|    window_route_completion | 0.0999   |
|    window_success          | 0        |
| paper/                     |          |
|    accel_variation         | 0.806    |
|    base_reward             | 5.83     |
|    collision               | 0        |
|    crash_object            | 0        |
|    crash_vehicle           | 0        |
|    episode_cost            | 0        |
|    episode_length          | 600      |
|    jerk                    | 0.633    |
|    lane_deviation          | 0.0598   |
|    max_lane_deviation      | 0.133    |
|    mean_speed_kmh          | 0.695    |
|    min_ttc                 | nan      |
|    out_of_road             | 0        |
|    route_completion        | 0.1      |
|    shaped_reward           | -94.3    |
|    steering_variation      | 0.869    |
|    success                 | 0        |
|    ttc_risk                | 0        |
| rollout/                   |          |
|    ep_len_mean             | 600      |
|    ep_rew_mean             | -101     |
|    success_rate            | 0        |
| time/                      |          |
|    fps                     | 1386     |
|    iterations              | 1        |
|    time_elapsed            | 23       |
|    total_timesteps         | 32768    |
-----------------------------------------
---------------------------------------------
| curriculum/                |              |
|    stage                   | 0            |
|    window_cost             | 0            |
|    window_route_completion | 0.121        |
|    window_success          | 0            |
| paper/                     |              |
|    accel_variation         | 0.74         |
|    base_reward             | 8.14         |
|    collision               | 0            |
|    crash_object            | 0            |
|    crash_vehicle           | 0            |
|    episode_cost            | 0            |
|    episode_length          | 600          |
|    jerk                    | 0.594        |
|    lane_deviation          | 0.126        |
|    max_lane_deviation      | 0.284        |
|    mean_speed_kmh          | 0.81         |
|    min_ttc                 | nan          |
|    out_of_road             | 0            |
|    route_completion        | 0.11         |
|    shaped_reward           | -94.1        |
|    steering_variation      | 0.782        |
|    success                 | 0            |
|    ttc_risk                | 0            |
| rollout/                   |              |
|    ep_len_mean             | 600          |
|    ep_rew_mean             | -109         |
|    success_rate            | 0            |
| time/                      |              |
|    fps                     | 1073         |
|    iterations              | 2            |
|    time_elapsed            | 61           |
|    total_timesteps         | 65536        |
| train/                     |              |
|    approx_kl               | 0.0101934895 |
|    clip_fraction           | 0.131        |
|    clip_range              | 0.2          |
|    entropy_loss            | -2.81        |
|    explained_variance      | -0.0148      |
|    learning_rate           | 0.0003       |
|    loss                    | 0.126        |
|    n_updates               | 10           |
|    policy_gradient_loss    | -0.00869     |
|    std                     | 0.981        |
|    value_loss              | 0.358        |
---------------------------------------------
---------------------------------------------
| curriculum/                |              |
|    stage                   | 0            |
|    window_cost             | 0.0667       |
|    window_route_completion | 0.146        |
|    window_success          | 0            |
| paper/                     |              |
|    accel_variation         | 0.805        |
|    base_reward             | 7.64         |
|    collision               | 0            |
|    crash_object            | 0            |
|    crash_vehicle           | 0            |
|    episode_cost            | 0            |
|    episode_length          | 600          |
|    jerk                    | 0.605        |
|    lane_deviation          | 0.242        |
|    max_lane_deviation      | 0.757        |
|    mean_speed_kmh          | 0.893        |
|    min_ttc                 | nan          |
|    out_of_road             | 0            |
|    route_completion        | 0.133        |
|    shaped_reward           | -114         |
|    steering_variation      | 0.768        |
|    success                 | 0            |
|    ttc_risk                | 0            |
| rollout/                   |              |
|    ep_len_mean             | 592          |
|    ep_rew_mean             | -122         |
|    success_rate            | 0            |
| time/                      |              |
|    fps                     | 924          |
|    iterations              | 3            |
|    time_elapsed            | 106          |
|    total_timesteps         | 98304        |
| train/                     |              |
|    approx_kl               | 0.0061650733 |
|    clip_fraction           | 0.06         |
|    clip_range              | 0.2          |
|    entropy_loss            | -2.78        |
|    explained_variance      | -0.0654      |
|    learning_rate           | 0.0003       |
|    loss                    | 0.341        |
|    n_updates               | 20           |
|    policy_gradient_loss    | -0.00331     |
|    std                     | 0.97         |
|    value_loss              | 1.93         |
---------------------------------------------
--------------------------------------------
| curriculum/                |             |
|    stage                   | 0           |
|    window_cost             | 0.0333      |
|    window_route_completion | 0.173       |
|    window_success          | 0           |
| paper/                     |             |
|    accel_variation         | 0.729       |
|    base_reward             | 13.3        |
|    collision               | 0           |
|    crash_object            | 0           |
|    crash_vehicle           | 0           |
|    episode_cost            | 0           |
|    episode_length          | 600         |
|    jerk                    | 0.606       |
|    lane_deviation          | 0.173       |
|    max_lane_deviation      | 0.322       |
|    mean_speed_kmh          | 1.14        |
|    min_ttc                 | nan         |
|    out_of_road             | 0           |
|    route_completion        | 0.17        |
|    shaped_reward           | -85.7       |
|    steering_variation      | 0.815       |
|    success                 | 0           |
|    ttc_risk                | 0           |
| rollout/                   |             |
|    ep_len_mean             | 591         |
|    ep_rew_mean             | -131        |
|    success_rate            | 0           |
| time/                      |             |
|    fps                     | 840         |
|    iterations              | 4           |
|    time_elapsed            | 155         |
|    total_timesteps         | 131072      |
| train/                     |             |
|    approx_kl               | 0.004923364 |
|    clip_fraction           | 0.0393      |
|    clip_range              | 0.2         |
|    entropy_loss            | -2.77       |
|    explained_variance      | 0.202       |
|    learning_rate           | 0.0003      |
|    loss                    | 1.11        |
|    n_updates               | 30          |
|    policy_gradient_loss    | -0.00163    |
|    std                     | 0.966       |
|    value_loss              | 16          |
--------------------------------------------
--------------------------------------------
| curriculum/                |             |
|    stage                   | 0           |
|    window_cost             | 0.0333      |
|    window_route_completion | 0.201       |
|    window_success          | 0           |
| paper/                     |             |
|    accel_variation         | 0.754       |
|    base_reward             | -1.88       |
|    collision               | 0           |
|    crash_object            | 0           |
|    crash_vehicle           | 0           |
|    episode_cost            | 1           |
|    episode_length          | 447         |
|    jerk                    | 0.575       |
|    lane_deviation          | 0.311       |
|    max_lane_deviation      | 1.02        |
|    mean_speed_kmh          | 1.37        |
|    min_ttc                 | nan         |
|    out_of_road             | 1           |
|    route_completion        | 0.21        |
|    shaped_reward           | -229        |
|    steering_variation      | 0.79        |
|    success                 | 0           |
|    ttc_risk                | 0           |
| rollout/                   |             |
|    ep_len_mean             | 597         |
|    ep_rew_mean             | -180        |
|    success_rate            | 0           |
| time/                      |             |
|    fps                     | 827         |
|    iterations              | 5           |
|    time_elapsed            | 197         |
|    total_timesteps         | 163840      |
| train/                     |             |
|    approx_kl               | 0.005475535 |
|    clip_fraction           | 0.0359      |
|    clip_range              | 0.2         |
|    entropy_loss            | -2.76       |
|    explained_variance      | 0.661       |
|    learning_rate           | 0.0003      |
|    loss                    | 0.979       |
|    n_updates               | 40          |
|    policy_gradient_loss    | -0.00125    |
|    std                     | 0.954       |
|    value_loss              | 7.46        |
--------------------------------------------
---------------------------------------------
| curriculum/                |              |
|    stage                   | 0            |
|    window_cost             | 0.0333       |
|    window_route_completion | 0.184        |
|    window_success          | 0            |
| paper/                     |              |
|    accel_variation         | 0.744        |
|    base_reward             | 14.6         |
|    collision               | 0            |
|    crash_object            | 0            |
|    crash_vehicle           | 0            |
|    episode_cost            | 0            |
|    episode_length          | 600          |
|    jerk                    | 0.614        |
|    lane_deviation          | 0.314        |
|    max_lane_deviation      | 0.895        |
|    mean_speed_kmh          | 1.37         |
|    min_ttc                 | nan          |
|    out_of_road             | 0            |
|    route_completion        | 0.215        |
|    shaped_reward           | -118         |
|    steering_variation      | 0.79         |
|    success                 | 0            |
|    ttc_risk                | 0            |
| rollout/                   |              |
|    ep_len_mean             | 596          |
|    ep_rew_mean             | -199         |
|    success_rate            | 0            |
| time/                      |              |
|    fps                     | 837          |
|    iterations              | 6            |
|    time_elapsed            | 234          |
|    total_timesteps         | 196608       |
| train/                     |              |
|    approx_kl               | 0.0034621735 |
|    clip_fraction           | 0.0255       |
|    clip_range              | 0.2          |
|    entropy_loss            | -2.74        |
|    explained_variance      | 0.809        |
|    learning_rate           | 0.0003       |
|    loss                    | 25.1         |
|    n_updates               | 50           |
|    policy_gradient_loss    | -0.000521    |
|    std                     | 0.953        |
|    value_loss              | 16           |
---------------------------------------------
---------------------------------------------
| curriculum/                |              |
|    stage                   | 0            |
|    window_cost             | 0.133        |
|    window_route_completion | 0.195        |
|    window_success          | 0            |
| paper/                     |              |
|    accel_variation         | 0.746        |
|    base_reward             | -1.29        |
|    collision               | 0            |
|    crash_object            | 0            |
|    crash_vehicle           | 0            |
|    episode_cost            | 1            |
|    episode_length          | 543          |
|    jerk                    | 0.657        |
|    lane_deviation          | 0.456        |
|    max_lane_deviation      | 1.03         |
|    mean_speed_kmh          | 1.32         |
|    min_ttc                 | nan          |
|    out_of_road             | 1            |
|    route_completion        | 0.211        |
|    shaped_reward           | -286         |
|    steering_variation      | 0.778        |
|    success                 | 0            |
|    ttc_risk                | 0            |
| rollout/                   |              |
|    ep_len_mean             | 593          |
|    ep_rew_mean             | -181         |
|    success_rate            | 0            |
| time/                      |              |
|    fps                     | 824          |
|    iterations              | 7            |
|    time_elapsed            | 278          |
|    total_timesteps         | 229376       |
| train/                     |              |
|    approx_kl               | 0.0037994846 |
|    clip_fraction           | 0.0263       |
|    clip_range              | 0.2          |
|    entropy_loss            | -2.73        |
|    explained_variance      | 0.894        |
|    learning_rate           | 0.0003       |
|    loss                    | 4.75         |
|    n_updates               | 60           |
|    policy_gradient_loss    | -0.000711    |
|    std                     | 0.945        |
|    value_loss              | 14.8         |
---------------------------------------------
--------------------------------------------
| curriculum/                |             |
|    stage                   | 0           |
|    window_cost             | 0.0667      |
|    window_route_completion | 0.19        |
|    window_success          | 0           |
| paper/                     |             |
|    accel_variation         | 0.74        |
|    base_reward             | 10.9        |
|    collision               | 0           |
|    crash_object            | 0           |
|    crash_vehicle           | 0           |
|    episode_cost            | 0           |
|    episode_length          | 600         |
|    jerk                    | 0.575       |
|    lane_deviation          | 0.395       |
|    max_lane_deviation      | 0.921       |
|    mean_speed_kmh          | 1.28        |
|    min_ttc                 | nan         |
|    out_of_road             | 0           |
|    route_completion        | 0.194       |
|    shaped_reward           | -138        |
|    steering_variation      | 0.833       |
|    success                 | 0           |
|    ttc_risk                | 0           |
| rollout/                   |             |
|    ep_len_mean             | 588         |
|    ep_rew_mean             | -149        |
|    success_rate            | 0           |
| time/                      |             |
|    fps                     | 822         |
|    iterations              | 8           |
|    time_elapsed            | 318         |
|    total_timesteps         | 262144      |
| train/                     |             |
|    approx_kl               | 0.004110271 |
|    clip_fraction           | 0.0369      |
|    clip_range              | 0.2         |
|    entropy_loss            | -2.73       |
|    explained_variance      | 0.935       |
|    learning_rate           | 0.0003      |
|    loss                    | 4.3         |
|    n_updates               | 70          |
|    policy_gradient_loss    | -0.00205    |
|    std                     | 0.947       |
|    value_loss              | 13.9        |
--------------------------------------------
--------------------------------------------
| curriculum/                |             |
|    stage                   | 0           |
|    window_cost             | 0           |
|    window_route_completion | 0.236       |
|    window_success          | 0           |
| paper/                     |             |
|    accel_variation         | 0.7         |
|    base_reward             | 11.7        |
|    collision               | 0           |
|    crash_object            | 0           |
|    crash_vehicle           | 0           |
|    episode_cost            | 0           |
|    episode_length          | 600         |
|    jerk                    | 0.549       |
|    lane_deviation          | 0.562       |
|    max_lane_deviation      | 2           |
|    mean_speed_kmh          | 1.75        |
|    min_ttc                 | nan         |
|    out_of_road             | 0           |
|    route_completion        | 0.304       |
|    shaped_reward           | -233        |
|    steering_variation      | 0.785       |
|    success                 | 0           |
|    ttc_risk                | 0           |
| rollout/                   |             |
|    ep_len_mean             | 591         |
|    ep_rew_mean             | -163        |
|    success_rate            | 0           |
| time/                      |             |
|    fps                     | 825         |
|    iterations              | 9           |
|    time_elapsed            | 357         |
|    total_timesteps         | 294912      |
| train/                     |             |
|    approx_kl               | 0.006782801 |
|    clip_fraction           | 0.0785      |
|    clip_range              | 0.2         |
|    entropy_loss            | -2.7        |
|    explained_variance      | 0.914       |
|    learning_rate           | 0.0003      |
|    loss                    | 1.01        |
|    n_updates               | 80          |
|    policy_gradient_loss    | -0.00262    |
|    std                     | 0.932       |
|    value_loss              | 6.7         |
--------------------------------------------
--------------------------------------------
| curriculum/                |             |
|    stage                   | 0           |
|    window_cost             | 0           |
|    window_route_completion | 0.229       |
|    window_success          | 0           |
| paper/                     |             |
|    accel_variation         | 0.761       |
|    base_reward             | 12.4        |
|    collision               | 0           |
|    crash_object            | 0           |
|    crash_vehicle           | 0           |
|    episode_cost            | 0           |
|    episode_length          | 600         |
|    jerk                    | 0.579       |
|    lane_deviation          | 0.399       |
|    max_lane_deviation      | 1           |
|    mean_speed_kmh          | 1.42        |
|    min_ttc                 | nan         |
|    out_of_road             | 0           |
|    route_completion        | 0.203       |
|    shaped_reward           | -133        |
|    steering_variation      | 0.759       |
|    success                 | 0           |
|    ttc_risk                | 0           |
| rollout/                   |             |
|    ep_len_mean             | 600         |
|    ep_rew_mean             | -158        |
|    success_rate            | 0           |
| time/                      |             |
|    fps                     | 829         |
|    iterations              | 10          |
|    time_elapsed            | 394         |
|    total_timesteps         | 327680      |
| train/                     |             |
|    approx_kl               | 0.005954203 |
|    clip_fraction           | 0.0757      |
|    clip_range              | 0.2         |
|    entropy_loss            | -2.7        |
|    explained_variance      | 0.949       |
|    learning_rate           | 0.0003      |
|    loss                    | 9.14        |
|    n_updates               | 90          |
|    policy_gradient_loss    | -0.00358    |
|    std                     | 0.93        |
|    value_loss              | 15.4        |
--------------------------------------------
--------------------------------------------
| curriculum/                |             |
|    stage                   | 0           |
|    window_cost             | 0           |
|    window_route_completion | 0.254       |
|    window_success          | 0           |
| paper/                     |             |
|    accel_variation         | 0.729       |
|    base_reward             | 17.9        |
|    collision               | 0           |
|    crash_object            | 0           |
|    crash_vehicle           | 0           |
|    episode_cost            | 0           |
|    episode_length          | 600         |
|    jerk                    | 0.567       |
|    lane_deviation          | 0.216       |
|    max_lane_deviation      | 0.482       |
|    mean_speed_kmh          | 1.52        |
|    min_ttc                 | nan         |
|    out_of_road             | 0           |
|    route_completion        | 0.217       |
|    shaped_reward           | -81.1       |
|    steering_variation      | 0.783       |
|    success                 | 0           |
|    ttc_risk                | 0           |
| rollout/                   |             |
|    ep_len_mean             | 600         |
|    ep_rew_mean             | -117        |
|    success_rate            | 0           |
| time/                      |             |
|    fps                     | 831         |
|    iterations              | 11          |
|    time_elapsed            | 433         |
|    total_timesteps         | 360448      |
| train/                     |             |
|    approx_kl               | 0.013002472 |
|    clip_fraction           | 0.154       |
|    clip_range              | 0.2         |
|    entropy_loss            | -2.65       |
|    explained_variance      | 0.97        |
|    learning_rate           | 0.0003      |
|    loss                    | 2.14        |
|    n_updates               | 100         |
|    policy_gradient_loss    | -0.00938    |
|    std                     | 0.906       |
|    value_loss              | 4.69        |
--------------------------------------------
--------------------------------------------
| curriculum/                |             |
|    stage                   | 0           |
|    window_cost             | 0           |
|    window_route_completion | 0.334       |
|    window_success          | 0           |
| paper/                     |             |
|    accel_variation         | 0.624       |
|    base_reward             | 23.4        |
|    collision               | 0           |
|    crash_object            | 0           |
|    crash_vehicle           | 0           |
|    episode_cost            | 0           |
|    episode_length          | 600         |
|    jerk                    | 0.524       |
|    lane_deviation          | 0.359       |
|    max_lane_deviation      | 0.907       |
|    mean_speed_kmh          | 2.17        |
|    min_ttc                 | nan         |
|    out_of_road             | 0           |
|    route_completion        | 0.352       |
|    shaped_reward           | -87.6       |
|    steering_variation      | 0.81        |
|    success                 | 0           |
|    ttc_risk                | 0           |
| rollout/                   |             |
|    ep_len_mean             | 600         |
|    ep_rew_mean             | -89.3       |
|    success_rate            | 0           |
| time/                      |             |
|    fps                     | 829         |
|    iterations              | 12          |
|    time_elapsed            | 474         |
|    total_timesteps         | 393216      |
| train/                     |             |
|    approx_kl               | 0.017411035 |
|    clip_fraction           | 0.211       |
|    clip_range              | 0.2         |
|    entropy_loss            | -2.59       |
|    explained_variance      | 0.956       |
|    learning_rate           | 0.0003      |
|    loss                    | 2.08        |
|    n_updates               | 110         |
|    policy_gradient_loss    | -0.00817    |
|    std                     | 0.876       |
|    value_loss              | 3.53        |
--------------------------------------------
--------------------------------------------
| curriculum/                |             |
|    stage                   | 0           |
|    window_cost             | 0           |
|    window_route_completion | 0.449       |
|    window_success          | 0           |
| paper/                     |             |
|    accel_variation         | 0.608       |
|    base_reward             | 40.8        |
|    collision               | 0           |
|    crash_object            | 0           |
|    crash_vehicle           | 0           |
|    episode_cost            | 0           |
|    episode_length          | 600         |
|    jerk                    | 0.467       |
|    lane_deviation          | 0.163       |
|    max_lane_deviation      | 0.59        |
|    mean_speed_kmh          | 2.99        |
|    min_ttc                 | nan         |
|    out_of_road             | 0           |
|    route_completion        | 0.471       |
|    shaped_reward           | -21.4       |
|    steering_variation      | 0.75        |
|    success                 | 0           |
|    ttc_risk                | 0           |
| rollout/                   |             |
|    ep_len_mean             | 597         |
|    ep_rew_mean             | -53.6       |
|    success_rate            | 0           |
| time/                      |             |
|    fps                     | 828         |
|    iterations              | 13          |
|    time_elapsed            | 514         |
|    total_timesteps         | 425984      |
| train/                     |             |
|    approx_kl               | 0.016925573 |
|    clip_fraction           | 0.235       |
|    clip_range              | 0.2         |
|    entropy_loss            | -2.5        |
|    explained_variance      | 0.829       |
|    learning_rate           | 0.0003      |
|    loss                    | 1.41        |
|    n_updates               | 120         |
|    policy_gradient_loss    | -0.00989    |
|    std                     | 0.84        |
|    value_loss              | 3.73        |
--------------------------------------------
--------------------------------------------
| curriculum/                |             |
|    stage                   | 0           |
|    window_cost             | 0           |
|    window_route_completion | 0.543       |
|    window_success          | 0           |
| paper/                     |             |
|    accel_variation         | 0.516       |
|    base_reward             | 54.9        |
|    collision               | 0           |
|    crash_object            | 0           |
|    crash_vehicle           | 0           |
|    episode_cost            | 0           |
|    episode_length          | 600         |
|    jerk                    | 0.452       |
|    lane_deviation          | 0.161       |
|    max_lane_deviation      | 0.512       |
|    mean_speed_kmh          | 3.86        |
|    min_ttc                 | nan         |
|    out_of_road             | 0           |
|    route_completion        | 0.529       |
|    shaped_reward           | -2.51       |
|    steering_variation      | 0.723       |
|    success                 | 0           |
|    ttc_risk                | 0           |
| rollout/                   |             |
|    ep_len_mean             | 600         |
|    ep_rew_mean             | -31.4       |
|    success_rate            | 0           |
| time/                      |             |
|    fps                     | 827         |
|    iterations              | 14          |
|    time_elapsed            | 554         |
|    total_timesteps         | 458752      |
| train/                     |             |
|    approx_kl               | 0.018030087 |
|    clip_fraction           | 0.235       |
|    clip_range              | 0.2         |
|    entropy_loss            | -2.41       |
|    explained_variance      | 0.729       |
|    learning_rate           | 0.0003      |
|    loss                    | 2           |
|    n_updates               | 130         |
|    policy_gradient_loss    | -0.0115     |
|    std                     | 0.8         |
|    value_loss              | 4.29        |
--------------------------------------------
--------------------------------------------
| curriculum/                |             |
|    stage                   | 1           |
|    window_cost             | 0           |
|    window_route_completion | 0.656       |
|    window_success          | 0.0333      |
| paper/                     |             |
|    accel_variation         | 0.504       |
|    base_reward             | 9.94        |
|    collision               | 0           |
|    crash_object            | 0           |
|    crash_vehicle           | 0           |
|    episode_cost            | 1           |
|    episode_length          | 280         |
|    jerk                    | 0.384       |
|    lane_deviation          | 0.382       |
|    max_lane_deviation      | 1.03        |
|    mean_speed_kmh          | 4.12        |
|    min_ttc                 | nan         |
|    out_of_road             | 1           |
|    route_completion        | 0.0777      |
|    shaped_reward           | -178        |
|    steering_variation      | 0.663       |
|    success                 | 0           |
|    ttc_risk                | 0           |
| rollout/                   |             |
|    ep_len_mean             | 611         |
|    ep_rew_mean             | 0.201       |
|    success_rate            | 0.16        |
| time/                      |             |
|    fps                     | 815         |
|    iterations              | 15          |
|    time_elapsed            | 602         |
|    total_timesteps         | 491520      |
| train/                     |             |
|    approx_kl               | 0.021280982 |
|    clip_fraction           | 0.253       |
|    clip_range              | 0.2         |
|    entropy_loss            | -2.28       |
|    explained_variance      | 0.47        |
|    learning_rate           | 0.0003      |
|    loss                    | 0.919       |
|    n_updates               | 140         |
|    policy_gradient_loss    | -0.0174     |
|    std                     | 0.753       |
|    value_loss              | 1.88        |
--------------------------------------------
--------------------------------------------
| curriculum/                |             |
|    stage                   | 2           |
|    window_cost             | 0.0333      |
|    window_route_completion | 0.916       |
|    window_success          | 0.833       |
| paper/                     |             |
|    accel_variation         | 0.45        |
|    base_reward             | 136         |
|    collision               | 0           |
|    crash_object            | 0           |
|    crash_vehicle           | 0           |
|    episode_cost            | 0           |
|    episode_length          | 1000        |
|    jerk                    | 0.385       |
|    lane_deviation          | 0.324       |
|    max_lane_deviation      | 1           |
|    mean_speed_kmh          | 6.84        |
|    min_ttc                 | nan         |
|    out_of_road             | 0           |
|    route_completion        | 0.457       |
|    shaped_reward           | -21.3       |
|    steering_variation      | 0.687       |
|    success                 | 0           |
|    ttc_risk                | 0           |
| rollout/                   |             |
|    ep_len_mean             | 699         |
|    ep_rew_mean             | 18.2        |
|    success_rate            | 0.29        |
| time/                      |             |
|    fps                     | 783         |
|    iterations              | 16          |
|    time_elapsed            | 669         |
|    total_timesteps         | 524288      |
| train/                     |             |
|    approx_kl               | 0.016290907 |
|    clip_fraction           | 0.206       |
|    clip_range              | 0.2         |
|    entropy_loss            | -2.23       |
|    explained_variance      | 0.119       |
|    learning_rate           | 0.0003      |
|    loss                    | 15.1        |
|    n_updates               | 150         |
|    policy_gradient_loss    | -0.00614    |
|    std                     | 0.73        |
|    value_loss              | 21.2        |
--------------------------------------------
--------------------------------------------
| curriculum/                |             |
|    stage                   | 2           |
|    window_cost             | 0           |
|    window_route_completion | 0.481       |
|    window_success          | 0           |
| paper/                     |             |
|    accel_variation         | 0.422       |
|    base_reward             | 169         |
|    collision               | 0           |
|    crash_object            | 0           |
|    crash_vehicle           | 0           |
|    episode_cost            | 0           |
|    episode_length          | 1000        |
|    jerk                    | 0.368       |
|    lane_deviation          | 0.31        |
|    max_lane_deviation      | 0.995       |
|    mean_speed_kmh          | 8.33        |
|    min_ttc                 | 18.9        |
|    out_of_road             | 0           |
|    route_completion        | 0.418       |
|    shaped_reward           | 9.93        |
|    steering_variation      | 0.666       |
|    success                 | 0           |
|    ttc_risk                | 0           |
| rollout/                   |             |
|    ep_len_mean             | 831         |
|    ep_rew_mean             | 24.4        |
|    success_rate            | 0.29        |
| time/                      |             |
|    fps                     | 742         |
|    iterations              | 17          |
|    time_elapsed            | 750         |
|    total_timesteps         | 557056      |
| train/                     |             |
|    approx_kl               | 0.014162034 |
|    clip_fraction           | 0.163       |
|    clip_range              | 0.2         |
|    entropy_loss            | -2.17       |
|    explained_variance      | 0.405       |
|    learning_rate           | 0.0003      |
|    loss                    | 3.6         |
|    n_updates               | 160         |
|    policy_gradient_loss    | -0.00267    |
|    std                     | 0.706       |
|    value_loss              | 9.94        |
--------------------------------------------
--------------------------------------------
| curriculum/                |             |
|    stage                   | 2           |
|    window_cost             | 0.0667      |
|    window_route_completion | 0.506       |
|    window_success          | 0           |
| paper/                     |             |
|    accel_variation         | 0.386       |
|    base_reward             | 294         |
|    collision               | 0           |
|    crash_object            | 0           |
|    crash_vehicle           | 0           |
|    episode_cost            | 0           |
|    episode_length          | 1000        |
|    jerk                    | 0.336       |
|    lane_deviation          | 0.128       |
|    max_lane_deviation      | 0.553       |
|    mean_speed_kmh          | 11.9        |
|    min_ttc                 | 6.49        |
|    out_of_road             | 0           |
|    route_completion        | 0.628       |
|    shaped_reward           | 136         |
|    steering_variation      | 0.638       |
|    success                 | 0           |
|    ttc_risk                | 0           |
| rollout/                   |             |
|    ep_len_mean             | 943         |
|    ep_rew_mean             | 26.7        |
|    success_rate            | 0.14        |
| time/                      |             |
|    fps                     | 708         |
|    iterations              | 18          |
|    time_elapsed            | 832         |
|    total_timesteps         | 589824      |
| train/                     |             |
|    approx_kl               | 0.021913424 |
|    clip_fraction           | 0.243       |
|    clip_range              | 0.2         |
|    entropy_loss            | -2.07       |
|    explained_variance      | 0.322       |
|    learning_rate           | 0.0003      |
|    loss                    | 1.27        |
|    n_updates               | 170         |
|    policy_gradient_loss    | -0.000728   |
|    std                     | 0.678       |
|    value_loss              | 5.13        |
--------------------------------------------
------------------------------------------
| curriculum/                |           |
|    stage                   | 2         |
|    window_cost             | 0.167     |
|    window_route_completion | 0.601     |
|    window_success          | 0         |
| paper/                     |           |
|    accel_variation         | 0.348     |
|    base_reward             | 286       |
|    collision               | 0         |
|    crash_object            | 0         |
|    crash_vehicle           | 0         |
|    episode_cost            | 0         |
|    episode_length          | 1000      |
|    jerk                    | 0.299     |
|    lane_deviation          | 0.209     |
|    max_lane_deviation      | 0.898     |
|    mean_speed_kmh          | 12.9      |
|    min_ttc                 | 1.1       |
|    out_of_road             | 0         |
|    route_completion        | 0.871     |
|    shaped_reward           | -4.6      |
|    steering_variation      | 0.587     |
|    success                 | 0         |
|    ttc_risk                | 0.029     |
| rollout/                   |           |
|    ep_len_mean             | 976       |
|    ep_rew_mean             | 36.5      |
|    success_rate            | 0         |
| time/                      |           |
|    fps                     | 667       |
|    iterations              | 19        |
|    time_elapsed            | 933       |
|    total_timesteps         | 622592    |
| train/                     |           |
|    approx_kl               | 0.0138954 |
|    clip_fraction           | 0.214     |
|    clip_range              | 0.2       |
|    entropy_loss            | -2        |
|    explained_variance      | 0.348     |
|    learning_rate           | 0.0003    |
|    loss                    | 8.94      |
|    n_updates               | 180       |
|    policy_gradient_loss    | 0.00102   |
|    std                     | 0.647     |
|    value_loss              | 12.3      |
------------------------------------------
--------------------------------------------
| curriculum/                |             |
|    stage                   | 2           |
|    window_cost             | 0.0667      |
|    window_route_completion | 0.656       |
|    window_success          | 0           |
| paper/                     |             |
|    accel_variation         | 0.397       |
|    base_reward             | 203         |
|    collision               | 0           |
|    crash_object            | 0           |
|    crash_vehicle           | 0           |
|    episode_cost            | 1           |
|    episode_length          | 777         |
|    jerk                    | 0.335       |
|    lane_deviation          | 0.237       |
|    max_lane_deviation      | 2           |
|    mean_speed_kmh          | 12.8        |
|    min_ttc                 | 5.87        |
|    out_of_road             | 1           |
|    route_completion        | 0.506       |
|    shaped_reward           | -86.2       |
|    steering_variation      | 0.584       |
|    success                 | 0           |
|    ttc_risk                | 2.74e-05    |
| rollout/                   |             |
|    ep_len_mean             | 969         |
|    ep_rew_mean             | 56.1        |
|    success_rate            | 0           |
| time/                      |             |
|    fps                     | 636         |
|    iterations              | 20          |
|    time_elapsed            | 1029        |
|    total_timesteps         | 655360      |
| train/                     |             |
|    approx_kl               | 0.018954996 |
|    clip_fraction           | 0.161       |
|    clip_range              | 0.2         |
|    entropy_loss            | -1.93       |
|    explained_variance      | 0.382       |
|    learning_rate           | 0.0003      |
|    loss                    | 11.8        |
|    n_updates               | 190         |
|    policy_gradient_loss    | 0.000824    |
|    std                     | 0.631       |
|    value_loss              | 26.4        |
--------------------------------------------
--------------------------------------------
| curriculum/                |             |
|    stage                   | 2           |
|    window_cost             | 0.133       |
|    window_route_completion | 0.671       |
|    window_success          | 0.0333      |
| paper/                     |             |
|    accel_variation         | 0.396       |
|    base_reward             | 320         |
|    collision               | 0           |
|    crash_object            | 0           |
|    crash_vehicle           | 0           |
|    episode_cost            | 0           |
|    episode_length          | 1000        |
|    jerk                    | 0.323       |
|    lane_deviation          | 0.157       |
|    max_lane_deviation      | 0.814       |
|    mean_speed_kmh          | 13.3        |
|    min_ttc                 | 2.4         |
|    out_of_road             | 0           |
|    route_completion        | 0.865       |
|    shaped_reward           | 108         |
|    steering_variation      | 0.58        |
|    success                 | 0           |
|    ttc_risk                | 0.01        |
| rollout/                   |             |
|    ep_len_mean             | 963         |
|    ep_rew_mean             | 72.1        |
|    success_rate            | 0.01        |
| time/                      |             |
|    fps                     | 606         |
|    iterations              | 21          |
|    time_elapsed            | 1133        |
|    total_timesteps         | 688128      |
| train/                     |             |
|    approx_kl               | 0.038117692 |
|    clip_fraction           | 0.222       |
|    clip_range              | 0.2         |
|    entropy_loss            | -1.86       |
|    explained_variance      | 0.439       |
|    learning_rate           | 0.0003      |
|    loss                    | 19.4        |
|    n_updates               | 200         |
|    policy_gradient_loss    | 0.00207     |
|    std                     | 0.608       |
|    value_loss              | 21.8        |
--------------------------------------------
--------------------------------------------
| curriculum/                |             |
|    stage                   | 2           |
|    window_cost             | 0.0333      |
|    window_route_completion | 0.696       |
|    window_success          | 0           |
| paper/                     |             |
|    accel_variation         | 0.381       |
|    base_reward             | 376         |
|    collision               | 0           |
|    crash_object            | 0           |
|    crash_vehicle           | 0           |
|    episode_cost            | 0           |
|    episode_length          | 1000        |
|    jerk                    | 0.337       |
|    lane_deviation          | 0.246       |
|    max_lane_deviation      | 1.31        |
|    mean_speed_kmh          | 17.6        |
|    min_ttc                 | 17.6        |
|    out_of_road             | 0           |
|    route_completion        | 0.799       |
|    shaped_reward           | 146         |
|    steering_variation      | 0.539       |
|    success                 | 0           |
|    ttc_risk                | 0           |
| rollout/                   |             |
|    ep_len_mean             | 976         |
|    ep_rew_mean             | 97.2        |
|    success_rate            | 0.02        |
| time/                      |             |
|    fps                     | 584         |
|    iterations              | 22          |
|    time_elapsed            | 1232        |
|    total_timesteps         | 720896      |
| train/                     |             |
|    approx_kl               | 0.014330155 |
|    clip_fraction           | 0.242       |
|    clip_range              | 0.2         |
|    entropy_loss            | -1.79       |
|    explained_variance      | 0.321       |
|    learning_rate           | 0.0003      |
|    loss                    | 3.14        |
|    n_updates               | 210         |
|    policy_gradient_loss    | 0.00432     |
|    std                     | 0.586       |
|    value_loss              | 19.3        |
--------------------------------------------
--------------------------------------------
| curriculum/                |             |
|    stage                   | 2           |
|    window_cost             | 0.0667      |
|    window_route_completion | 0.778       |
|    window_success          | 0.1         |
| paper/                     |             |
|    accel_variation         | 0.421       |
|    base_reward             | 376         |
|    collision               | 0           |
|    crash_object            | 0           |
|    crash_vehicle           | 0           |
|    episode_cost            | 0           |
|    episode_length          | 1000        |
|    jerk                    | 0.367       |
|    lane_deviation          | 0.177       |
|    max_lane_deviation      | 0.767       |
|    mean_speed_kmh          | 16          |
|    min_ttc                 | 5.91        |
|    out_of_road             | 0           |
|    route_completion        | 0.738       |
|    shaped_reward           | 171         |
|    steering_variation      | 0.549       |
|    success                 | 0           |
|    ttc_risk                | 1.51e-05    |
| rollout/                   |             |
|    ep_len_mean             | 966         |
|    ep_rew_mean             | 114         |
|    success_rate            | 0.05        |
| time/                      |             |
|    fps                     | 567         |
|    iterations              | 23          |
|    time_elapsed            | 1327        |
|    total_timesteps         | 753664      |
| train/                     |             |
|    approx_kl               | 0.025323795 |
|    clip_fraction           | 0.223       |
|    clip_range              | 0.2         |
|    entropy_loss            | -1.73       |
|    explained_variance      | 0.508       |
|    learning_rate           | 0.0003      |
|    loss                    | 12.1        |
|    n_updates               | 220         |
|    policy_gradient_loss    | 0.00535     |
|    std                     | 0.574       |
|    value_loss              | 12.4        |
--------------------------------------------
--------------------------------------------
| curriculum/                |             |
|    stage                   | 2           |
|    window_cost             | 0.1         |
|    window_route_completion | 0.774       |
|    window_success          | 0.2         |
| paper/                     |             |
|    accel_variation         | 0.387       |
|    base_reward             | 381         |
|    collision               | 0           |
|    crash_object            | 0           |
|    crash_vehicle           | 0           |
|    episode_cost            | 0           |
|    episode_length          | 923         |
|    jerk                    | 0.325       |
|    lane_deviation          | 0.211       |
|    max_lane_deviation      | 0.766       |
|    mean_speed_kmh          | 17.3        |
|    min_ttc                 | 10.2        |
|    out_of_road             | 0           |
|    route_completion        | 0.989       |
|    shaped_reward           | 228         |
|    steering_variation      | 0.538       |
|    success                 | 1           |
|    ttc_risk                | 0           |
| rollout/                   |             |
|    ep_len_mean             | 954         |
|    ep_rew_mean             | 124         |
|    success_rate            | 0.1         |
| time/                      |             |
|    fps                     | 545         |
|    iterations              | 24          |
|    time_elapsed            | 1440        |
|    total_timesteps         | 786432      |
| train/                     |             |
|    approx_kl               | 0.014168667 |
|    clip_fraction           | 0.191       |
|    clip_range              | 0.2         |
|    entropy_loss            | -1.7        |
|    explained_variance      | 0.571       |
|    learning_rate           | 0.0003      |
|    loss                    | 6.42        |
|    n_updates               | 230         |
|    policy_gradient_loss    | 0.00505     |
|    std                     | 0.561       |
|    value_loss              | 21.6        |
--------------------------------------------
-------------------------------------------
| curriculum/                |            |
|    stage                   | 2          |
|    window_cost             | 0.0667     |
|    window_route_completion | 0.823      |
|    window_success          | 0.2        |
| paper/                     |            |
|    accel_variation         | 0.402      |
|    base_reward             | 410        |
|    collision               | 0          |
|    crash_object            | 0          |
|    crash_vehicle           | 0          |
|    episode_cost            | 0          |
|    episode_length          | 1000       |
|    jerk                    | 0.327      |
|    lane_deviation          | 0.187      |
|    max_lane_deviation      | 0.855      |
|    mean_speed_kmh          | 17.4       |
|    min_ttc                 | 2.22       |
|    out_of_road             | 0          |
|    route_completion        | 0.88       |
|    shaped_reward           | 174        |
|    steering_variation      | 0.512      |
|    success                 | 0          |
|    ttc_risk                | 0.00429    |
| rollout/                   |            |
|    ep_len_mean             | 945        |
|    ep_rew_mean             | 136        |
|    success_rate            | 0.17       |
| time/                      |            |
|    fps                     | 530        |
|    iterations              | 25         |
|    time_elapsed            | 1543       |
|    total_timesteps         | 819200     |
| train/                     |            |
|    approx_kl               | 0.05303139 |
|    clip_fraction           | 0.262      |
|    clip_range              | 0.2        |
|    entropy_loss            | -1.64      |
|    explained_variance      | 0.41       |
|    learning_rate           | 0.0003     |
|    loss                    | 34.4       |
|    n_updates               | 240        |
|    policy_gradient_loss    | 0.00792    |
|    std                     | 0.547      |
|    value_loss              | 30.5       |
-------------------------------------------
--------------------------------------------
| curriculum/                |             |
|    stage                   | 2           |
|    window_cost             | 0.0333      |
|    window_route_completion | 0.836       |
|    window_success          | 0.2         |
| paper/                     |             |
|    accel_variation         | 0.418       |
|    base_reward             | 337         |
|    collision               | 0           |
|    crash_object            | 0           |
|    crash_vehicle           | 0           |
|    episode_cost            | 0           |
|    episode_length          | 782         |
|    jerk                    | 0.367       |
|    lane_deviation          | 0.172       |
|    max_lane_deviation      | 0.597       |
|    mean_speed_kmh          | 17.4        |
|    min_ttc                 | 4.49        |
|    out_of_road             | 0           |
|    route_completion        | 0.988       |
|    shaped_reward           | 219         |
|    steering_variation      | 0.498       |
|    success                 | 1           |
|    ttc_risk                | 0.00123     |
| rollout/                   |             |
|    ep_len_mean             | 930         |
|    ep_rew_mean             | 149         |
|    success_rate            | 0.2         |
| time/                      |             |
|    fps                     | 519         |
|    iterations              | 26          |
|    time_elapsed            | 1641        |
|    total_timesteps         | 851968      |
| train/                     |             |
|    approx_kl               | 0.014070567 |
|    clip_fraction           | 0.247       |
|    clip_range              | 0.2         |
|    entropy_loss            | -1.59       |
|    explained_variance      | 0.582       |
|    learning_rate           | 0.0003      |
|    loss                    | 4.62        |
|    n_updates               | 250         |
|    policy_gradient_loss    | 0.00707     |
|    std                     | 0.533       |
|    value_loss              | 17.7        |
--------------------------------------------
-------------------------------------------
| curriculum/                |            |
|    stage                   | 2          |
|    window_cost             | 0.1        |
|    window_route_completion | 0.82       |
|    window_success          | 0.3        |
| paper/                     |            |
|    accel_variation         | 0.443      |
|    base_reward             | 383        |
|    collision               | 0          |
|    crash_object            | 0          |
|    crash_vehicle           | 0          |
|    episode_cost            | 0          |
|    episode_length          | 1000       |
|    jerk                    | 0.408      |
|    lane_deviation          | 0.3        |
|    max_lane_deviation      | 0.988      |
|    mean_speed_kmh          | 18.8       |
|    min_ttc                 | nan        |
|    out_of_road             | 0          |
|    route_completion        | 0.658      |
|    shaped_reward           | 135        |
|    steering_variation      | 0.471      |
|    success                 | 0          |
|    ttc_risk                | 0          |
| rollout/                   |            |
|    ep_len_mean             | 942        |
|    ep_rew_mean             | 159        |
|    success_rate            | 0.23       |
| time/                      |            |
|    fps                     | 511        |
|    iterations              | 27         |
|    time_elapsed            | 1730       |
|    total_timesteps         | 884736     |
| train/                     |            |
|    approx_kl               | 0.06397269 |
|    clip_fraction           | 0.258      |
|    clip_range              | 0.2        |
|    entropy_loss            | -1.54      |
|    explained_variance      | 0.523      |
|    learning_rate           | 0.0003     |
|    loss                    | 2.44       |
|    n_updates               | 260        |
|    policy_gradient_loss    | 0.0102     |
|    std                     | 0.521      |
|    value_loss              | 19         |
-------------------------------------------
--------------------------------------------
| curriculum/                |             |
|    stage                   | 2           |
|    window_cost             | 0.133       |
|    window_route_completion | 0.792       |
|    window_success          | 0.133       |
| paper/                     |             |
|    accel_variation         | 0.446       |
|    base_reward             | 387         |
|    collision               | 0           |
|    crash_object            | 0           |
|    crash_vehicle           | 0           |
|    episode_cost            | 0           |
|    episode_length          | 1000        |
|    jerk                    | 0.384       |
|    lane_deviation          | 0.266       |
|    max_lane_deviation      | 0.798       |
|    mean_speed_kmh          | 18.2        |
|    min_ttc                 | 3.03        |
|    out_of_road             | 0           |
|    route_completion        | 0.754       |
|    shaped_reward           | 134         |
|    steering_variation      | 0.523       |
|    success                 | 0           |
|    ttc_risk                | 0.00471     |
| rollout/                   |             |
|    ep_len_mean             | 927         |
|    ep_rew_mean             | 144         |
|    success_rate            | 0.21        |
| time/                      |             |
|    fps                     | 499         |
|    iterations              | 28          |
|    time_elapsed            | 1835        |
|    total_timesteps         | 917504      |
| train/                     |             |
|    approx_kl               | 0.053558007 |
|    clip_fraction           | 0.219       |
|    clip_range              | 0.2         |
|    entropy_loss            | -1.51       |
|    explained_variance      | 0.687       |
|    learning_rate           | 0.0003      |
|    loss                    | 4.84        |
|    n_updates               | 270         |
|    policy_gradient_loss    | 0.00503     |
|    std                     | 0.515       |
|    value_loss              | 12.8        |
--------------------------------------------
-------------------------------------------
| curriculum/                |            |
|    stage                   | 2          |
|    window_cost             | 0.1        |
|    window_route_completion | 0.797      |
|    window_success          | 0.2        |
| paper/                     |            |
|    accel_variation         | 0.491      |
|    base_reward             | 156        |
|    collision               | 0          |
|    crash_object            | 0          |
|    crash_vehicle           | 0          |
|    episode_cost            | 1          |
|    episode_length          | 415        |
|    jerk                    | 0.395      |
|    lane_deviation          | 0.232      |
|    max_lane_deviation      | 1.04       |
|    mean_speed_kmh          | 18.5       |
|    min_ttc                 | 9.95       |
|    out_of_road             | 1          |
|    route_completion        | 0.418      |
|    shaped_reward           | -64        |
|    steering_variation      | 0.508      |
|    success                 | 0          |
|    ttc_risk                | 0          |
| rollout/                   |            |
|    ep_len_mean             | 930        |
|    ep_rew_mean             | 137        |
|    success_rate            | 0.22       |
| time/                      |            |
|    fps                     | 483        |
|    iterations              | 29         |
|    time_elapsed            | 1965       |
|    total_timesteps         | 950272     |
| train/                     |            |
|    approx_kl               | 0.02604547 |
|    clip_fraction           | 0.201      |
|    clip_range              | 0.2        |
|    entropy_loss            | -1.48      |
|    explained_variance      | 0.493      |
|    learning_rate           | 0.0003     |
|    loss                    | 4.69       |
|    n_updates               | 280        |
|    policy_gradient_loss    | 0.00139    |
|    std                     | 0.506      |
|    value_loss              | 28.5       |
-------------------------------------------
-------------------------------------------
| curriculum/                |            |
|    stage                   | 2          |
|    window_cost             | 0.2        |
|    window_route_completion | 0.794      |
|    window_success          | 0.167      |
| paper/                     |            |
|    accel_variation         | 0.472      |
|    base_reward             | 313        |
|    collision               | 0          |
|    crash_object            | 0          |
|    crash_vehicle           | 0          |
|    episode_cost            | 1          |
|    episode_length          | 848        |
|    jerk                    | 0.389      |
|    lane_deviation          | 0.285      |
|    max_lane_deviation      | 2          |
|    mean_speed_kmh          | 18.5       |
|    min_ttc                 | 5.92       |
|    out_of_road             | 1          |
|    route_completion        | 0.702      |
|    shaped_reward           | -47.6      |
|    steering_variation      | 0.458      |
|    success                 | 0          |
|    ttc_risk                | 1.62e-05   |
| rollout/                   |            |
|    ep_len_mean             | 922        |
|    ep_rew_mean             | 132        |
|    success_rate            | 0.16       |
| time/                      |            |
|    fps                     | 471        |
|    iterations              | 30         |
|    time_elapsed            | 2086       |
|    total_timesteps         | 983040     |
| train/                     |            |
|    approx_kl               | 0.02729411 |
|    clip_fraction           | 0.185      |
|    clip_range              | 0.2        |
|    entropy_loss            | -1.41      |
|    explained_variance      | 0.507      |
|    learning_rate           | 0.0003     |
|    loss                    | 3.96       |
|    n_updates               | 290        |
|    policy_gradient_loss    | 0.0017     |
|    std                     | 0.492      |
|    value_loss              | 23.5       |
-------------------------------------------
--------------------------------------------
| curriculum/                |             |
|    stage                   | 2           |
|    window_cost             | 0.0667      |
|    window_route_completion | 0.828       |
|    window_success          | 0.167       |
| paper/                     |             |
|    accel_variation         | 0.476       |
|    base_reward             | 389         |
|    collision               | 0           |
|    crash_object            | 0           |
|    crash_vehicle           | 0           |
|    episode_cost            | 0           |
|    episode_length          | 1000        |
|    jerk                    | 0.404       |
|    lane_deviation          | 0.223       |
|    max_lane_deviation      | 0.994       |
|    mean_speed_kmh          | 17.8        |
|    min_ttc                 | 2.93        |
|    out_of_road             | 0           |
|    route_completion        | 0.741       |
|    shaped_reward           | 147         |
|    steering_variation      | 0.448       |
|    success                 | 0           |
|    ttc_risk                | 0.00331     |
| rollout/                   |             |
|    ep_len_mean             | 930         |
|    ep_rew_mean             | 147         |
|    success_rate            | 0.15        |
| time/                      |             |
|    fps                     | 466         |
|    iterations              | 31          |
|    time_elapsed            | 2175        |
|    total_timesteps         | 1015808     |
| train/                     |             |
|    approx_kl               | 0.018556416 |
|    clip_fraction           | 0.236       |
|    clip_range              | 0.2         |
|    entropy_loss            | -1.38       |
|    explained_variance      | 0.45        |
|    learning_rate           | 0.0003      |
|    loss                    | 6.9         |
|    n_updates               | 300         |
|    policy_gradient_loss    | 0.00547     |
|    std                     | 0.484       |
|    value_loss              | 29          |
--------------------------------------------
Wrapping the env in a DummyVecEnv.
/root/autodl-tmp/projects/sb3/stable-baselines3-master/stable_baselines3/common/on_policy_algorithm.py:150: UserWarning: You are trying to run PPO on the GPU, but it is primarily intended to run on the CPU when not using a CNN policy (you are using ActorCriticPolicy which should be a MlpPolicy). See https://github.com/DLR-RM/stable-baselines3/issues/1245 for more info. You can pass `device='cpu'` or `export CUDA_VISIBLE_DEVICES=` to force using the CPU.Note: The model will train, but the GPU utilization will be poor and the training might take longer than on CPU.
  warnings.warn(
Wrapping the env in a DummyVecEnv.
Wrapping the env in a DummyVecEnv.
                       seed  success  route_completion  collision  out_of_road  cost      reward  shaped_reward  episode_length      speed  lane_deviation  steering_variation  accel_variation  ttc_risk   min_ttc
variant  algo density                                                                                                                                                                                              
proposed ppo  0.00     10.5     0.84          0.974494       0.00         0.00  0.00  548.914020     340.654069          972.28  20.252373        0.068722            0.017037         0.227283  0.000000       NaN
              0.08     10.5     0.77          0.934403       0.07         0.00  0.07  519.606033     303.475884          942.34  20.011358        0.079788            0.021592         0.231747  0.002093  5.468919
              0.15     10.5     0.51          0.791641       0.38         0.02  0.40  403.146315     140.769633          845.84  18.358196        0.129115            0.030087         0.266825  0.010725  2.610408
curve_source=tensorboard
saved_summary=outputs/stage1000_true_proposed_s10s11_independent_nenv32/evaluations/summary.csv
saved_figures=outputs/stage1000_true_proposed_s10s11_independent_nenv32/figures
saved_report=outputs/stage1000_true_proposed_s10s11_independent_nenv32/运行记录.md
