/home/aaa/data/qj/stable-baselines3-master/stable_baselines3/common/on_policy_algorithm.py:150: UserWarning: You are trying to run PPO on the GPU, but it is primarily intended to run on the CPU when not using a CNN policy (you are using ActorCriticPolicy which should be a MlpPolicy). See https://github.com/DLR-RM/stable-baselines3/issues/1245 for more info. You can pass `device='cpu'` or `export CUDA_VISIBLE_DEVICES=` to force using the CPU.Note: The model will train, but the GPU utilization will be poor and the training might take longer than on CPU.
  warnings.warn(
Using cuda device
Logging to outputs/smoke_proposed_gated_risk_20260701_0308/runs/proposed_gated_risk_ppo_s99/tensorboard/proposed_gated_risk_ppo_s99_1
------------------------------------
| paper/                |          |
|    accel_variation    | 0.809    |
|    base_reward        | 6.39     |
|    collision          | 0        |
|    crash_object       | 0        |
|    crash_vehicle      | 0        |
|    episode_cost       | 0        |
|    episode_length     | 600      |
|    jerk               | 0.633    |
|    lane_deviation     | 0.34     |
|    max_lane_deviation | 0.88     |
|    mean_speed_kmh     | 0.777    |
|    min_ttc            | nan      |
|    out_of_road        | 0        |
|    route_completion   | 0.133    |
|    shaped_reward      | -113     |
|    steering_variation | 0.819    |
|    success            | 0        |
|    ttc_risk           | 0        |
| rollout/              |          |
|    ep_len_mean        | 600      |
|    ep_rew_mean        | -82.5    |
|    success_rate       | 0        |
| time/                 |          |
|    fps                | 2706     |
|    iterations         | 1        |
|    time_elapsed       | 6        |
|    total_timesteps    | 16384    |
------------------------------------
saved_model=outputs/smoke_proposed_gated_risk_20260701_0308/runs/proposed_gated_risk_ppo_s99/model/final_model.zip
