Using cuda device
/root/autodl-tmp/projects/sb3/stable-baselines3-master/stable_baselines3/common/on_policy_algorithm.py:150: UserWarning: You are trying to run PPO on the GPU, but it is primarily intended to run on the CPU when not using a CNN policy (you are using ActorCriticPolicy which should be a MlpPolicy). See https://github.com/DLR-RM/stable-baselines3/issues/1245 for more info. You can pass `device='cpu'` or `export CUDA_VISIBLE_DEVICES=` to force using the CPU.Note: The model will train, but the GPU utilization will be poor and the training might take longer than on CPU.
  warnings.warn(
Logging to outputs/stage1000_true_proposed_s12s13_gpu0_nenv24/runs/proposed_ppo_s12/tensorboard/proposed_ppo_s12_1
------------------------------------
| paper/                |          |
|    accel_variation    | 0.831    |
|    base_reward        | 4.94     |
|    collision          | 0        |
|    crash_object       | 0        |
|    crash_vehicle      | 0        |
|    episode_cost       | 0        |
|    episode_length     | 600      |
|    jerk               | 0.622    |
|    lane_deviation     | 0.0292   |
|    max_lane_deviation | 0.0879   |
|    mean_speed_kmh     | 0.644    |
|    min_ttc            | nan      |
|    out_of_road        | 0        |
|    route_completion   | 0.0916   |
|    shaped_reward      | -95      |
|    steering_variation | 0.806    |
|    success            | 0        |
|    ttc_risk           | 0        |
| rollout/              |          |
|    ep_len_mean        | 600      |
|    ep_rew_mean        | -104     |
|    success_rate       | 0        |
| time/                 |          |
|    fps                | 1295     |
|    iterations         | 1        |
|    time_elapsed       | 18       |
|    total_timesteps    | 24576    |
------------------------------------
---------------------------------------------
| curriculum/                |              |
|    stage                   | 0            |
|    window_cost             | 0            |
|    window_route_completion | 0.11         |
|    window_success          | 0            |
| paper/                     |              |
|    accel_variation         | 0.762        |
|    base_reward             | 7.07         |
|    collision               | 0            |
|    crash_object            | 0            |
|    crash_vehicle           | 0            |
|    episode_cost            | 0            |
|    episode_length          | 600          |
|    jerk                    | 0.61         |
|    lane_deviation          | 0.119        |
|    max_lane_deviation      | 0.347        |
|    mean_speed_kmh          | 0.763        |
|    min_ttc                 | nan          |
|    out_of_road             | 0            |
|    route_completion        | 0.0989       |
|    shaped_reward           | -97.5        |
|    steering_variation      | 0.818        |
|    success                 | 0            |
|    ttc_risk                | 0            |
| rollout/                   |              |
|    ep_len_mean             | 600          |
|    ep_rew_mean             | -108         |
|    success_rate            | 0            |
| time/                      |              |
|    fps                     | 858          |
|    iterations              | 2            |
|    time_elapsed            | 57           |
|    total_timesteps         | 49152        |
| train/                     |              |
|    approx_kl               | 0.0073842523 |
|    clip_fraction           | 0.0856       |
|    clip_range              | 0.2          |
|    entropy_loss            | -2.82        |
|    explained_variance      | -0.00113     |
|    learning_rate           | 0.0003       |
|    loss                    | 0.498        |
|    n_updates               | 10           |
|    policy_gradient_loss    | -0.00375     |
|    std                     | 0.982        |
|    value_loss              | 0.686        |
---------------------------------------------
--------------------------------------------
| curriculum/                |             |
|    stage                   | 0           |
|    window_cost             | 0           |
|    window_route_completion | 0.145       |
|    window_success          | 0           |
| paper/                     |             |
|    accel_variation         | 0.753       |
|    base_reward             | 9           |
|    collision               | 0           |
|    crash_object            | 0           |
|    crash_vehicle           | 0           |
|    episode_cost            | 0           |
|    episode_length          | 600         |
|    jerk                    | 0.618       |
|    lane_deviation          | 0.412       |
|    max_lane_deviation      | 1           |
|    mean_speed_kmh          | 1.08        |
|    min_ttc                 | nan         |
|    out_of_road             | 0           |
|    route_completion        | 0.151       |
|    shaped_reward           | -167        |
|    steering_variation      | 0.796       |
|    success                 | 0           |
|    ttc_risk                | 0           |
| rollout/                   |             |
|    ep_len_mean             | 600         |
|    ep_rew_mean             | -116        |
|    success_rate            | 0           |
| time/                      |             |
|    fps                     | 775         |
|    iterations              | 3           |
|    time_elapsed            | 95          |
|    total_timesteps         | 73728       |
| train/                     |             |
|    approx_kl               | 0.005206446 |
|    clip_fraction           | 0.0704      |
|    clip_range              | 0.2         |
|    entropy_loss            | -2.78       |
|    explained_variance      | 0.108       |
|    learning_rate           | 0.0003      |
|    loss                    | 0.692       |
|    n_updates               | 20          |
|    policy_gradient_loss    | -0.0038     |
|    std                     | 0.964       |
|    value_loss              | 1.43        |
--------------------------------------------
---------------------------------------------
| curriculum/                |              |
|    stage                   | 0            |
|    window_cost             | 0            |
|    window_route_completion | 0.16         |
|    window_success          | 0            |
| paper/                     |              |
|    accel_variation         | 0.751        |
|    base_reward             | 9.48         |
|    collision               | 0            |
|    crash_object            | 0            |
|    crash_vehicle           | 0            |
|    episode_cost            | 0            |
|    episode_length          | 600          |
|    jerk                    | 0.583        |
|    lane_deviation          | 0.339        |
|    max_lane_deviation      | 0.503        |
|    mean_speed_kmh          | 1.05         |
|    min_ttc                 | nan          |
|    out_of_road             | 0            |
|    route_completion        | 0.142        |
|    shaped_reward           | -120         |
|    steering_variation      | 0.78         |
|    success                 | 0            |
|    ttc_risk                | 0            |
| rollout/                   |              |
|    ep_len_mean             | 600          |
|    ep_rew_mean             | -123         |
|    success_rate            | 0            |
| time/                      |              |
|    fps                     | 768          |
|    iterations              | 4            |
|    time_elapsed            | 127          |
|    total_timesteps         | 98304        |
| train/                     |              |
|    approx_kl               | 0.0049578184 |
|    clip_fraction           | 0.037        |
|    clip_range              | 0.2          |
|    entropy_loss            | -2.76        |
|    explained_variance      | 0.112        |
|    learning_rate           | 0.0003       |
|    loss                    | 0.723        |
|    n_updates               | 30           |
|    policy_gradient_loss    | -0.00147     |
|    std                     | 0.959        |
|    value_loss              | 2.69         |
---------------------------------------------
---------------------------------------------
| curriculum/                |              |
|    stage                   | 0            |
|    window_cost             | 0.0667       |
|    window_route_completion | 0.206        |
|    window_success          | 0            |
| paper/                     |              |
|    accel_variation         | 0.727        |
|    base_reward             | -6.94        |
|    collision               | 0            |
|    crash_object            | 0            |
|    crash_vehicle           | 0            |
|    episode_cost            | 1            |
|    episode_length          | 263          |
|    jerk                    | 0.582        |
|    lane_deviation          | 0.522        |
|    max_lane_deviation      | 1.03         |
|    mean_speed_kmh          | 1.15         |
|    min_ttc                 | nan          |
|    out_of_road             | 1            |
|    route_completion        | 0.113        |
|    shaped_reward           | -219         |
|    steering_variation      | 0.846        |
|    success                 | 0            |
|    ttc_risk                | 0            |
| rollout/                   |              |
|    ep_len_mean             | 594          |
|    ep_rew_mean             | -163         |
|    success_rate            | 0            |
| time/                      |              |
|    fps                     | 767          |
|    iterations              | 5            |
|    time_elapsed            | 160          |
|    total_timesteps         | 122880       |
| train/                     |              |
|    approx_kl               | 0.0042897244 |
|    clip_fraction           | 0.0453       |
|    clip_range              | 0.2          |
|    entropy_loss            | -2.75        |
|    explained_variance      | 0.646        |
|    learning_rate           | 0.0003       |
|    loss                    | 0.321        |
|    n_updates               | 40           |
|    policy_gradient_loss    | -0.0016      |
|    std                     | 0.955        |
|    value_loss              | 2.71         |
---------------------------------------------
---------------------------------------------
| curriculum/                |              |
|    stage                   | 0            |
|    window_cost             | 0.133        |
|    window_route_completion | 0.224        |
|    window_success          | 0            |
| paper/                     |              |
|    accel_variation         | 0.693        |
|    base_reward             | -3.63        |
|    collision               | 0            |
|    crash_object            | 0            |
|    crash_vehicle           | 0            |
|    episode_cost            | 1            |
|    episode_length          | 333          |
|    jerk                    | 0.576        |
|    lane_deviation          | 0.335        |
|    max_lane_deviation      | 1.03         |
|    mean_speed_kmh          | 1.53         |
|    min_ttc                 | nan          |
|    out_of_road             | 1            |
|    route_completion        | 0.154        |
|    shaped_reward           | -205         |
|    steering_variation      | 0.824        |
|    success                 | 0            |
|    ttc_risk                | 0            |
| rollout/                   |              |
|    ep_len_mean             | 581          |
|    ep_rew_mean             | -187         |
|    success_rate            | 0            |
| time/                      |              |
|    fps                     | 787          |
|    iterations              | 6            |
|    time_elapsed            | 187          |
|    total_timesteps         | 147456       |
| train/                     |              |
|    approx_kl               | 0.0030075933 |
|    clip_fraction           | 0.0245       |
|    clip_range              | 0.2          |
|    entropy_loss            | -2.74        |
|    explained_variance      | 0.721        |
|    learning_rate           | 0.0003       |
|    loss                    | 4.88         |
|    n_updates               | 50           |
|    policy_gradient_loss    | -0.000129    |
|    std                     | 0.954        |
|    value_loss              | 29           |
---------------------------------------------
--------------------------------------------
| curriculum/                |             |
|    stage                   | 0           |
|    window_cost             | 0.333       |
|    window_route_completion | 0.233       |
|    window_success          | 0           |
| paper/                     |             |
|    accel_variation         | 0.675       |
|    base_reward             | 6.07        |
|    collision               | 0           |
|    crash_object            | 0           |
|    crash_vehicle           | 0           |
|    episode_cost            | 1           |
|    episode_length          | 548         |
|    jerk                    | 0.566       |
|    lane_deviation          | 0.352       |
|    max_lane_deviation      | 1.08        |
|    mean_speed_kmh          | 2.05        |
|    min_ttc                 | nan         |
|    out_of_road             | 1           |
|    route_completion        | 0.275       |
|    shaped_reward           | -232        |
|    steering_variation      | 0.801       |
|    success                 | 0           |
|    ttc_risk                | 0           |
| rollout/                   |             |
|    ep_len_mean             | 549         |
|    ep_rew_mean             | -194        |
|    success_rate            | 0           |
| time/                      |             |
|    fps                     | 765         |
|    iterations              | 7           |
|    time_elapsed            | 224         |
|    total_timesteps         | 172032      |
| train/                     |             |
|    approx_kl               | 0.002328051 |
|    clip_fraction           | 0.0169      |
|    clip_range              | 0.2         |
|    entropy_loss            | -2.74       |
|    explained_variance      | 0.82        |
|    learning_rate           | 0.0003      |
|    loss                    | 12.6        |
|    n_updates               | 60          |
|    policy_gradient_loss    | -0.000409   |
|    std                     | 0.949       |
|    value_loss              | 30.9        |
--------------------------------------------
---------------------------------------------
| curriculum/                |              |
|    stage                   | 0            |
|    window_cost             | 0.133        |
|    window_route_completion | 0.254        |
|    window_success          | 0            |
| paper/                     |              |
|    accel_variation         | 0.664        |
|    base_reward             | 17.2         |
|    collision               | 0            |
|    crash_object            | 0            |
|    crash_vehicle           | 0            |
|    episode_cost            | 0            |
|    episode_length          | 600          |
|    jerk                    | 0.548        |
|    lane_deviation          | 0.444        |
|    max_lane_deviation      | 0.998        |
|    mean_speed_kmh          | 1.9          |
|    min_ttc                 | nan          |
|    out_of_road             | 0            |
|    route_completion        | 0.33         |
|    shaped_reward           | -134         |
|    steering_variation      | 0.769        |
|    success                 | 0            |
|    ttc_risk                | 0            |
| rollout/                   |              |
|    ep_len_mean             | 545          |
|    ep_rew_mean             | -179         |
|    success_rate            | 0            |
| time/                      |              |
|    fps                     | 753          |
|    iterations              | 8            |
|    time_elapsed            | 261          |
|    total_timesteps         | 196608       |
| train/                     |              |
|    approx_kl               | 0.0054753176 |
|    clip_fraction           | 0.0432       |
|    clip_range              | 0.2          |
|    entropy_loss            | -2.73        |
|    explained_variance      | 0.775        |
|    learning_rate           | 0.0003       |
|    loss                    | 27.4         |
|    n_updates               | 70           |
|    policy_gradient_loss    | -0.0021      |
|    std                     | 0.945        |
|    value_loss              | 52.7         |
---------------------------------------------
--------------------------------------------
| curriculum/                |             |
|    stage                   | 0           |
|    window_cost             | 0           |
|    window_route_completion | 0.287       |
|    window_success          | 0           |
| paper/                     |             |
|    accel_variation         | 0.704       |
|    base_reward             | 12.8        |
|    collision               | 0           |
|    crash_object            | 0           |
|    crash_vehicle           | 0           |
|    episode_cost            | 0           |
|    episode_length          | 600         |
|    jerk                    | 0.594       |
|    lane_deviation          | 0.555       |
|    max_lane_deviation      | 1.43        |
|    mean_speed_kmh          | 1.65        |
|    min_ttc                 | nan         |
|    out_of_road             | 0           |
|    route_completion        | 0.27        |
|    shaped_reward           | -200        |
|    steering_variation      | 0.789       |
|    success                 | 0           |
|    ttc_risk                | 0           |
| rollout/                   |             |
|    ep_len_mean             | 561         |
|    ep_rew_mean             | -175        |
|    success_rate            | 0           |
| time/                      |             |
|    fps                     | 746         |
|    iterations              | 9           |
|    time_elapsed            | 296         |
|    total_timesteps         | 221184      |
| train/                     |             |
|    approx_kl               | 0.004574988 |
|    clip_fraction           | 0.0443      |
|    clip_range              | 0.2         |
|    entropy_loss            | -2.72       |
|    explained_variance      | 0.886       |
|    learning_rate           | 0.0003      |
|    loss                    | 3.97        |
|    n_updates               | 80          |
|    policy_gradient_loss    | -0.00166    |
|    std                     | 0.942       |
|    value_loss              | 23          |
--------------------------------------------
-------------------------------------------
| curriculum/                |            |
|    stage                   | 0          |
|    window_cost             | 0.1        |
|    window_route_completion | 0.3        |
|    window_success          | 0          |
| paper/                     |            |
|    accel_variation         | 0.608      |
|    base_reward             | 17.6       |
|    collision               | 0          |
|    crash_object            | 0          |
|    crash_vehicle           | 0          |
|    episode_cost            | 0          |
|    episode_length          | 600        |
|    jerk                    | 0.502      |
|    lane_deviation          | 0.501      |
|    max_lane_deviation      | 0.999      |
|    mean_speed_kmh          | 2.03       |
|    min_ttc                 | nan        |
|    out_of_road             | 0          |
|    route_completion        | 0.29       |
|    shaped_reward           | -151       |
|    steering_variation      | 0.821      |
|    success                 | 0          |
|    ttc_risk                | 0          |
| rollout/                   |            |
|    ep_len_mean             | 588        |
|    ep_rew_mean             | -168       |
|    success_rate            | 0          |
| time/                      |            |
|    fps                     | 751        |
|    iterations              | 10         |
|    time_elapsed            | 327        |
|    total_timesteps         | 245760     |
| train/                     |            |
|    approx_kl               | 0.00450723 |
|    clip_fraction           | 0.06       |
|    clip_range              | 0.2        |
|    entropy_loss            | -2.72      |
|    explained_variance      | 0.949      |
|    learning_rate           | 0.0003     |
|    loss                    | 5.07       |
|    n_updates               | 90         |
|    policy_gradient_loss    | -0.00198   |
|    std                     | 0.942      |
|    value_loss              | 16.7       |
-------------------------------------------
--------------------------------------------
| curriculum/                |             |
|    stage                   | 0           |
|    window_cost             | 0.2         |
|    window_route_completion | 0.312       |
|    window_success          | 0           |
| paper/                     |             |
|    accel_variation         | 0.652       |
|    base_reward             | 18.5        |
|    collision               | 0           |
|    crash_object            | 0           |
|    crash_vehicle           | 0           |
|    episode_cost            | 0           |
|    episode_length          | 600         |
|    jerk                    | 0.496       |
|    lane_deviation          | 0.559       |
|    max_lane_deviation      | 0.945       |
|    mean_speed_kmh          | 2.37        |
|    min_ttc                 | nan         |
|    out_of_road             | 0           |
|    route_completion        | 0.342       |
|    shaped_reward           | -143        |
|    steering_variation      | 0.752       |
|    success                 | 0           |
|    ttc_risk                | 0           |
| rollout/                   |             |
|    ep_len_mean             | 584         |
|    ep_rew_mean             | -140        |
|    success_rate            | 0           |
| time/                      |             |
|    fps                     | 749         |
|    iterations              | 11          |
|    time_elapsed            | 360         |
|    total_timesteps         | 270336      |
| train/                     |             |
|    approx_kl               | 0.008929505 |
|    clip_fraction           | 0.107       |
|    clip_range              | 0.2         |
|    entropy_loss            | -2.69       |
|    explained_variance      | 0.922       |
|    learning_rate           | 0.0003      |
|    loss                    | 4.36        |
|    n_updates               | 100         |
|    policy_gradient_loss    | -0.00567    |
|    std                     | 0.919       |
|    value_loss              | 18.5        |
--------------------------------------------
--------------------------------------------
| curriculum/                |             |
|    stage                   | 0           |
|    window_cost             | 0           |
|    window_route_completion | 0.373       |
|    window_success          | 0           |
| paper/                     |             |
|    accel_variation         | 0.65        |
|    base_reward             | 34.2        |
|    collision               | 0           |
|    crash_object            | 0           |
|    crash_vehicle           | 0           |
|    episode_cost            | 0           |
|    episode_length          | 600         |
|    jerk                    | 0.547       |
|    lane_deviation          | 0.22        |
|    max_lane_deviation      | 0.5         |
|    mean_speed_kmh          | 2.57        |
|    min_ttc                 | nan         |
|    out_of_road             | 0           |
|    route_completion        | 0.49        |
|    shaped_reward           | -47         |
|    steering_variation      | 0.72        |
|    success                 | 0           |
|    ttc_risk                | 0           |
| rollout/                   |             |
|    ep_len_mean             | 584         |
|    ep_rew_mean             | -98.7       |
|    success_rate            | 0           |
| time/                      |             |
|    fps                     | 749         |
|    iterations              | 12          |
|    time_elapsed            | 393         |
|    total_timesteps         | 294912      |
| train/                     |             |
|    approx_kl               | 0.011381711 |
|    clip_fraction           | 0.18        |
|    clip_range              | 0.2         |
|    entropy_loss            | -2.64       |
|    explained_variance      | 0.797       |
|    learning_rate           | 0.0003      |
|    loss                    | 12.7        |
|    n_updates               | 110         |
|    policy_gradient_loss    | -0.0027     |
|    std                     | 0.897       |
|    value_loss              | 20.9        |
--------------------------------------------
-------------------------------------------
| curriculum/                |            |
|    stage                   | 0          |
|    window_cost             | 0          |
|    window_route_completion | 0.508      |
|    window_success          | 0          |
| paper/                     |            |
|    accel_variation         | 0.596      |
|    base_reward             | 46.4       |
|    collision               | 0          |
|    crash_object            | 0          |
|    crash_vehicle           | 0          |
|    episode_cost            | 0          |
|    episode_length          | 600        |
|    jerk                    | 0.488      |
|    lane_deviation          | 0.194      |
|    max_lane_deviation      | 0.439      |
|    mean_speed_kmh          | 3.37       |
|    min_ttc                 | nan        |
|    out_of_road             | 0          |
|    route_completion        | 0.584      |
|    shaped_reward           | -10.2      |
|    steering_variation      | 0.726      |
|    success                 | 0          |
|    ttc_risk                | 0          |
| rollout/                   |            |
|    ep_len_mean             | 591        |
|    ep_rew_mean             | -64.5      |
|    success_rate            | 0          |
| time/                      |            |
|    fps                     | 743        |
|    iterations              | 13         |
|    time_elapsed            | 429        |
|    total_timesteps         | 319488     |
| train/                     |            |
|    approx_kl               | 0.01910072 |
|    clip_fraction           | 0.234      |
|    clip_range              | 0.2        |
|    entropy_loss            | -2.55      |
|    explained_variance      | 0.855      |
|    learning_rate           | 0.0003     |
|    loss                    | 1.81       |
|    n_updates               | 120        |
|    policy_gradient_loss    | -0.00733   |
|    std                     | 0.858      |
|    value_loss              | 3.59       |
-------------------------------------------
--------------------------------------------
| curriculum/                |             |
|    stage                   | 1           |
|    window_cost             | 0           |
|    window_route_completion | 0.654       |
|    window_success          | 0           |
| paper/                     |             |
|    accel_variation         | 0.511       |
|    base_reward             | 89          |
|    collision               | 0           |
|    crash_object            | 0           |
|    crash_vehicle           | 0           |
|    episode_cost            | 0           |
|    episode_length          | 722         |
|    jerk                    | 0.433       |
|    lane_deviation          | 0.303       |
|    max_lane_deviation      | 0.861       |
|    mean_speed_kmh          | 4.64        |
|    min_ttc                 | nan         |
|    out_of_road             | 0           |
|    route_completion        | 0.95        |
|    shaped_reward           | 47.2        |
|    steering_variation      | 0.716       |
|    success                 | 1           |
|    ttc_risk                | 0           |
| rollout/                   |             |
|    ep_len_mean             | 603         |
|    ep_rew_mean             | -29.3       |
|    success_rate            | 0.02        |
| time/                      |             |
|    fps                     | 739         |
|    iterations              | 14          |
|    time_elapsed            | 465         |
|    total_timesteps         | 344064      |
| train/                     |             |
|    approx_kl               | 0.020288384 |
|    clip_fraction           | 0.244       |
|    clip_range              | 0.2         |
|    entropy_loss            | -2.45       |
|    explained_variance      | 0.638       |
|    learning_rate           | 0.0003      |
|    loss                    | 1.8         |
|    n_updates               | 130         |
|    policy_gradient_loss    | -0.00684    |
|    std                     | 0.816       |
|    value_loss              | 3.56        |
--------------------------------------------
-------------------------------------------
| curriculum/                |            |
|    stage                   | 2          |
|    window_cost             | 0          |
|    window_route_completion | 0.825      |
|    window_success          | 0.5        |
| paper/                     |            |
|    accel_variation         | 0.42       |
|    base_reward             | 117        |
|    collision               | 0          |
|    crash_object            | 0          |
|    crash_vehicle           | 0          |
|    episode_cost            | 0          |
|    episode_length          | 800        |
|    jerk                    | 0.357      |
|    lane_deviation          | 0.326      |
|    max_lane_deviation      | 1.3        |
|    mean_speed_kmh          | 7.58       |
|    min_ttc                 | nan        |
|    out_of_road             | 0          |
|    route_completion        | 0.532      |
|    shaped_reward           | -15.2      |
|    steering_variation      | 0.704      |
|    success                 | 0          |
|    ttc_risk                | 0          |
| rollout/                   |            |
|    ep_len_mean             | 644        |
|    ep_rew_mean             | 0.894      |
|    success_rate            | 0.15       |
| time/                      |            |
|    fps                     | 717        |
|    iterations              | 15         |
|    time_elapsed            | 513        |
|    total_timesteps         | 368640     |
| train/                     |            |
|    approx_kl               | 0.01910948 |
|    clip_fraction           | 0.254      |
|    clip_range              | 0.2        |
|    entropy_loss            | -2.35      |
|    explained_variance      | 0.397      |
|    learning_rate           | 0.0003     |
|    loss                    | 5.08       |
|    n_updates               | 140        |
|    policy_gradient_loss    | -0.00543   |
|    std                     | 0.776      |
|    value_loss              | 6.18       |
-------------------------------------------
-----------------------------------------
| paper/                  |             |
|    accel_variation      | 0.444       |
|    base_reward          | 165         |
|    collision            | 0           |
|    crash_object         | 0           |
|    crash_vehicle        | 0           |
|    episode_cost         | 0           |
|    episode_length       | 1000        |
|    jerk                 | 0.391       |
|    lane_deviation       | 0.292       |
|    max_lane_deviation   | 0.999       |
|    mean_speed_kmh       | 8.18        |
|    min_ttc              | nan         |
|    out_of_road          | 0           |
|    route_completion     | 0.439       |
|    shaped_reward        | 4.43        |
|    steering_variation   | 0.668       |
|    success              | 0           |
|    ttc_risk             | 0           |
| rollout/                |             |
|    ep_len_mean          | 729         |
|    ep_rew_mean          | 2.76        |
|    success_rate         | 0.16        |
| time/                   |             |
|    fps                  | 680         |
|    iterations           | 16          |
|    time_elapsed         | 577         |
|    total_timesteps      | 393216      |
| train/                  |             |
|    approx_kl            | 0.011408307 |
|    clip_fraction        | 0.138       |
|    clip_range           | 0.2         |
|    entropy_loss         | -2.31       |
|    explained_variance   | 0.111       |
|    learning_rate        | 0.0003      |
|    loss                 | 8.08        |
|    n_updates            | 150         |
|    policy_gradient_loss | -0.000352   |
|    std                  | 0.765       |
|    value_loss           | 20.8        |
-----------------------------------------
--------------------------------------------
| curriculum/                |             |
|    stage                   | 2           |
|    window_cost             | 0.0333      |
|    window_route_completion | 0.497       |
|    window_success          | 0.0333      |
| paper/                     |             |
|    accel_variation         | 0.401       |
|    base_reward             | 89.5        |
|    collision               | 1           |
|    crash_object            | 0           |
|    crash_vehicle           | 1           |
|    episode_cost            | 1           |
|    episode_length          | 448         |
|    jerk                    | 0.338       |
|    lane_deviation          | 0.272       |
|    max_lane_deviation      | 0.992       |
|    mean_speed_kmh          | 10.9        |
|    min_ttc                 | nan         |
|    out_of_road             | 0           |
|    route_completion        | 0.247       |
|    shaped_reward           | -114        |
|    steering_variation      | 0.695       |
|    success                 | 0           |
|    ttc_risk                | 0           |
| rollout/                   |             |
|    ep_len_mean             | 824         |
|    ep_rew_mean             | 8.79        |
|    success_rate            | 0.16        |
| time/                      |             |
|    fps                     | 656         |
|    iterations              | 17          |
|    time_elapsed            | 636         |
|    total_timesteps         | 417792      |
| train/                     |             |
|    approx_kl               | 0.014963561 |
|    clip_fraction           | 0.166       |
|    clip_range              | 0.2         |
|    entropy_loss            | -2.26       |
|    explained_variance      | 0.559       |
|    learning_rate           | 0.0003      |
|    loss                    | 3.15        |
|    n_updates               | 160         |
|    policy_gradient_loss    | -0.0029     |
|    std                     | 0.736       |
|    value_loss              | 15.9        |
--------------------------------------------
--------------------------------------------
| curriculum/                |             |
|    stage                   | 2           |
|    window_cost             | 0.0667      |
|    window_route_completion | 0.507       |
|    window_success          | 0           |
| paper/                     |             |
|    accel_variation         | 0.404       |
|    base_reward             | 210         |
|    collision               | 0           |
|    crash_object            | 0           |
|    crash_vehicle           | 0           |
|    episode_cost            | 0           |
|    episode_length          | 1000        |
|    jerk                    | 0.341       |
|    lane_deviation          | 0.284       |
|    max_lane_deviation      | 1.19        |
|    mean_speed_kmh          | 10.4        |
|    min_ttc                 | nan         |
|    out_of_road             | 0           |
|    route_completion        | 0.581       |
|    shaped_reward           | 32.7        |
|    steering_variation      | 0.619       |
|    success                 | 0           |
|    ttc_risk                | 0           |
| rollout/                   |             |
|    ep_len_mean             | 909         |
|    ep_rew_mean             | 11.8        |
|    success_rate            | 0.14        |
| time/                      |             |
|    fps                     | 624         |
|    iterations              | 18          |
|    time_elapsed            | 708         |
|    total_timesteps         | 442368      |
| train/                     |             |
|    approx_kl               | 0.031426135 |
|    clip_fraction           | 0.244       |
|    clip_range              | 0.2         |
|    entropy_loss            | -2.18       |
|    explained_variance      | 0.413       |
|    learning_rate           | 0.0003      |
|    loss                    | 4.74        |
|    n_updates               | 170         |
|    policy_gradient_loss    | -0.000345   |
|    std                     | 0.712       |
|    value_loss              | 11.8        |
--------------------------------------------
--------------------------------------------
| curriculum/                |             |
|    stage                   | 2           |
|    window_cost             | 0.0333      |
|    window_route_completion | 0.567       |
|    window_success          | 0           |
| paper/                     |             |
|    accel_variation         | 0.35        |
|    base_reward             | 291         |
|    collision               | 0           |
|    crash_object            | 0           |
|    crash_vehicle           | 0           |
|    episode_cost            | 0           |
|    episode_length          | 1000        |
|    jerk                    | 0.331       |
|    lane_deviation          | 0.322       |
|    max_lane_deviation      | 1.5         |
|    mean_speed_kmh          | 14.9        |
|    min_ttc                 | 5.08        |
|    out_of_road             | 0           |
|    route_completion        | 0.83        |
|    shaped_reward           | 67.3        |
|    steering_variation      | 0.608       |
|    success                 | 0           |
|    ttc_risk                | 0.00026     |
| rollout/                   |             |
|    ep_len_mean             | 966         |
|    ep_rew_mean             | 12.3        |
|    success_rate            | 0.01        |
| time/                      |             |
|    fps                     | 594         |
|    iterations              | 19          |
|    time_elapsed            | 785         |
|    total_timesteps         | 466944      |
| train/                     |             |
|    approx_kl               | 0.018779116 |
|    clip_fraction           | 0.229       |
|    clip_range              | 0.2         |
|    entropy_loss            | -2.1        |
|    explained_variance      | 0.457       |
|    learning_rate           | 0.0003      |
|    loss                    | 3.32        |
|    n_updates               | 180         |
|    policy_gradient_loss    | 0.00523     |
|    std                     | 0.685       |
|    value_loss              | 12.1        |
--------------------------------------------
--------------------------------------------
| curriculum/                |             |
|    stage                   | 2           |
|    window_cost             | 0.167       |
|    window_route_completion | 0.646       |
|    window_success          | 0           |
| paper/                     |             |
|    accel_variation         | 0.333       |
|    base_reward             | 11.2        |
|    collision               | 0           |
|    crash_object            | 0           |
|    crash_vehicle           | 0           |
|    episode_cost            | 1           |
|    episode_length          | 107         |
|    jerk                    | 0.288       |
|    lane_deviation          | 0.356       |
|    max_lane_deviation      | 1.11        |
|    mean_speed_kmh          | 12.3        |
|    min_ttc                 | nan         |
|    out_of_road             | 1           |
|    route_completion        | 0.0627      |
|    shaped_reward           | -136        |
|    steering_variation      | 0.624       |
|    success                 | 0           |
|    ttc_risk                | 0           |
| rollout/                   |             |
|    ep_len_mean             | 963         |
|    ep_rew_mean             | 33.8        |
|    success_rate            | 0           |
| time/                      |             |
|    fps                     | 572         |
|    iterations              | 20          |
|    time_elapsed            | 858         |
|    total_timesteps         | 491520      |
| train/                     |             |
|    approx_kl               | 0.022768805 |
|    clip_fraction           | 0.221       |
|    clip_range              | 0.2         |
|    entropy_loss            | -2.03       |
|    explained_variance      | 0.552       |
|    learning_rate           | 0.0003      |
|    loss                    | 4.09        |
|    n_updates               | 190         |
|    policy_gradient_loss    | 0.00317     |
|    std                     | 0.659       |
|    value_loss              | 9.39        |
--------------------------------------------
--------------------------------------------
| curriculum/                |             |
|    stage                   | 2           |
|    window_cost             | 0.2         |
|    window_route_completion | 0.633       |
|    window_success          | 0           |
| paper/                     |             |
|    accel_variation         | 0.359       |
|    base_reward             | 288         |
|    collision               | 0           |
|    crash_object            | 0           |
|    crash_vehicle           | 0           |
|    episode_cost            | 0           |
|    episode_length          | 1000        |
|    jerk                    | 0.319       |
|    lane_deviation          | 0.293       |
|    max_lane_deviation      | 1           |
|    mean_speed_kmh          | 15.8        |
|    min_ttc                 | 3.37        |
|    out_of_road             | 0           |
|    route_completion        | 0.67        |
|    shaped_reward           | 79.3        |
|    steering_variation      | 0.571       |
|    success                 | 0           |
|    ttc_risk                | 0.000713    |
| rollout/                   |             |
|    ep_len_mean             | 957         |
|    ep_rew_mean             | 54.6        |
|    success_rate            | 0           |
| time/                      |             |
|    fps                     | 553         |
|    iterations              | 21          |
|    time_elapsed            | 933         |
|    total_timesteps         | 516096      |
| train/                     |             |
|    approx_kl               | 0.023608351 |
|    clip_fraction           | 0.215       |
|    clip_range              | 0.2         |
|    entropy_loss            | -1.96       |
|    explained_variance      | 0.203       |
|    learning_rate           | 0.0003      |
|    loss                    | 5.64        |
|    n_updates               | 200         |
|    policy_gradient_loss    | 0.00294     |
|    std                     | 0.638       |
|    value_loss              | 28          |
--------------------------------------------
--------------------------------------------
| curriculum/                |             |
|    stage                   | 2           |
|    window_cost             | 0.133       |
|    window_route_completion | 0.709       |
|    window_success          | 0.0667      |
| paper/                     |             |
|    accel_variation         | 0.385       |
|    base_reward             | 358         |
|    collision               | 0           |
|    crash_object            | 0           |
|    crash_vehicle           | 0           |
|    episode_cost            | 0           |
|    episode_length          | 1000        |
|    jerk                    | 0.342       |
|    lane_deviation          | 0.229       |
|    max_lane_deviation      | 0.736       |
|    mean_speed_kmh          | 16.1        |
|    min_ttc                 | 2.84        |
|    out_of_road             | 0           |
|    route_completion        | 0.775       |
|    shaped_reward           | 145         |
|    steering_variation      | 0.539       |
|    success                 | 0           |
|    ttc_risk                | 0.00174     |
| rollout/                   |             |
|    ep_len_mean             | 934         |
|    ep_rew_mean             | 72.3        |
|    success_rate            | 0.02        |
| time/                      |             |
|    fps                     | 534         |
|    iterations              | 22          |
|    time_elapsed            | 1012        |
|    total_timesteps         | 540672      |
| train/                     |             |
|    approx_kl               | 0.018551186 |
|    clip_fraction           | 0.21        |
|    clip_range              | 0.2         |
|    entropy_loss            | -1.91       |
|    explained_variance      | 0.387       |
|    learning_rate           | 0.0003      |
|    loss                    | 4.26        |
|    n_updates               | 210         |
|    policy_gradient_loss    | 0.0038      |
|    std                     | 0.624       |
|    value_loss              | 15.9        |
--------------------------------------------
--------------------------------------------
| curriculum/                |             |
|    stage                   | 2           |
|    window_cost             | 0.167       |
|    window_route_completion | 0.777       |
|    window_success          | 0.133       |
| paper/                     |             |
|    accel_variation         | 0.372       |
|    base_reward             | 369         |
|    collision               | 0           |
|    crash_object            | 0           |
|    crash_vehicle           | 0           |
|    episode_cost            | 0           |
|    episode_length          | 1000        |
|    jerk                    | 0.345       |
|    lane_deviation          | 0.222       |
|    max_lane_deviation      | 0.989       |
|    mean_speed_kmh          | 16.5        |
|    min_ttc                 | 5.29        |
|    out_of_road             | 0           |
|    route_completion        | 0.814       |
|    shaped_reward           | 154         |
|    steering_variation      | 0.544       |
|    success                 | 0           |
|    ttc_risk                | 0.000118    |
| rollout/                   |             |
|    ep_len_mean             | 936         |
|    ep_rew_mean             | 85.1        |
|    success_rate            | 0.05        |
| time/                      |             |
|    fps                     | 517         |
|    iterations              | 23          |
|    time_elapsed            | 1092        |
|    total_timesteps         | 565248      |
| train/                     |             |
|    approx_kl               | 0.022044534 |
|    clip_fraction           | 0.231       |
|    clip_range              | 0.2         |
|    entropy_loss            | -1.86       |
|    explained_variance      | 0.392       |
|    learning_rate           | 0.0003      |
|    loss                    | 19.8        |
|    n_updates               | 220         |
|    policy_gradient_loss    | 0.00292     |
|    std                     | 0.612       |
|    value_loss              | 31.5        |
--------------------------------------------
--------------------------------------------
| curriculum/                |             |
|    stage                   | 2           |
|    window_cost             | 0.167       |
|    window_route_completion | 0.782       |
|    window_success          | 0.2         |
| paper/                     |             |
|    accel_variation         | 0.383       |
|    base_reward             | 240         |
|    collision               | 1           |
|    crash_object            | 0           |
|    crash_vehicle           | 1           |
|    episode_cost            | 1           |
|    episode_length          | 739         |
|    jerk                    | 0.36        |
|    lane_deviation          | 0.234       |
|    max_lane_deviation      | 0.706       |
|    mean_speed_kmh          | 15          |
|    min_ttc                 | 0.3         |
|    out_of_road             | 0           |
|    route_completion        | 0.535       |
|    shaped_reward           | -166        |
|    steering_variation      | 0.555       |
|    success                 | 0           |
|    ttc_risk                | 0.0425      |
| rollout/                   |             |
|    ep_len_mean             | 938         |
|    ep_rew_mean             | 92.1        |
|    success_rate            | 0.11        |
| time/                      |             |
|    fps                     | 496         |
|    iterations              | 24          |
|    time_elapsed            | 1187        |
|    total_timesteps         | 589824      |
| train/                     |             |
|    approx_kl               | 0.011806621 |
|    clip_fraction           | 0.159       |
|    clip_range              | 0.2         |
|    entropy_loss            | -1.84       |
|    explained_variance      | 0.491       |
|    learning_rate           | 0.0003      |
|    loss                    | 6.69        |
|    n_updates               | 230         |
|    policy_gradient_loss    | -0.000393   |
|    std                     | 0.605       |
|    value_loss              | 25.8        |
--------------------------------------------
--------------------------------------------
| curriculum/                |             |
|    stage                   | 2           |
|    window_cost             | 0.0333      |
|    window_route_completion | 0.761       |
|    window_success          | 0.0667      |
| paper/                     |             |
|    accel_variation         | 0.417       |
|    base_reward             | 341         |
|    collision               | 0           |
|    crash_object            | 0           |
|    crash_vehicle           | 0           |
|    episode_cost            | 0           |
|    episode_length          | 1000        |
|    jerk                    | 0.358       |
|    lane_deviation          | 0.255       |
|    max_lane_deviation      | 0.957       |
|    mean_speed_kmh          | 15.7        |
|    min_ttc                 | 0.0956      |
|    out_of_road             | 0           |
|    route_completion        | 0.96        |
|    shaped_reward           | 86.7        |
|    steering_variation      | 0.529       |
|    success                 | 0           |
|    ttc_risk                | 0.0121      |
| rollout/                   |             |
|    ep_len_mean             | 943         |
|    ep_rew_mean             | 107         |
|    success_rate            | 0.13        |
| time/                      |             |
|    fps                     | 483         |
|    iterations              | 25          |
|    time_elapsed            | 1271        |
|    total_timesteps         | 614400      |
| train/                     |             |
|    approx_kl               | 0.014504316 |
|    clip_fraction           | 0.204       |
|    clip_range              | 0.2         |
|    entropy_loss            | -1.8        |
|    explained_variance      | 0.471       |
|    learning_rate           | 0.0003      |
|    loss                    | 5.88        |
|    n_updates               | 240         |
|    policy_gradient_loss    | 0.0046      |
|    std                     | 0.593       |
|    value_loss              | 37.4        |
--------------------------------------------
---------------------------------------------
| curriculum/                |              |
|    stage                   | 2            |
|    window_cost             | 0.0667       |
|    window_route_completion | 0.792        |
|    window_success          | 0.133        |
| paper/                     |              |
|    accel_variation         | 0.406        |
|    base_reward             | 401          |
|    collision               | 0            |
|    crash_object            | 0            |
|    crash_vehicle           | 0            |
|    episode_cost            | 0            |
|    episode_length          | 1000         |
|    jerk                    | 0.337        |
|    lane_deviation          | 0.189        |
|    max_lane_deviation      | 0.706        |
|    mean_speed_kmh          | 17.4         |
|    min_ttc                 | nan          |
|    out_of_road             | 0            |
|    route_completion        | 0.747        |
|    shaped_reward           | 183          |
|    steering_variation      | 0.513        |
|    success                 | 0            |
|    ttc_risk                | 0            |
| rollout/                   |              |
|    ep_len_mean             | 961          |
|    ep_rew_mean             | 119          |
|    success_rate            | 0.13         |
| time/                      |              |
|    fps                     | 471          |
|    iterations              | 26           |
|    time_elapsed            | 1354         |
|    total_timesteps         | 638976       |
| train/                     |              |
|    approx_kl               | 0.0145675875 |
|    clip_fraction           | 0.275        |
|    clip_range              | 0.2          |
|    entropy_loss            | -1.75        |
|    explained_variance      | 0.619        |
|    learning_rate           | 0.0003       |
|    loss                    | 5.43         |
|    n_updates               | 250          |
|    policy_gradient_loss    | 0.0119       |
|    std                     | 0.581        |
|    value_loss              | 10.5         |
---------------------------------------------
--------------------------------------------
| curriculum/                |             |
|    stage                   | 2           |
|    window_cost             | 0.133       |
|    window_route_completion | 0.794       |
|    window_success          | 0.267       |
| paper/                     |             |
|    accel_variation         | 0.427       |
|    base_reward             | 349         |
|    collision               | 0           |
|    crash_object            | 0           |
|    crash_vehicle           | 0           |
|    episode_cost            | 0           |
|    episode_length          | 1000        |
|    jerk                    | 0.364       |
|    lane_deviation          | 0.254       |
|    max_lane_deviation      | 0.975       |
|    mean_speed_kmh          | 17.6        |
|    min_ttc                 | 5.92        |
|    out_of_road             | 0           |
|    route_completion        | 0.632       |
|    shaped_reward           | 129         |
|    steering_variation      | 0.514       |
|    success                 | 0           |
|    ttc_risk                | 1.4e-05     |
| rollout/                   |             |
|    ep_len_mean             | 944         |
|    ep_rew_mean             | 132         |
|    success_rate            | 0.17        |
| time/                      |             |
|    fps                     | 454         |
|    iterations              | 27          |
|    time_elapsed            | 1460        |
|    total_timesteps         | 663552      |
| train/                     |             |
|    approx_kl               | 0.032691896 |
|    clip_fraction           | 0.294       |
|    clip_range              | 0.2         |
|    entropy_loss            | -1.71       |
|    explained_variance      | 0.634       |
|    learning_rate           | 0.0003      |
|    loss                    | 3.06        |
|    n_updates               | 260         |
|    policy_gradient_loss    | 0.0133      |
|    std                     | 0.567       |
|    value_loss              | 16.6        |
--------------------------------------------
--------------------------------------------
| curriculum/                |             |
|    stage                   | 2           |
|    window_cost             | 0.0667      |
|    window_route_completion | 0.828       |
|    window_success          | 0.3         |
| paper/                     |             |
|    accel_variation         | 0.451       |
|    base_reward             | 422         |
|    collision               | 0           |
|    crash_object            | 0           |
|    crash_vehicle           | 0           |
|    episode_cost            | 0           |
|    episode_length          | 1000        |
|    jerk                    | 0.381       |
|    lane_deviation          | 0.207       |
|    max_lane_deviation      | 0.718       |
|    mean_speed_kmh          | 18.4        |
|    min_ttc                 | 22.9        |
|    out_of_road             | 0           |
|    route_completion        | 0.902       |
|    shaped_reward           | 195         |
|    steering_variation      | 0.498       |
|    success                 | 0           |
|    ttc_risk                | 0           |
| rollout/                   |             |
|    ep_len_mean             | 944         |
|    ep_rew_mean             | 147         |
|    success_rate            | 0.21        |
| time/                      |             |
|    fps                     | 445         |
|    iterations              | 28          |
|    time_elapsed            | 1546        |
|    total_timesteps         | 688128      |
| train/                     |             |
|    approx_kl               | 0.018775668 |
|    clip_fraction           | 0.164       |
|    clip_range              | 0.2         |
|    entropy_loss            | -1.66       |
|    explained_variance      | 0.664       |
|    learning_rate           | 0.0003      |
|    loss                    | 5.92        |
|    n_updates               | 270         |
|    policy_gradient_loss    | 0.00175     |
|    std                     | 0.555       |
|    value_loss              | 22          |
--------------------------------------------
--------------------------------------------
| curriculum/                |             |
|    stage                   | 2           |
|    window_cost             | 0.0333      |
|    window_route_completion | 0.81        |
|    window_success          | 0.333       |
| paper/                     |             |
|    accel_variation         | 0.453       |
|    base_reward             | 400         |
|    collision               | 0           |
|    crash_object            | 0           |
|    crash_vehicle           | 0           |
|    episode_cost            | 0           |
|    episode_length          | 1000        |
|    jerk                    | 0.402       |
|    lane_deviation          | 0.245       |
|    max_lane_deviation      | 0.94        |
|    mean_speed_kmh          | 18.2        |
|    min_ttc                 | 9.38        |
|    out_of_road             | 0           |
|    route_completion        | 0.797       |
|    shaped_reward           | 163         |
|    steering_variation      | 0.49        |
|    success                 | 0           |
|    ttc_risk                | 0           |
| rollout/                   |             |
|    ep_len_mean             | 924         |
|    ep_rew_mean             | 153         |
|    success_rate            | 0.28        |
| time/                      |             |
|    fps                     | 437         |
|    iterations              | 29          |
|    time_elapsed            | 1627        |
|    total_timesteps         | 712704      |
| train/                     |             |
|    approx_kl               | 0.012293011 |
|    clip_fraction           | 0.225       |
|    clip_range              | 0.2         |
|    entropy_loss            | -1.64       |
|    explained_variance      | 0.615       |
|    learning_rate           | 0.0003      |
|    loss                    | 4.85        |
|    n_updates               | 280         |
|    policy_gradient_loss    | 0.00708     |
|    std                     | 0.549       |
|    value_loss              | 22.1        |
--------------------------------------------
--------------------------------------------
| curriculum/                |             |
|    stage                   | 2           |
|    window_cost             | 0.567       |
|    window_route_completion | 0.611       |
|    window_success          | 0.167       |
| paper/                     |             |
|    accel_variation         | 0.413       |
|    base_reward             | 187         |
|    collision               | 0           |
|    crash_object            | 0           |
|    crash_vehicle           | 0           |
|    episode_cost            | 1           |
|    episode_length          | 833         |
|    jerk                    | 0.355       |
|    lane_deviation          | 0.423       |
|    max_lane_deviation      | 1.05        |
|    mean_speed_kmh          | 18          |
|    min_ttc                 | nan         |
|    out_of_road             | 1           |
|    route_completion        | 0.657       |
|    shaped_reward           | -126        |
|    steering_variation      | 0.492       |
|    success                 | 0           |
|    ttc_risk                | 0           |
| rollout/                   |             |
|    ep_len_mean             | 839         |
|    ep_rew_mean             | 102         |
|    success_rate            | 0.24        |
| time/                      |             |
|    fps                     | 429         |
|    iterations              | 30          |
|    time_elapsed            | 1717        |
|    total_timesteps         | 737280      |
| train/                     |             |
|    approx_kl               | 0.029258644 |
|    clip_fraction           | 0.293       |
|    clip_range              | 0.2         |
|    entropy_loss            | -1.62       |
|    explained_variance      | 0.789       |
|    learning_rate           | 0.0003      |
|    loss                    | 5.43        |
|    n_updates               | 290         |
|    policy_gradient_loss    | 0.0168      |
|    std                     | 0.548       |
|    value_loss              | 14          |
--------------------------------------------
--------------------------------------------
| curriculum/                |             |
|    stage                   | 2           |
|    window_cost             | 0.367       |
|    window_route_completion | 0.769       |
|    window_success          | 0.1         |
| paper/                     |             |
|    accel_variation         | 0.464       |
|    base_reward             | 356         |
|    collision               | 0           |
|    crash_object            | 0           |
|    crash_vehicle           | 0           |
|    episode_cost            | 0           |
|    episode_length          | 1000        |
|    jerk                    | 0.389       |
|    lane_deviation          | 0.351       |
|    max_lane_deviation      | 0.822       |
|    mean_speed_kmh          | 18.8        |
|    min_ttc                 | 6.21        |
|    out_of_road             | 0           |
|    route_completion        | 0.83        |
|    shaped_reward           | 115         |
|    steering_variation      | 0.487       |
|    success                 | 0           |
|    ttc_risk                | 0           |
| rollout/                   |             |
|    ep_len_mean             | 814         |
|    ep_rew_mean             | 59.6        |
|    success_rate            | 0.2         |
| time/                      |             |
|    fps                     | 424         |
|    iterations              | 31          |
|    time_elapsed            | 1795        |
|    total_timesteps         | 761856      |
| train/                     |             |
|    approx_kl               | 0.011500922 |
|    clip_fraction           | 0.187       |
|    clip_range              | 0.2         |
|    entropy_loss            | -1.61       |
|    explained_variance      | 0.192       |
|    learning_rate           | 0.0003      |
|    loss                    | 20.2        |
|    n_updates               | 300         |
|    policy_gradient_loss    | 0.00129     |
|    std                     | 0.543       |
|    value_loss              | 135         |
--------------------------------------------
--------------------------------------------
| curriculum/                |             |
|    stage                   | 2           |
|    window_cost             | 0.3         |
|    window_route_completion | 0.71        |
|    window_success          | 0.167       |
| paper/                     |             |
|    accel_variation         | 0.413       |
|    base_reward             | 55.5        |
|    collision               | 0           |
|    crash_object            | 0           |
|    crash_vehicle           | 0           |
|    episode_cost            | 1           |
|    episode_length          | 307         |
|    jerk                    | 0.36        |
|    lane_deviation          | 0.399       |
|    max_lane_deviation      | 1.05        |
|    mean_speed_kmh          | 17.2        |
|    min_ttc                 | nan         |
|    out_of_road             | 1           |
|    route_completion        | 0.281       |
|    shaped_reward           | -131        |
|    steering_variation      | 0.477       |
|    success                 | 0           |
|    ttc_risk                | 0           |
| rollout/                   |             |
|    ep_len_mean             | 786         |
|    ep_rew_mean             | 27.4        |
|    success_rate            | 0.15        |
| time/                      |             |
|    fps                     | 413         |
|    iterations              | 32          |
|    time_elapsed            | 1901        |
|    total_timesteps         | 786432      |
| train/                     |             |
|    approx_kl               | 0.012448025 |
|    clip_fraction           | 0.21        |
|    clip_range              | 0.2         |
|    entropy_loss            | -1.6        |
|    explained_variance      | 0.329       |
|    learning_rate           | 0.0003      |
|    loss                    | 25.7        |
|    n_updates               | 310         |
|    policy_gradient_loss    | 0.00323     |
|    std                     | 0.544       |
|    value_loss              | 63.8        |
--------------------------------------------
-------------------------------------------
| curriculum/                |            |
|    stage                   | 2          |
|    window_cost             | 0.0667     |
|    window_route_completion | 0.837      |
|    window_success          | 0.3        |
| paper/                     |            |
|    accel_variation         | 0.46       |
|    base_reward             | 423        |
|    collision               | 0          |
|    crash_object            | 0          |
|    crash_vehicle           | 0          |
|    episode_cost            | 0          |
|    episode_length          | 916        |
|    jerk                    | 0.413      |
|    lane_deviation          | 0.184      |
|    max_lane_deviation      | 0.714      |
|    mean_speed_kmh          | 18.7       |
|    min_ttc                 | 34.4       |
|    out_of_road             | 0          |
|    route_completion        | 0.992      |
|    shaped_reward           | 257        |
|    steering_variation      | 0.474      |
|    success                 | 1          |
|    ttc_risk                | 0          |
| rollout/                   |            |
|    ep_len_mean             | 846        |
|    ep_rew_mean             | 54.1       |
|    success_rate            | 0.18       |
| time/                      |            |
|    fps                     | 407        |
|    iterations              | 33         |
|    time_elapsed            | 1990       |
|    total_timesteps         | 811008     |
| train/                     |            |
|    approx_kl               | 0.03421241 |
|    clip_fraction           | 0.285      |
|    clip_range              | 0.2        |
|    entropy_loss            | -1.59      |
|    explained_variance      | 0.402      |
|    learning_rate           | 0.0003     |
|    loss                    | 44.2       |
|    n_updates               | 320        |
|    policy_gradient_loss    | 0.0134     |
|    std                     | 0.542      |
|    value_loss              | 64.1       |
-------------------------------------------
--------------------------------------------
| curriculum/                |             |
|    stage                   | 2           |
|    window_cost             | 0.0667      |
|    window_route_completion | 0.861       |
|    window_success          | 0.3         |
| paper/                     |             |
|    accel_variation         | 0.476       |
|    base_reward             | 389         |
|    collision               | 0           |
|    crash_object            | 0           |
|    crash_vehicle           | 0           |
|    episode_cost            | 0           |
|    episode_length          | 1000        |
|    jerk                    | 0.397       |
|    lane_deviation          | 0.199       |
|    max_lane_deviation      | 0.948       |
|    mean_speed_kmh          | 17.5        |
|    min_ttc                 | 7.47        |
|    out_of_road             | 0           |
|    route_completion        | 0.916       |
|    shaped_reward           | 178         |
|    steering_variation      | 0.481       |
|    success                 | 0           |
|    ttc_risk                | 0           |
| rollout/                   |             |
|    ep_len_mean             | 886         |
|    ep_rew_mean             | 95.2        |
|    success_rate            | 0.24        |
| time/                      |             |
|    fps                     | 401         |
|    iterations              | 34          |
|    time_elapsed            | 2080        |
|    total_timesteps         | 835584      |
| train/                     |             |
|    approx_kl               | 0.018884262 |
|    clip_fraction           | 0.269       |
|    clip_range              | 0.2         |
|    entropy_loss            | -1.58       |
|    explained_variance      | 0.779       |
|    learning_rate           | 0.0003      |
|    loss                    | 4.59        |
|    n_updates               | 330         |
|    policy_gradient_loss    | 0.018       |
|    std                     | 0.538       |
|    value_loss              | 11.4        |
--------------------------------------------
--------------------------------------------
| curriculum/                |             |
|    stage                   | 2           |
|    window_cost             | 0.1         |
|    window_route_completion | 0.827       |
|    window_success          | 0.3         |
| paper/                     |             |
|    accel_variation         | 0.487       |
|    base_reward             | 438         |
|    collision               | 0           |
|    crash_object            | 0           |
|    crash_vehicle           | 0           |
|    episode_cost            | 0           |
|    episode_length          | 1000        |
|    jerk                    | 0.395       |
|    lane_deviation          | 0.172       |
|    max_lane_deviation      | 0.612       |
|    mean_speed_kmh          | 18.4        |
|    min_ttc                 | 4.69        |
|    out_of_road             | 0           |
|    route_completion        | 0.827       |
|    shaped_reward           | 210         |
|    steering_variation      | 0.462       |
|    success                 | 0           |
|    ttc_risk                | 0.000247    |
| rollout/                   |             |
|    ep_len_mean             | 915         |
|    ep_rew_mean             | 132         |
|    success_rate            | 0.28        |
| time/                      |             |
|    fps                     | 401         |
|    iterations              | 35          |
|    time_elapsed            | 2142        |
|    total_timesteps         | 860160      |
| train/                     |             |
|    approx_kl               | 0.017008003 |
|    clip_fraction           | 0.276       |
|    clip_range              | 0.2         |
|    entropy_loss            | -1.55       |
|    explained_variance      | 0.615       |
|    learning_rate           | 0.0003      |
|    loss                    | 16.3        |
|    n_updates               | 340         |
|    policy_gradient_loss    | 0.00959     |
|    std                     | 0.531       |
|    value_loss              | 23.4        |
--------------------------------------------
--------------------------------------------
| curriculum/                |             |
|    stage                   | 2           |
|    window_cost             | 0.0667      |
|    window_route_completion | 0.82        |
|    window_success          | 0.133       |
| paper/                     |             |
|    accel_variation         | 0.451       |
|    base_reward             | 405         |
|    collision               | 0           |
|    crash_object            | 0           |
|    crash_vehicle           | 0           |
|    episode_cost            | 0           |
|    episode_length          | 1000        |
|    jerk                    | 0.439       |
|    lane_deviation          | 0.202       |
|    max_lane_deviation      | 0.62        |
|    mean_speed_kmh          | 17.6        |
|    min_ttc                 | 2.14        |
|    out_of_road             | 0           |
|    route_completion        | 0.919       |
|    shaped_reward           | 154         |
|    steering_variation      | 0.452       |
|    success                 | 0           |
|    ttc_risk                | 0.00864     |
| rollout/                   |             |
|    ep_len_mean             | 943         |
|    ep_rew_mean             | 157         |
|    success_rate            | 0.27        |
| time/                      |             |
|    fps                     | 404         |
|    iterations              | 36          |
|    time_elapsed            | 2189        |
|    total_timesteps         | 884736      |
| train/                     |             |
|    approx_kl               | 0.020305201 |
|    clip_fraction           | 0.265       |
|    clip_range              | 0.2         |
|    entropy_loss            | -1.51       |
|    explained_variance      | 0.615       |
|    learning_rate           | 0.0003      |
|    loss                    | 7.63        |
|    n_updates               | 350         |
|    policy_gradient_loss    | 0.00772     |
|    std                     | 0.515       |
|    value_loss              | 22.2        |
--------------------------------------------
-------------------------------------------
| curriculum/                |            |
|    stage                   | 2          |
|    window_cost             | 0.0667     |
|    window_route_completion | 0.801      |
|    window_success          | 0.133      |
| paper/                     |            |
|    accel_variation         | 0.476      |
|    base_reward             | 452        |
|    collision               | 0          |
|    crash_object            | 0          |
|    crash_vehicle           | 0          |
|    episode_cost            | 0          |
|    episode_length          | 1000       |
|    jerk                    | 0.422      |
|    lane_deviation          | 0.16       |
|    max_lane_deviation      | 0.805      |
|    mean_speed_kmh          | 18.6       |
|    min_ttc                 | 4.85       |
|    out_of_road             | 0          |
|    route_completion        | 0.77       |
|    shaped_reward           | 216        |
|    steering_variation      | 0.441      |
|    success                 | 0          |
|    ttc_risk                | 0.00023    |
| rollout/                   |            |
|    ep_len_mean             | 941        |
|    ep_rew_mean             | 161        |
|    success_rate            | 0.23       |
| time/                      |            |
|    fps                     | 406        |
|    iterations              | 37         |
|    time_elapsed            | 2234       |
|    total_timesteps         | 909312     |
| train/                     |            |
|    approx_kl               | 0.03355181 |
|    clip_fraction           | 0.29       |
|    clip_range              | 0.2        |
|    entropy_loss            | -1.44      |
|    explained_variance      | 0.641      |
|    learning_rate           | 0.0003     |
|    loss                    | 2.61       |
|    n_updates               | 360        |
|    policy_gradient_loss    | 0.0117     |
|    std                     | 0.505      |
|    value_loss              | 14.6       |
-------------------------------------------
--------------------------------------------
| curriculum/                |             |
|    stage                   | 2           |
|    window_cost             | 0           |
|    window_route_completion | 0.853       |
|    window_success          | 0.1         |
| paper/                     |             |
|    accel_variation         | 0.513       |
|    base_reward             | 462         |
|    collision               | 0           |
|    crash_object            | 0           |
|    crash_vehicle           | 0           |
|    episode_cost            | 0           |
|    episode_length          | 1000        |
|    jerk                    | 0.441       |
|    lane_deviation          | 0.163       |
|    max_lane_deviation      | 0.679       |
|    mean_speed_kmh          | 19          |
|    min_ttc                 | 8.93        |
|    out_of_road             | 0           |
|    route_completion        | 0.877       |
|    shaped_reward           | 225         |
|    steering_variation      | 0.444       |
|    success                 | 0           |
|    ttc_risk                | 0           |
| rollout/                   |             |
|    ep_len_mean             | 948         |
|    ep_rew_mean             | 172         |
|    success_rate            | 0.18        |
| time/                      |             |
|    fps                     | 410         |
|    iterations              | 38          |
|    time_elapsed            | 2277        |
|    total_timesteps         | 933888      |
| train/                     |             |
|    approx_kl               | 0.015267489 |
|    clip_fraction           | 0.254       |
|    clip_range              | 0.2         |
|    entropy_loss            | -1.42       |
|    explained_variance      | 0.63        |
|    learning_rate           | 0.0003      |
|    loss                    | 4.46        |
|    n_updates               | 370         |
|    policy_gradient_loss    | 0.00865     |
|    std                     | 0.498       |
|    value_loss              | 10.3        |
--------------------------------------------
--------------------------------------------
| curriculum/                |             |
|    stage                   | 2           |
|    window_cost             | 0.0667      |
|    window_route_completion | 0.85        |
|    window_success          | 0.3         |
| paper/                     |             |
|    accel_variation         | 0.478       |
|    base_reward             | 348         |
|    collision               | 0           |
|    crash_object            | 0           |
|    crash_vehicle           | 0           |
|    episode_cost            | 0           |
|    episode_length          | 867         |
|    jerk                    | 0.428       |
|    lane_deviation          | 0.306       |
|    max_lane_deviation      | 0.922       |
|    mean_speed_kmh          | 18.8        |
|    min_ttc                 | 1.34        |
|    out_of_road             | 0           |
|    route_completion        | 0.99        |
|    shaped_reward           | 176         |
|    steering_variation      | 0.42        |
|    success                 | 1           |
|    ttc_risk                | 0.00249     |
| rollout/                   |             |
|    ep_len_mean             | 949         |
|    ep_rew_mean             | 177         |
|    success_rate            | 0.19        |
| time/                      |             |
|    fps                     | 413         |
|    iterations              | 39          |
|    time_elapsed            | 2317        |
|    total_timesteps         | 958464      |
| train/                     |             |
|    approx_kl               | 0.025975645 |
|    clip_fraction           | 0.269       |
|    clip_range              | 0.2         |
|    entropy_loss            | -1.37       |
|    explained_variance      | 0.741       |
|    learning_rate           | 0.0003      |
|    loss                    | 3.45        |
|    n_updates               | 380         |
|    policy_gradient_loss    | 0.0128      |
|    std                     | 0.486       |
|    value_loss              | 7.52        |
--------------------------------------------
--------------------------------------------
| curriculum/                |             |
|    stage                   | 2           |
|    window_cost             | 0.2         |
|    window_route_completion | 0.813       |
|    window_success          | 0.133       |
| paper/                     |             |
|    accel_variation         | 0.519       |
|    base_reward             | 454         |
|    collision               | 0           |
|    crash_object            | 0           |
|    crash_vehicle           | 0           |
|    episode_cost            | 0           |
|    episode_length          | 1000        |
|    jerk                    | 0.44        |
|    lane_deviation          | 0.2         |
|    max_lane_deviation      | 0.596       |
|    mean_speed_kmh          | 19.5        |
|    min_ttc                 | 11.2        |
|    out_of_road             | 0           |
|    route_completion        | 0.831       |
|    shaped_reward           | 212         |
|    steering_variation      | 0.392       |
|    success                 | 0           |
|    ttc_risk                | 0           |
| rollout/                   |             |
|    ep_len_mean             | 929         |
|    ep_rew_mean             | 173         |
|    success_rate            | 0.19        |
| time/                      |             |
|    fps                     | 416         |
|    iterations              | 40          |
|    time_elapsed            | 2362        |
|    total_timesteps         | 983040      |
| train/                     |             |
|    approx_kl               | 0.010304497 |
|    clip_fraction           | 0.195       |
|    clip_range              | 0.2         |
|    entropy_loss            | -1.32       |
|    explained_variance      | 0.666       |
|    learning_rate           | 0.0003      |
|    loss                    | 5.14        |
|    n_updates               | 390         |
|    policy_gradient_loss    | 0.00365     |
|    std                     | 0.475       |
|    value_loss              | 20.5        |
--------------------------------------------
-------------------------------------------
| curriculum/                |            |
|    stage                   | 2          |
|    window_cost             | 0.0333     |
|    window_route_completion | 0.872      |
|    window_success          | 0.233      |
| paper/                     |            |
|    accel_variation         | 0.486      |
|    base_reward             | 431        |
|    collision               | 0          |
|    crash_object            | 0          |
|    crash_vehicle           | 0          |
|    episode_cost            | 0          |
|    episode_length          | 1000       |
|    jerk                    | 0.454      |
|    lane_deviation          | 0.202      |
|    max_lane_deviation      | 0.695      |
|    mean_speed_kmh          | 18.5       |
|    min_ttc                 | 1.18       |
|    out_of_road             | 0          |
|    route_completion        | 0.973      |
|    shaped_reward           | 150        |
|    steering_variation      | 0.392      |
|    success                 | 0          |
|    ttc_risk                | 0.0123     |
| rollout/                   |            |
|    ep_len_mean             | 932        |
|    ep_rew_mean             | 180        |
|    success_rate            | 0.21       |
| time/                      |            |
|    fps                     | 418        |
|    iterations              | 41         |
|    time_elapsed            | 2406       |
|    total_timesteps         | 1007616    |
| train/                     |            |
|    approx_kl               | 0.25206193 |
|    clip_fraction           | 0.188      |
|    clip_range              | 0.2        |
|    entropy_loss            | -1.28      |
|    explained_variance      | 0.491      |
|    learning_rate           | 0.0003     |
|    loss                    | 5.68       |
|    n_updates               | 400        |
|    policy_gradient_loss    | 0.00591    |
|    std                     | 0.469      |
|    value_loss              | 26.6       |
-------------------------------------------
Wrapping the env in a DummyVecEnv.
/root/autodl-tmp/projects/sb3/stable-baselines3-master/stable_baselines3/common/on_policy_algorithm.py:150: UserWarning: You are trying to run PPO on the GPU, but it is primarily intended to run on the CPU when not using a CNN policy (you are using ActorCriticPolicy which should be a MlpPolicy). See https://github.com/DLR-RM/stable-baselines3/issues/1245 for more info. You can pass `device='cpu'` or `export CUDA_VISIBLE_DEVICES=` to force using the CPU.Note: The model will train, but the GPU utilization will be poor and the training might take longer than on CPU.
  warnings.warn(
Wrapping the env in a DummyVecEnv.
Wrapping the env in a DummyVecEnv.
                       seed  success  route_completion  collision  out_of_road  cost      reward  shaped_reward  episode_length      speed  lane_deviation  steering_variation  accel_variation  ttc_risk   min_ttc
variant  algo density                                                                                                                                                                                              
proposed ppo  0.00     12.0     0.84          0.974564       0.00         0.00  0.00  546.146977     339.500106          971.94  20.257134        0.073607            0.006755         0.225065  0.000000       NaN
              0.08     12.0     0.72          0.908708       0.12         0.00  0.12  489.245716     272.745252          918.72  19.974388        0.105444            0.015515         0.230699  0.002423  5.783526
              0.15     12.0     0.38          0.742286       0.50         0.06  0.56  357.336161      76.144845          804.96  18.392062        0.183233            0.026910         0.272159  0.010373  2.523238
curve_source=tensorboard
saved_summary=outputs/stage1000_true_proposed_s12s13_gpu0_nenv24/evaluations/summary.csv
saved_figures=outputs/stage1000_true_proposed_s12s13_gpu0_nenv24/figures
saved_report=outputs/stage1000_true_proposed_s12s13_gpu0_nenv24/运行记录.md
