Using cuda device
/root/autodl-tmp/projects/sb3/stable-baselines3-master/stable_baselines3/common/on_policy_algorithm.py:150: UserWarning: You are trying to run PPO on the GPU, but it is primarily intended to run on the CPU when not using a CNN policy (you are using ActorCriticPolicy which should be a MlpPolicy). See https://github.com/DLR-RM/stable-baselines3/issues/1245 for more info. You can pass `device='cpu'` or `export CUDA_VISIBLE_DEVICES=` to force using the CPU.Note: The model will train, but the GPU utilization will be poor and the training might take longer than on CPU.
  warnings.warn(
Logging to outputs/stage1000_true_proposed_s12s13_gpu0_nenv24/runs/proposed_ppo_s13/tensorboard/proposed_ppo_s13_1
------------------------------------
| paper/                |          |
|    accel_variation    | 0.829    |
|    base_reward        | 4.72     |
|    collision          | 0        |
|    crash_object       | 0        |
|    crash_vehicle      | 0        |
|    episode_cost       | 0        |
|    episode_length     | 600      |
|    jerk               | 0.64     |
|    lane_deviation     | 0.0831   |
|    max_lane_deviation | 0.155    |
|    mean_speed_kmh     | 0.585    |
|    min_ttc            | nan      |
|    out_of_road        | 0        |
|    route_completion   | 0.0836   |
|    shaped_reward      | -99.4    |
|    steering_variation | 0.841    |
|    success            | 0        |
|    ttc_risk           | 0        |
| rollout/              |          |
|    ep_len_mean        | 600      |
|    ep_rew_mean        | -105     |
|    success_rate       | 0        |
| time/                 |          |
|    fps                | 1282     |
|    iterations         | 1        |
|    time_elapsed       | 19       |
|    total_timesteps    | 24576    |
------------------------------------
--------------------------------------------
| curriculum/                |             |
|    stage                   | 0           |
|    window_cost             | 0           |
|    window_route_completion | 0.121       |
|    window_success          | 0           |
| paper/                     |             |
|    accel_variation         | 0.825       |
|    base_reward             | 4.77        |
|    collision               | 0           |
|    crash_object            | 0           |
|    crash_vehicle           | 0           |
|    episode_cost            | 0           |
|    episode_length          | 600         |
|    jerk                    | 0.606       |
|    lane_deviation          | 0.36        |
|    max_lane_deviation      | 0.738       |
|    mean_speed_kmh          | 0.862       |
|    min_ttc                 | nan         |
|    out_of_road             | 0           |
|    route_completion        | 0.156       |
|    shaped_reward           | -148        |
|    steering_variation      | 0.798       |
|    success                 | 0           |
|    ttc_risk                | 0           |
| rollout/                   |             |
|    ep_len_mean             | 600         |
|    ep_rew_mean             | -106        |
|    success_rate            | 0           |
| time/                      |             |
|    fps                     | 849         |
|    iterations              | 2           |
|    time_elapsed            | 57          |
|    total_timesteps         | 49152       |
| train/                     |             |
|    approx_kl               | 0.009370021 |
|    clip_fraction           | 0.123       |
|    clip_range              | 0.2         |
|    entropy_loss            | -2.82       |
|    explained_variance      | 0.00117     |
|    learning_rate           | 0.0003      |
|    loss                    | 0.26        |
|    n_updates               | 10          |
|    policy_gradient_loss    | -0.0078     |
|    std                     | 0.989       |
|    value_loss              | 0.457       |
--------------------------------------------
--------------------------------------------
| curriculum/                |             |
|    stage                   | 0           |
|    window_cost             | 0           |
|    window_route_completion | 0.142       |
|    window_success          | 0           |
| paper/                     |             |
|    accel_variation         | 0.788       |
|    base_reward             | 10.5        |
|    collision               | 0           |
|    crash_object            | 0           |
|    crash_vehicle           | 0           |
|    episode_cost            | 0           |
|    episode_length          | 600         |
|    jerk                    | 0.63        |
|    lane_deviation          | 0.0491      |
|    max_lane_deviation      | 0.131       |
|    mean_speed_kmh          | 0.946       |
|    min_ttc                 | nan         |
|    out_of_road             | 0           |
|    route_completion        | 0.125       |
|    shaped_reward           | -85         |
|    steering_variation      | 0.835       |
|    success                 | 0           |
|    ttc_risk                | 0           |
| rollout/                   |             |
|    ep_len_mean             | 600         |
|    ep_rew_mean             | -117        |
|    success_rate            | 0           |
| time/                      |             |
|    fps                     | 764         |
|    iterations              | 3           |
|    time_elapsed            | 96          |
|    total_timesteps         | 73728       |
| train/                     |             |
|    approx_kl               | 0.008547407 |
|    clip_fraction           | 0.0925      |
|    clip_range              | 0.2         |
|    entropy_loss            | -2.8        |
|    explained_variance      | 0.0353      |
|    learning_rate           | 0.0003      |
|    loss                    | 0.599       |
|    n_updates               | 20          |
|    policy_gradient_loss    | -0.00538    |
|    std                     | 0.977       |
|    value_loss              | 1.18        |
--------------------------------------------
-------------------------------------------
| curriculum/                |            |
|    stage                   | 0          |
|    window_cost             | 0.2        |
|    window_route_completion | 0.171      |
|    window_success          | 0          |
| paper/                     |            |
|    accel_variation         | 0.818      |
|    base_reward             | 7.93       |
|    collision               | 0          |
|    crash_object            | 0          |
|    crash_vehicle           | 0          |
|    episode_cost            | 0          |
|    episode_length          | 600        |
|    jerk                    | 0.616      |
|    lane_deviation          | 0.405      |
|    max_lane_deviation      | 0.994      |
|    mean_speed_kmh          | 1.13       |
|    min_ttc                 | nan        |
|    out_of_road             | 0          |
|    route_completion        | 0.175      |
|    shaped_reward           | -156       |
|    steering_variation      | 0.81       |
|    success                 | 0          |
|    ttc_risk                | 0          |
| rollout/                   |            |
|    ep_len_mean             | 590        |
|    ep_rew_mean             | -131       |
|    success_rate            | 0          |
| time/                      |            |
|    fps                     | 756        |
|    iterations              | 4          |
|    time_elapsed            | 129        |
|    total_timesteps         | 98304      |
| train/                     |            |
|    approx_kl               | 0.00500818 |
|    clip_fraction           | 0.0486     |
|    clip_range              | 0.2        |
|    entropy_loss            | -2.78      |
|    explained_variance      | 0.172      |
|    learning_rate           | 0.0003     |
|    loss                    | 0.465      |
|    n_updates               | 30         |
|    policy_gradient_loss    | -0.00358   |
|    std                     | 0.969      |
|    value_loss              | 3.15       |
-------------------------------------------
---------------------------------------------
| curriculum/                |              |
|    stage                   | 0            |
|    window_cost             | 0            |
|    window_route_completion | 0.199        |
|    window_success          | 0            |
| paper/                     |              |
|    accel_variation         | 0.714        |
|    base_reward             | 12.8         |
|    collision               | 0            |
|    crash_object            | 0            |
|    crash_vehicle           | 0            |
|    episode_cost            | 0            |
|    episode_length          | 600          |
|    jerk                    | 0.604        |
|    lane_deviation          | 0.404        |
|    max_lane_deviation      | 0.919        |
|    mean_speed_kmh          | 1.37         |
|    min_ttc                 | nan          |
|    out_of_road             | 0            |
|    route_completion        | 0.236        |
|    shaped_reward           | -141         |
|    steering_variation      | 0.787        |
|    success                 | 0            |
|    ttc_risk                | 0            |
| rollout/                   |              |
|    ep_len_mean             | 590          |
|    ep_rew_mean             | -138         |
|    success_rate            | 0            |
| time/                      |              |
|    fps                     | 763          |
|    iterations              | 5            |
|    time_elapsed            | 160          |
|    total_timesteps         | 122880       |
| train/                     |              |
|    approx_kl               | 0.0030590154 |
|    clip_fraction           | 0.0265       |
|    clip_range              | 0.2          |
|    entropy_loss            | -2.77        |
|    explained_variance      | 0.21         |
|    learning_rate           | 0.0003       |
|    loss                    | 11.4         |
|    n_updates               | 40           |
|    policy_gradient_loss    | -0.00139     |
|    std                     | 0.968        |
|    value_loss              | 28           |
---------------------------------------------
--------------------------------------------
| curriculum/                |             |
|    stage                   | 0           |
|    window_cost             | 0.2         |
|    window_route_completion | 0.237       |
|    window_success          | 0           |
| paper/                     |             |
|    accel_variation         | 0.724       |
|    base_reward             | 12.4        |
|    collision               | 0           |
|    crash_object            | 0           |
|    crash_vehicle           | 0           |
|    episode_cost            | 0           |
|    episode_length          | 600         |
|    jerk                    | 0.617       |
|    lane_deviation          | 0.431       |
|    max_lane_deviation      | 0.997       |
|    mean_speed_kmh          | 1.53        |
|    min_ttc                 | nan         |
|    out_of_road             | 0           |
|    route_completion        | 0.234       |
|    shaped_reward           | -154        |
|    steering_variation      | 0.772       |
|    success                 | 0           |
|    ttc_risk                | 0           |
| rollout/                   |             |
|    ep_len_mean             | 587         |
|    ep_rew_mean             | -179        |
|    success_rate            | 0           |
| time/                      |             |
|    fps                     | 781         |
|    iterations              | 6           |
|    time_elapsed            | 188         |
|    total_timesteps         | 147456      |
| train/                     |             |
|    approx_kl               | 0.006646551 |
|    clip_fraction           | 0.0807      |
|    clip_range              | 0.2         |
|    entropy_loss            | -2.76       |
|    explained_variance      | 0.822       |
|    learning_rate           | 0.0003      |
|    loss                    | 0.695       |
|    n_updates               | 50          |
|    policy_gradient_loss    | -0.00244    |
|    std                     | 0.956       |
|    value_loss              | 1.85        |
--------------------------------------------
---------------------------------------------
| curriculum/                |              |
|    stage                   | 0            |
|    window_cost             | 0.1          |
|    window_route_completion | 0.269        |
|    window_success          | 0            |
| paper/                     |              |
|    accel_variation         | 0.641        |
|    base_reward             | 6.84         |
|    collision               | 0            |
|    crash_object            | 0            |
|    crash_vehicle           | 0            |
|    episode_cost            | 0            |
|    episode_length          | 600          |
|    jerk                    | 0.504        |
|    lane_deviation          | 1.09         |
|    max_lane_deviation      | 2            |
|    mean_speed_kmh          | 2.1          |
|    min_ttc                 | nan          |
|    out_of_road             | 0            |
|    route_completion        | 0.345        |
|    shaped_reward           | -535         |
|    steering_variation      | 0.748        |
|    success                 | 0            |
|    ttc_risk                | 0            |
| rollout/                   |              |
|    ep_len_mean             | 579          |
|    ep_rew_mean             | -210         |
|    success_rate            | 0            |
| time/                      |              |
|    fps                     | 761          |
|    iterations              | 7            |
|    time_elapsed            | 226          |
|    total_timesteps         | 172032       |
| train/                     |              |
|    approx_kl               | 0.0027885176 |
|    clip_fraction           | 0.0226       |
|    clip_range              | 0.2          |
|    entropy_loss            | -2.75        |
|    explained_variance      | 0.64         |
|    learning_rate           | 0.0003       |
|    loss                    | 11.1         |
|    n_updates               | 60           |
|    policy_gradient_loss    | -0.00128     |
|    std                     | 0.956        |
|    value_loss              | 36.1         |
---------------------------------------------
---------------------------------------------
| curriculum/                |              |
|    stage                   | 0            |
|    window_cost             | 0.0667       |
|    window_route_completion | 0.272        |
|    window_success          | 0            |
| paper/                     |              |
|    accel_variation         | 0.666        |
|    base_reward             | 15           |
|    collision               | 0            |
|    crash_object            | 0            |
|    crash_vehicle           | 0            |
|    episode_cost            | 0            |
|    episode_length          | 600          |
|    jerk                    | 0.548        |
|    lane_deviation          | 0.496        |
|    max_lane_deviation      | 0.993        |
|    mean_speed_kmh          | 1.98         |
|    min_ttc                 | nan          |
|    out_of_road             | 0            |
|    route_completion        | 0.278        |
|    shaped_reward           | -147         |
|    steering_variation      | 0.722        |
|    success                 | 0            |
|    ttc_risk                | 0            |
| rollout/                   |              |
|    ep_len_mean             | 576          |
|    ep_rew_mean             | -226         |
|    success_rate            | 0            |
| time/                      |              |
|    fps                     | 749          |
|    iterations              | 8            |
|    time_elapsed            | 262          |
|    total_timesteps         | 196608       |
| train/                     |              |
|    approx_kl               | 0.0034917362 |
|    clip_fraction           | 0.026        |
|    clip_range              | 0.2          |
|    entropy_loss            | -2.75        |
|    explained_variance      | 0.834        |
|    learning_rate           | 0.0003       |
|    loss                    | 9.54         |
|    n_updates               | 70           |
|    policy_gradient_loss    | -0.00117     |
|    std                     | 0.956        |
|    value_loss              | 34.9         |
---------------------------------------------
---------------------------------------------
| curriculum/                |              |
|    stage                   | 0            |
|    window_cost             | 0            |
|    window_route_completion | 0.248        |
|    window_success          | 0            |
| paper/                     |              |
|    accel_variation         | 0.725        |
|    base_reward             | 7.64         |
|    collision               | 0            |
|    crash_object            | 0            |
|    crash_vehicle           | 0            |
|    episode_cost            | 0            |
|    episode_length          | 600          |
|    jerk                    | 0.582        |
|    lane_deviation          | 0.811        |
|    max_lane_deviation      | 1.26         |
|    mean_speed_kmh          | 1.65         |
|    min_ttc                 | nan          |
|    out_of_road             | 0            |
|    route_completion        | 0.299        |
|    shaped_reward           | -303         |
|    steering_variation      | 0.8          |
|    success                 | 0            |
|    ttc_risk                | 0            |
| rollout/                   |              |
|    ep_len_mean             | 586          |
|    ep_rew_mean             | -198         |
|    success_rate            | 0            |
| time/                      |              |
|    fps                     | 745          |
|    iterations              | 9            |
|    time_elapsed            | 296          |
|    total_timesteps         | 221184       |
| train/                     |              |
|    approx_kl               | 0.0064423406 |
|    clip_fraction           | 0.0395       |
|    clip_range              | 0.2          |
|    entropy_loss            | -2.74        |
|    explained_variance      | 0.905        |
|    learning_rate           | 0.0003       |
|    loss                    | 9.2          |
|    n_updates               | 80           |
|    policy_gradient_loss    | -0.000652    |
|    std                     | 0.947        |
|    value_loss              | 21.5         |
---------------------------------------------
---------------------------------------------
| curriculum/                |              |
|    stage                   | 0            |
|    window_cost             | 0.0333       |
|    window_route_completion | 0.278        |
|    window_success          | 0            |
| paper/                     |              |
|    accel_variation         | 0.676        |
|    base_reward             | 21.5         |
|    collision               | 0            |
|    crash_object            | 0            |
|    crash_vehicle           | 0            |
|    episode_cost            | 0            |
|    episode_length          | 600          |
|    jerk                    | 0.575        |
|    lane_deviation          | 0.324        |
|    max_lane_deviation      | 0.82         |
|    mean_speed_kmh          | 2.06         |
|    min_ttc                 | nan          |
|    out_of_road             | 0            |
|    route_completion        | 0.359        |
|    shaped_reward           | -90.7        |
|    steering_variation      | 0.764        |
|    success                 | 0            |
|    ttc_risk                | 0            |
| rollout/                   |              |
|    ep_len_mean             | 594          |
|    ep_rew_mean             | -171         |
|    success_rate            | 0            |
| time/                      |              |
|    fps                     | 747          |
|    iterations              | 10           |
|    time_elapsed            | 328          |
|    total_timesteps         | 245760       |
| train/                     |              |
|    approx_kl               | 0.0065934523 |
|    clip_fraction           | 0.0768       |
|    clip_range              | 0.2          |
|    entropy_loss            | -2.73        |
|    explained_variance      | 0.954        |
|    learning_rate           | 0.0003       |
|    loss                    | 5.17         |
|    n_updates               | 90           |
|    policy_gradient_loss    | -0.00243     |
|    std                     | 0.944        |
|    value_loss              | 12.1         |
---------------------------------------------
--------------------------------------------
| curriculum/                |             |
|    stage                   | 0           |
|    window_cost             | 0.0667      |
|    window_route_completion | 0.347       |
|    window_success          | 0           |
| paper/                     |             |
|    accel_variation         | 0.615       |
|    base_reward             | 28.9        |
|    collision               | 0           |
|    crash_object            | 0           |
|    crash_vehicle           | 0           |
|    episode_cost            | 0           |
|    episode_length          | 600         |
|    jerk                    | 0.518       |
|    lane_deviation          | 0.33        |
|    max_lane_deviation      | 0.692       |
|    mean_speed_kmh          | 2.59        |
|    min_ttc                 | nan         |
|    out_of_road             | 0           |
|    route_completion        | 0.432       |
|    shaped_reward           | -69.1       |
|    steering_variation      | 0.72        |
|    success                 | 0           |
|    ttc_risk                | 0           |
| rollout/                   |             |
|    ep_len_mean             | 591         |
|    ep_rew_mean             | -146        |
|    success_rate            | 0           |
| time/                      |             |
|    fps                     | 746         |
|    iterations              | 11          |
|    time_elapsed            | 361         |
|    total_timesteps         | 270336      |
| train/                     |             |
|    approx_kl               | 0.012941323 |
|    clip_fraction           | 0.138       |
|    clip_range              | 0.2         |
|    entropy_loss            | -2.7        |
|    explained_variance      | 0.954       |
|    learning_rate           | 0.0003      |
|    loss                    | 6.82        |
|    n_updates               | 100         |
|    policy_gradient_loss    | -0.00477    |
|    std                     | 0.93        |
|    value_loss              | 12          |
--------------------------------------------
-------------------------------------------
| curriculum/                |            |
|    stage                   | 0          |
|    window_cost             | 0.267      |
|    window_route_completion | 0.414      |
|    window_success          | 0          |
| paper/                     |            |
|    accel_variation         | 0.597      |
|    base_reward             | 25.5       |
|    collision               | 0          |
|    crash_object            | 0          |
|    crash_vehicle           | 0          |
|    episode_cost            | 0          |
|    episode_length          | 600        |
|    jerk                    | 0.478      |
|    lane_deviation          | 0.379      |
|    max_lane_deviation      | 0.817      |
|    mean_speed_kmh          | 2.63       |
|    min_ttc                 | nan        |
|    out_of_road             | 0          |
|    route_completion        | 0.434      |
|    shaped_reward           | -83.8      |
|    steering_variation      | 0.768      |
|    success                 | 0          |
|    ttc_risk                | 0          |
| rollout/                   |            |
|    ep_len_mean             | 552        |
|    ep_rew_mean             | -116       |
|    success_rate            | 0          |
| time/                      |            |
|    fps                     | 743        |
|    iterations              | 12         |
|    time_elapsed            | 396        |
|    total_timesteps         | 294912     |
| train/                     |            |
|    approx_kl               | 0.01584817 |
|    clip_fraction           | 0.193      |
|    clip_range              | 0.2        |
|    entropy_loss            | -2.66      |
|    explained_variance      | 0.797      |
|    learning_rate           | 0.0003     |
|    loss                    | 4.27       |
|    n_updates               | 110        |
|    policy_gradient_loss    | -0.00169   |
|    std                     | 0.907      |
|    value_loss              | 17         |
-------------------------------------------
--------------------------------------------
| curriculum/                |             |
|    stage                   | 0           |
|    window_cost             | 0.2         |
|    window_route_completion | 0.521       |
|    window_success          | 0           |
| paper/                     |             |
|    accel_variation         | 0.542       |
|    base_reward             | 32.4        |
|    collision               | 0           |
|    crash_object            | 0           |
|    crash_vehicle           | 0           |
|    episode_cost            | 0           |
|    episode_length          | 600         |
|    jerk                    | 0.478       |
|    lane_deviation          | 0.39        |
|    max_lane_deviation      | 0.986       |
|    mean_speed_kmh          | 3.39        |
|    min_ttc                 | nan         |
|    out_of_road             | 0           |
|    route_completion        | 0.602       |
|    shaped_reward           | -65         |
|    steering_variation      | 0.799       |
|    success                 | 0           |
|    ttc_risk                | 0           |
| rollout/                   |             |
|    ep_len_mean             | 537         |
|    ep_rew_mean             | -99.6       |
|    success_rate            | 0           |
| time/                      |             |
|    fps                     | 735         |
|    iterations              | 13          |
|    time_elapsed            | 434         |
|    total_timesteps         | 319488      |
| train/                     |             |
|    approx_kl               | 0.030358335 |
|    clip_fraction           | 0.191       |
|    clip_range              | 0.2         |
|    entropy_loss            | -2.61       |
|    explained_variance      | 0.686       |
|    learning_rate           | 0.0003      |
|    loss                    | 8.61        |
|    n_updates               | 120         |
|    policy_gradient_loss    | -0.00503    |
|    std                     | 0.882       |
|    value_loss              | 44.7        |
--------------------------------------------
--------------------------------------------
| curriculum/                |             |
|    stage                   | 1           |
|    window_cost             | 0.0333      |
|    window_route_completion | 0.652       |
|    window_success          | 0.0333      |
| paper/                     |             |
|    accel_variation         | 0.455       |
|    base_reward             | 84.1        |
|    collision               | 0           |
|    crash_object            | 0           |
|    crash_vehicle           | 0           |
|    episode_cost            | 0           |
|    episode_length          | 707         |
|    jerk                    | 0.375       |
|    lane_deviation          | 0.338       |
|    max_lane_deviation      | 1.03        |
|    mean_speed_kmh          | 5.06        |
|    min_ttc                 | nan         |
|    out_of_road             | 0           |
|    route_completion        | 0.952       |
|    shaped_reward           | 33          |
|    steering_variation      | 0.761       |
|    success                 | 1           |
|    ttc_risk                | 0           |
| rollout/                   |             |
|    ep_len_mean             | 558         |
|    ep_rew_mean             | -71.9       |
|    success_rate            | 0.02        |
| time/                      |             |
|    fps                     | 733         |
|    iterations              | 14          |
|    time_elapsed            | 469         |
|    total_timesteps         | 344064      |
| train/                     |             |
|    approx_kl               | 0.011783372 |
|    clip_fraction           | 0.15        |
|    clip_range              | 0.2         |
|    entropy_loss            | -2.56       |
|    explained_variance      | 0.712       |
|    learning_rate           | 0.0003      |
|    loss                    | 20.4        |
|    n_updates               | 130         |
|    policy_gradient_loss    | -0.00484    |
|    std                     | 0.862       |
|    value_loss              | 28.3        |
--------------------------------------------
--------------------------------------------
| curriculum/                |             |
|    stage                   | 1           |
|    window_cost             | 0.0667      |
|    window_route_completion | 0.671       |
|    window_success          | 0.333       |
| paper/                     |             |
|    accel_variation         | 0.479       |
|    base_reward             | 85.4        |
|    collision               | 0           |
|    crash_object            | 0           |
|    crash_vehicle           | 0           |
|    episode_cost            | 0           |
|    episode_length          | 800         |
|    jerk                    | 0.407       |
|    lane_deviation          | 0.286       |
|    max_lane_deviation      | 0.775       |
|    mean_speed_kmh          | 5.15        |
|    min_ttc                 | nan         |
|    out_of_road             | 0           |
|    route_completion        | 0.296       |
|    shaped_reward           | -25.5       |
|    steering_variation      | 0.691       |
|    success                 | 0           |
|    ttc_risk                | 0           |
| rollout/                   |             |
|    ep_len_mean             | 636         |
|    ep_rew_mean             | -40.2       |
|    success_rate            | 0.15        |
| time/                      |             |
|    fps                     | 710         |
|    iterations              | 15          |
|    time_elapsed            | 518         |
|    total_timesteps         | 368640      |
| train/                     |             |
|    approx_kl               | 0.015380179 |
|    clip_fraction           | 0.23        |
|    clip_range              | 0.2         |
|    entropy_loss            | -2.47       |
|    explained_variance      | 0.772       |
|    learning_rate           | 0.0003      |
|    loss                    | 18.5        |
|    n_updates               | 140         |
|    policy_gradient_loss    | -0.000262   |
|    std                     | 0.819       |
|    value_loss              | 16.6        |
--------------------------------------------
--------------------------------------------
| curriculum/                |             |
|    stage                   | 1           |
|    window_cost             | 0           |
|    window_route_completion | 0.343       |
|    window_success          | 0           |
| paper/                     |             |
|    accel_variation         | 0.458       |
|    base_reward             | 89.1        |
|    collision               | 0           |
|    crash_object            | 0           |
|    crash_vehicle           | 0           |
|    episode_cost            | 0           |
|    episode_length          | 800         |
|    jerk                    | 0.379       |
|    lane_deviation          | 0.267       |
|    max_lane_deviation      | 0.778       |
|    mean_speed_kmh          | 5.54        |
|    min_ttc                 | nan         |
|    out_of_road             | 0           |
|    route_completion        | 0.364       |
|    shaped_reward           | -10.8       |
|    steering_variation      | 0.729       |
|    success                 | 0           |
|    ttc_risk                | 0           |
| rollout/                   |             |
|    ep_len_mean             | 712         |
|    ep_rew_mean             | -30.8       |
|    success_rate            | 0.15        |
| time/                      |             |
|    fps                     | 688         |
|    iterations              | 16          |
|    time_elapsed            | 571         |
|    total_timesteps         | 393216      |
| train/                     |             |
|    approx_kl               | 0.014020424 |
|    clip_fraction           | 0.156       |
|    clip_range              | 0.2         |
|    entropy_loss            | -2.41       |
|    explained_variance      | 0.251       |
|    learning_rate           | 0.0003      |
|    loss                    | 6.22        |
|    n_updates               | 150         |
|    policy_gradient_loss    | 0.000336    |
|    std                     | 0.798       |
|    value_loss              | 29.9        |
--------------------------------------------
--------------------------------------------
| curriculum/                |             |
|    stage                   | 1           |
|    window_cost             | 0.1         |
|    window_route_completion | 0.499       |
|    window_success          | 0           |
| paper/                     |             |
|    accel_variation         | 0.443       |
|    base_reward             | 53.3        |
|    collision               | 0           |
|    crash_object            | 0           |
|    crash_vehicle           | 0           |
|    episode_cost            | 1           |
|    episode_length          | 534         |
|    jerk                    | 0.351       |
|    lane_deviation          | 0.432       |
|    max_lane_deviation      | 1.38        |
|    mean_speed_kmh          | 7.63        |
|    min_ttc                 | nan         |
|    out_of_road             | 1           |
|    route_completion        | 0.301       |
|    shaped_reward           | -177        |
|    steering_variation      | 0.662       |
|    success                 | 0           |
|    ttc_risk                | 0           |
| rollout/                   |             |
|    ep_len_mean             | 771         |
|    ep_rew_mean             | -35.5       |
|    success_rate            | 0.14        |
| time/                      |             |
|    fps                     | 680         |
|    iterations              | 17          |
|    time_elapsed            | 613         |
|    total_timesteps         | 417792      |
| train/                     |             |
|    approx_kl               | 0.028171726 |
|    clip_fraction           | 0.278       |
|    clip_range              | 0.2         |
|    entropy_loss            | -2.33       |
|    explained_variance      | 0.426       |
|    learning_rate           | 0.0003      |
|    loss                    | 7.5         |
|    n_updates               | 160         |
|    policy_gradient_loss    | 0.00786     |
|    std                     | 0.769       |
|    value_loss              | 10.2        |
--------------------------------------------
--------------------------------------------
| curriculum/                |             |
|    stage                   | 1           |
|    window_cost             | 0.0333      |
|    window_route_completion | 0.521       |
|    window_success          | 0           |
| paper/                     |             |
|    accel_variation         | 0.412       |
|    base_reward             | 135         |
|    collision               | 0           |
|    crash_object            | 0           |
|    crash_vehicle           | 0           |
|    episode_cost            | 0           |
|    episode_length          | 800         |
|    jerk                    | 0.351       |
|    lane_deviation          | 0.297       |
|    max_lane_deviation      | 0.994       |
|    mean_speed_kmh          | 8.59        |
|    min_ttc                 | nan         |
|    out_of_road             | 0           |
|    route_completion        | 0.615       |
|    shaped_reward           | 13.3        |
|    steering_variation      | 0.697       |
|    success                 | 0           |
|    ttc_risk                | 0           |
| rollout/                   |             |
|    ep_len_mean             | 785         |
|    ep_rew_mean             | -37.3       |
|    success_rate            | 0           |
| time/                      |             |
|    fps                     | 670         |
|    iterations              | 18          |
|    time_elapsed            | 659         |
|    total_timesteps         | 442368      |
| train/                     |             |
|    approx_kl               | 0.016685903 |
|    clip_fraction           | 0.176       |
|    clip_range              | 0.2         |
|    entropy_loss            | -2.28       |
|    explained_variance      | 0.458       |
|    learning_rate           | 0.0003      |
|    loss                    | 4.13        |
|    n_updates               | 170         |
|    policy_gradient_loss    | -0.00814    |
|    std                     | 0.749       |
|    value_loss              | 16.9        |
--------------------------------------------
--------------------------------------------
| curriculum/                |             |
|    stage                   | 1           |
|    window_cost             | 0.1         |
|    window_route_completion | 0.664       |
|    window_success          | 0.133       |
| paper/                     |             |
|    accel_variation         | 0.382       |
|    base_reward             | 182         |
|    collision               | 0           |
|    crash_object            | 0           |
|    crash_vehicle           | 0           |
|    episode_cost            | 0           |
|    episode_length          | 800         |
|    jerk                    | 0.324       |
|    lane_deviation          | 0.35        |
|    max_lane_deviation      | 1.4         |
|    mean_speed_kmh          | 13.2        |
|    min_ttc                 | nan         |
|    out_of_road             | 0           |
|    route_completion        | 0.823       |
|    shaped_reward           | 14.4        |
|    steering_variation      | 0.624       |
|    success                 | 0           |
|    ttc_risk                | 0           |
| rollout/                   |             |
|    ep_len_mean             | 778         |
|    ep_rew_mean             | -9.69       |
|    success_rate            | 0.04        |
| time/                      |             |
|    fps                     | 653         |
|    iterations              | 19          |
|    time_elapsed            | 714         |
|    total_timesteps         | 466944      |
| train/                     |             |
|    approx_kl               | 0.021867147 |
|    clip_fraction           | 0.229       |
|    clip_range              | 0.2         |
|    entropy_loss            | -2.19       |
|    explained_variance      | 0.536       |
|    learning_rate           | 0.0003      |
|    loss                    | 1.46        |
|    n_updates               | 180         |
|    policy_gradient_loss    | -0.00547    |
|    std                     | 0.716       |
|    value_loss              | 8.96        |
--------------------------------------------
--------------------------------------------
| curriculum/                |             |
|    stage                   | 1           |
|    window_cost             | 0.1         |
|    window_route_completion | 0.729       |
|    window_success          | 0.267       |
| paper/                     |             |
|    accel_variation         | 0.377       |
|    base_reward             | 207         |
|    collision               | 0           |
|    crash_object            | 0           |
|    crash_vehicle           | 0           |
|    episode_cost            | 0           |
|    episode_length          | 800         |
|    jerk                    | 0.338       |
|    lane_deviation          | 0.267       |
|    max_lane_deviation      | 0.995       |
|    mean_speed_kmh          | 13.1        |
|    min_ttc                 | nan         |
|    out_of_road             | 0           |
|    route_completion        | 0.76        |
|    shaped_reward           | 72          |
|    steering_variation      | 0.61        |
|    success                 | 0           |
|    ttc_risk                | 0           |
| rollout/                   |             |
|    ep_len_mean             | 768         |
|    ep_rew_mean             | 22.3        |
|    success_rate            | 0.12        |
| time/                      |             |
|    fps                     | 640         |
|    iterations              | 20          |
|    time_elapsed            | 766         |
|    total_timesteps         | 491520      |
| train/                     |             |
|    approx_kl               | 0.014506188 |
|    clip_fraction           | 0.225       |
|    clip_range              | 0.2         |
|    entropy_loss            | -2.13       |
|    explained_variance      | 0.248       |
|    learning_rate           | 0.0003      |
|    loss                    | 5.92        |
|    n_updates               | 190         |
|    policy_gradient_loss    | 0.00288     |
|    std                     | 0.698       |
|    value_loss              | 23          |
--------------------------------------------
--------------------------------------------
| curriculum/                |             |
|    stage                   | 2           |
|    window_cost             | 0.1         |
|    window_route_completion | 0.802       |
|    window_success          | 0.367       |
| paper/                     |             |
|    accel_variation         | 0.379       |
|    base_reward             | 272         |
|    collision               | 0           |
|    crash_object            | 0           |
|    crash_vehicle           | 0           |
|    episode_cost            | 0           |
|    episode_length          | 800         |
|    jerk                    | 0.315       |
|    lane_deviation          | 0.203       |
|    max_lane_deviation      | 0.989       |
|    mean_speed_kmh          | 14.1        |
|    min_ttc                 | nan         |
|    out_of_road             | 0           |
|    route_completion        | 0.985       |
|    shaped_reward           | 179         |
|    steering_variation      | 0.608       |
|    success                 | 1           |
|    ttc_risk                | 0           |
| rollout/                   |             |
|    ep_len_mean             | 767         |
|    ep_rew_mean             | 79.2        |
|    success_rate            | 0.37        |
| time/                      |             |
|    fps                     | 613         |
|    iterations              | 21          |
|    time_elapsed            | 841         |
|    total_timesteps         | 516096      |
| train/                     |             |
|    approx_kl               | 0.022129266 |
|    clip_fraction           | 0.152       |
|    clip_range              | 0.2         |
|    entropy_loss            | -2.08       |
|    explained_variance      | 0.368       |
|    learning_rate           | 0.0003      |
|    loss                    | 9.19        |
|    n_updates               | 200         |
|    policy_gradient_loss    | -0.000248   |
|    std                     | 0.678       |
|    value_loss              | 22.9        |
--------------------------------------------
--------------------------------------------
| curriculum/                |             |
|    stage                   | 3           |
|    window_cost             | 0.167       |
|    window_route_completion | 0.884       |
|    window_success          | 0.767       |
| paper/                     |             |
|    accel_variation         | 0.378       |
|    base_reward             | 331         |
|    collision               | 0           |
|    crash_object            | 0           |
|    crash_vehicle           | 0           |
|    episode_cost            | 0           |
|    episode_length          | 1000        |
|    jerk                    | 0.319       |
|    lane_deviation          | 0.267       |
|    max_lane_deviation      | 0.922       |
|    mean_speed_kmh          | 15.7        |
|    min_ttc                 | nan         |
|    out_of_road             | 0           |
|    route_completion        | 0.768       |
|    shaped_reward           | 116         |
|    steering_variation      | 0.573       |
|    success                 | 0           |
|    ttc_risk                | 0           |
| rollout/                   |             |
|    ep_len_mean             | 791         |
|    ep_rew_mean             | 83.1        |
|    success_rate            | 0.36        |
| time/                      |             |
|    fps                     | 576         |
|    iterations              | 22          |
|    time_elapsed            | 937         |
|    total_timesteps         | 540672      |
| train/                     |             |
|    approx_kl               | 0.027221566 |
|    clip_fraction           | 0.188       |
|    clip_range              | 0.2         |
|    entropy_loss            | -2.03       |
|    explained_variance      | 0.557       |
|    learning_rate           | 0.0003      |
|    loss                    | 9.97        |
|    n_updates               | 210         |
|    policy_gradient_loss    | 0.00453     |
|    std                     | 0.663       |
|    value_loss              | 20.8        |
--------------------------------------------
--------------------------------------------
| curriculum/                |             |
|    stage                   | 3           |
|    window_cost             | 0.2         |
|    window_route_completion | 0.499       |
|    window_success          | 0           |
| paper/                     |             |
|    accel_variation         | 0.383       |
|    base_reward             | 278         |
|    collision               | 0           |
|    crash_object            | 0           |
|    crash_vehicle           | 0           |
|    episode_cost            | 0           |
|    episode_length          | 1000        |
|    jerk                    | 0.345       |
|    lane_deviation          | 0.22        |
|    max_lane_deviation      | 0.976       |
|    mean_speed_kmh          | 12.7        |
|    min_ttc                 | 0.348       |
|    out_of_road             | 0           |
|    route_completion        | 0.436       |
|    shaped_reward           | -99.7       |
|    steering_variation      | 0.548       |
|    success                 | 0           |
|    ttc_risk                | 0.045       |
| rollout/                   |             |
|    ep_len_mean             | 832         |
|    ep_rew_mean             | 74.4        |
|    success_rate            | 0.29        |
| time/                      |             |
|    fps                     | 539         |
|    iterations              | 23          |
|    time_elapsed            | 1047        |
|    total_timesteps         | 565248      |
| train/                     |             |
|    approx_kl               | 0.018513655 |
|    clip_fraction           | 0.203       |
|    clip_range              | 0.2         |
|    entropy_loss            | -1.99       |
|    explained_variance      | 0.365       |
|    learning_rate           | 0.0003      |
|    loss                    | 3.27        |
|    n_updates               | 220         |
|    policy_gradient_loss    | 0.00585     |
|    std                     | 0.654       |
|    value_loss              | 36.7        |
--------------------------------------------
--------------------------------------------
| curriculum/                |             |
|    stage                   | 3           |
|    window_cost             | 0.167       |
|    window_route_completion | 0.455       |
|    window_success          | 0           |
| paper/                     |             |
|    accel_variation         | 0.428       |
|    base_reward             | 285         |
|    collision               | 0           |
|    crash_object            | 0           |
|    crash_vehicle           | 0           |
|    episode_cost            | 0           |
|    episode_length          | 1000        |
|    jerk                    | 0.361       |
|    lane_deviation          | 0.187       |
|    max_lane_deviation      | 0.985       |
|    mean_speed_kmh          | 12.7        |
|    min_ttc                 | 2.97        |
|    out_of_road             | 0           |
|    route_completion        | 0.369       |
|    shaped_reward           | 98.7        |
|    steering_variation      | 0.577       |
|    success                 | 0           |
|    ttc_risk                | 0.000912    |
| rollout/                   |             |
|    ep_len_mean             | 878         |
|    ep_rew_mean             | 60.9        |
|    success_rate            | 0.19        |
| time/                      |             |
|    fps                     | 513         |
|    iterations              | 24          |
|    time_elapsed            | 1147        |
|    total_timesteps         | 589824      |
| train/                     |             |
|    approx_kl               | 0.010043238 |
|    clip_fraction           | 0.182       |
|    clip_range              | 0.2         |
|    entropy_loss            | -1.97       |
|    explained_variance      | 0.543       |
|    learning_rate           | 0.0003      |
|    loss                    | 17.9        |
|    n_updates               | 230         |
|    policy_gradient_loss    | 0.00295     |
|    std                     | 0.65        |
|    value_loss              | 46.1        |
--------------------------------------------
---------------------------------------------
| curriculum/                |              |
|    stage                   | 3            |
|    window_cost             | 0.3          |
|    window_route_completion | 0.455        |
|    window_success          | 0            |
| paper/                     |              |
|    accel_variation         | 0.381        |
|    base_reward             | 351          |
|    collision               | 0            |
|    crash_object            | 0            |
|    crash_vehicle           | 0            |
|    episode_cost            | 0            |
|    episode_length          | 1000         |
|    jerk                    | 0.332        |
|    lane_deviation          | 0.222        |
|    max_lane_deviation      | 0.882        |
|    mean_speed_kmh          | 16.1         |
|    min_ttc                 | 8.05         |
|    out_of_road             | 0            |
|    route_completion        | 0.637        |
|    shaped_reward           | 140          |
|    steering_variation      | 0.566        |
|    success                 | 0            |
|    ttc_risk                | 0            |
| rollout/                   |              |
|    ep_len_mean             | 898          |
|    ep_rew_mean             | 34.6         |
|    success_rate            | 0            |
| time/                      |              |
|    fps                     | 486          |
|    iterations              | 25           |
|    time_elapsed            | 1261         |
|    total_timesteps         | 614400       |
| train/                     |              |
|    approx_kl               | 0.0152988015 |
|    clip_fraction           | 0.226        |
|    clip_range              | 0.2          |
|    entropy_loss            | -1.95        |
|    explained_variance      | 0.492        |
|    learning_rate           | 0.0003       |
|    loss                    | 6.21         |
|    n_updates               | 240          |
|    policy_gradient_loss    | 0.00427      |
|    std                     | 0.645        |
|    value_loss              | 25.4         |
---------------------------------------------
--------------------------------------------
| curriculum/                |             |
|    stage                   | 3           |
|    window_cost             | 0.233       |
|    window_route_completion | 0.501       |
|    window_success          | 0           |
| paper/                     |             |
|    accel_variation         | 0.389       |
|    base_reward             | 222         |
|    collision               | 0           |
|    crash_object            | 0           |
|    crash_vehicle           | 0           |
|    episode_cost            | 1           |
|    episode_length          | 685         |
|    jerk                    | 0.335       |
|    lane_deviation          | 0.218       |
|    max_lane_deviation      | 1.08        |
|    mean_speed_kmh          | 15.7        |
|    min_ttc                 | 5.49        |
|    out_of_road             | 1           |
|    route_completion        | 0.487       |
|    shaped_reward           | -41         |
|    steering_variation      | 0.594       |
|    success                 | 0           |
|    ttc_risk                | 0.000124    |
| rollout/                   |             |
|    ep_len_mean             | 910         |
|    ep_rew_mean             | 28.5        |
|    success_rate            | 0           |
| time/                      |             |
|    fps                     | 458         |
|    iterations              | 26          |
|    time_elapsed            | 1394        |
|    total_timesteps         | 638976      |
| train/                     |             |
|    approx_kl               | 0.010102971 |
|    clip_fraction           | 0.15        |
|    clip_range              | 0.2         |
|    entropy_loss            | -1.93       |
|    explained_variance      | 0.52        |
|    learning_rate           | 0.0003      |
|    loss                    | 9.18        |
|    n_updates               | 250         |
|    policy_gradient_loss    | -0.00109    |
|    std                     | 0.634       |
|    value_loss              | 52          |
--------------------------------------------
--------------------------------------------
| curriculum/                |             |
|    stage                   | 3           |
|    window_cost             | 0.2         |
|    window_route_completion | 0.496       |
|    window_success          | 0           |
| paper/                     |             |
|    accel_variation         | 0.394       |
|    base_reward             | 308         |
|    collision               | 0           |
|    crash_object            | 0           |
|    crash_vehicle           | 0           |
|    episode_cost            | 0           |
|    episode_length          | 1000        |
|    jerk                    | 0.348       |
|    lane_deviation          | 0.199       |
|    max_lane_deviation      | 0.927       |
|    mean_speed_kmh          | 14          |
|    min_ttc                 | 3.94        |
|    out_of_road             | 0           |
|    route_completion        | 0.442       |
|    shaped_reward           | 111         |
|    steering_variation      | 0.579       |
|    success                 | 0           |
|    ttc_risk                | 0.00211     |
| rollout/                   |             |
|    ep_len_mean             | 911         |
|    ep_rew_mean             | 43          |
|    success_rate            | 0           |
| time/                      |             |
|    fps                     | 430         |
|    iterations              | 27          |
|    time_elapsed            | 1540        |
|    total_timesteps         | 663552      |
| train/                     |             |
|    approx_kl               | 0.016508015 |
|    clip_fraction           | 0.213       |
|    clip_range              | 0.2         |
|    entropy_loss            | -1.9        |
|    explained_variance      | 0.568       |
|    learning_rate           | 0.0003      |
|    loss                    | 15.9        |
|    n_updates               | 260         |
|    policy_gradient_loss    | 0.00278     |
|    std                     | 0.626       |
|    value_loss              | 41.3        |
--------------------------------------------
--------------------------------------------
| curriculum/                |             |
|    stage                   | 3           |
|    window_cost             | 0.133       |
|    window_route_completion | 0.52        |
|    window_success          | 0           |
| paper/                     |             |
|    accel_variation         | 0.464       |
|    base_reward             | 242         |
|    collision               | 0           |
|    crash_object            | 0           |
|    crash_vehicle           | 0           |
|    episode_cost            | 0           |
|    episode_length          | 1000        |
|    jerk                    | 0.376       |
|    lane_deviation          | 0.191       |
|    max_lane_deviation      | 0.945       |
|    mean_speed_kmh          | 10.7        |
|    min_ttc                 | 4.71        |
|    out_of_road             | 0           |
|    route_completion        | 0.422       |
|    shaped_reward           | 72.5        |
|    steering_variation      | 0.553       |
|    success                 | 0           |
|    ttc_risk                | 0.00118     |
| rollout/                   |             |
|    ep_len_mean             | 917         |
|    ep_rew_mean             | 49.5        |
|    success_rate            | 0           |
| time/                      |             |
|    fps                     | 414         |
|    iterations              | 28          |
|    time_elapsed            | 1661        |
|    total_timesteps         | 688128      |
| train/                     |             |
|    approx_kl               | 0.008956001 |
|    clip_fraction           | 0.211       |
|    clip_range              | 0.2         |
|    entropy_loss            | -1.88       |
|    explained_variance      | 0.708       |
|    learning_rate           | 0.0003      |
|    loss                    | 15.5        |
|    n_updates               | 270         |
|    policy_gradient_loss    | 0.0057      |
|    std                     | 0.622       |
|    value_loss              | 22          |
--------------------------------------------
-------------------------------------------
| curriculum/                |            |
|    stage                   | 3          |
|    window_cost             | 0.0333     |
|    window_route_completion | 0.525      |
|    window_success          | 0          |
| paper/                     |            |
|    accel_variation         | 0.435      |
|    base_reward             | 328        |
|    collision               | 0          |
|    crash_object            | 0          |
|    crash_vehicle           | 0          |
|    episode_cost            | 0          |
|    episode_length          | 1000       |
|    jerk                    | 0.362      |
|    lane_deviation          | 0.228      |
|    max_lane_deviation      | 0.951      |
|    mean_speed_kmh          | 14.4       |
|    min_ttc                 | 4.55       |
|    out_of_road             | 0          |
|    route_completion        | 0.652      |
|    shaped_reward           | 125        |
|    steering_variation      | 0.546      |
|    success                 | 0          |
|    ttc_risk                | 0.00112    |
| rollout/                   |            |
|    ep_len_mean             | 945        |
|    ep_rew_mean             | 60.6       |
|    success_rate            | 0          |
| time/                      |            |
|    fps                     | 397        |
|    iterations              | 29         |
|    time_elapsed            | 1791       |
|    total_timesteps         | 712704     |
| train/                     |            |
|    approx_kl               | 0.04898627 |
|    clip_fraction           | 0.199      |
|    clip_range              | 0.2        |
|    entropy_loss            | -1.87      |
|    explained_variance      | 0.759      |
|    learning_rate           | 0.0003     |
|    loss                    | 8.61       |
|    n_updates               | 280        |
|    policy_gradient_loss    | 0.00458    |
|    std                     | 0.618      |
|    value_loss              | 27.9       |
-------------------------------------------
--------------------------------------------
| curriculum/                |             |
|    stage                   | 3           |
|    window_cost             | 0.167       |
|    window_route_completion | 0.491       |
|    window_success          | 0           |
| paper/                     |             |
|    accel_variation         | 0.431       |
|    base_reward             | 342         |
|    collision               | 0           |
|    crash_object            | 0           |
|    crash_vehicle           | 0           |
|    episode_cost            | 0           |
|    episode_length          | 1000        |
|    jerk                    | 0.374       |
|    lane_deviation          | 0.178       |
|    max_lane_deviation      | 0.617       |
|    mean_speed_kmh          | 14.6        |
|    min_ttc                 | 4.84        |
|    out_of_road             | 0           |
|    route_completion        | 0.559       |
|    shaped_reward           | 147         |
|    steering_variation      | 0.541       |
|    success                 | 0           |
|    ttc_risk                | 0.000566    |
| rollout/                   |             |
|    ep_len_mean             | 950         |
|    ep_rew_mean             | 67.9        |
|    success_rate            | 0           |
| time/                      |             |
|    fps                     | 383         |
|    iterations              | 30          |
|    time_elapsed            | 1920        |
|    total_timesteps         | 737280      |
| train/                     |             |
|    approx_kl               | 0.009970556 |
|    clip_fraction           | 0.21        |
|    clip_range              | 0.2         |
|    entropy_loss            | -1.84       |
|    explained_variance      | 0.737       |
|    learning_rate           | 0.0003      |
|    loss                    | 2.54        |
|    n_updates               | 290         |
|    policy_gradient_loss    | 0.00584     |
|    std                     | 0.612       |
|    value_loss              | 12.8        |
--------------------------------------------
--------------------------------------------
| curriculum/                |             |
|    stage                   | 3           |
|    window_cost             | 0.133       |
|    window_route_completion | 0.487       |
|    window_success          | 0           |
| paper/                     |             |
|    accel_variation         | 0.454       |
|    base_reward             | 215         |
|    collision               | 0           |
|    crash_object            | 0           |
|    crash_vehicle           | 0           |
|    episode_cost            | 0           |
|    episode_length          | 1000        |
|    jerk                    | 0.382       |
|    lane_deviation          | 0.223       |
|    max_lane_deviation      | 0.749       |
|    mean_speed_kmh          | 9.51        |
|    min_ttc                 | 4.66        |
|    out_of_road             | 0           |
|    route_completion        | 0.314       |
|    shaped_reward           | 48          |
|    steering_variation      | 0.558       |
|    success                 | 0           |
|    ttc_risk                | 0.00113     |
| rollout/                   |             |
|    ep_len_mean             | 949         |
|    ep_rew_mean             | 63.9        |
|    success_rate            | 0           |
| time/                      |             |
|    fps                     | 371         |
|    iterations              | 31          |
|    time_elapsed            | 2050        |
|    total_timesteps         | 761856      |
| train/                     |             |
|    approx_kl               | 0.025638888 |
|    clip_fraction           | 0.181       |
|    clip_range              | 0.2         |
|    entropy_loss            | -1.82       |
|    explained_variance      | 0.6         |
|    learning_rate           | 0.0003      |
|    loss                    | 12.9        |
|    n_updates               | 300         |
|    policy_gradient_loss    | 0.0031      |
|    std                     | 0.601       |
|    value_loss              | 25.7        |
--------------------------------------------
--------------------------------------------
| curriculum/                |             |
|    stage                   | 3           |
|    window_cost             | 0.0667      |
|    window_route_completion | 0.495       |
|    window_success          | 0           |
| paper/                     |             |
|    accel_variation         | 0.412       |
|    base_reward             | 352         |
|    collision               | 0           |
|    crash_object            | 0           |
|    crash_vehicle           | 0           |
|    episode_cost            | 0           |
|    episode_length          | 1000        |
|    jerk                    | 0.362       |
|    lane_deviation          | 0.267       |
|    max_lane_deviation      | 0.775       |
|    mean_speed_kmh          | 16.3        |
|    min_ttc                 | 7.62        |
|    out_of_road             | 0           |
|    route_completion        | 0.523       |
|    shaped_reward           | 126         |
|    steering_variation      | 0.544       |
|    success                 | 0           |
|    ttc_risk                | 0           |
| rollout/                   |             |
|    ep_len_mean             | 957         |
|    ep_rew_mean             | 75.5        |
|    success_rate            | 0           |
| time/                      |             |
|    fps                     | 366         |
|    iterations              | 32          |
|    time_elapsed            | 2145        |
|    total_timesteps         | 786432      |
| train/                     |             |
|    approx_kl               | 0.027478367 |
|    clip_fraction           | 0.203       |
|    clip_range              | 0.2         |
|    entropy_loss            | -1.77       |
|    explained_variance      | 0.69        |
|    learning_rate           | 0.0003      |
|    loss                    | 7.46        |
|    n_updates               | 310         |
|    policy_gradient_loss    | 0.00342     |
|    std                     | 0.588       |
|    value_loss              | 21.3        |
--------------------------------------------
-------------------------------------------
| curriculum/                |            |
|    stage                   | 3          |
|    window_cost             | 0.1        |
|    window_route_completion | 0.471      |
|    window_success          | 0          |
| paper/                     |            |
|    accel_variation         | 0.465      |
|    base_reward             | 341        |
|    collision               | 0          |
|    crash_object            | 0          |
|    crash_vehicle           | 0          |
|    episode_cost            | 0          |
|    episode_length          | 1000       |
|    jerk                    | 0.394      |
|    lane_deviation          | 0.159      |
|    max_lane_deviation      | 0.619      |
|    mean_speed_kmh          | 14.2       |
|    min_ttc                 | 3.59       |
|    out_of_road             | 0          |
|    route_completion        | 0.46       |
|    shaped_reward           | 138        |
|    steering_variation      | 0.506      |
|    success                 | 0          |
|    ttc_risk                | 0.00231    |
| rollout/                   |            |
|    ep_len_mean             | 957        |
|    ep_rew_mean             | 76.8       |
|    success_rate            | 0          |
| time/                      |            |
|    fps                     | 366        |
|    iterations              | 33         |
|    time_elapsed            | 2215       |
|    total_timesteps         | 811008     |
| train/                     |            |
|    approx_kl               | 0.13358544 |
|    clip_fraction           | 0.302      |
|    clip_range              | 0.2        |
|    entropy_loss            | -1.73      |
|    explained_variance      | 0.793      |
|    learning_rate           | 0.0003     |
|    loss                    | 3.22       |
|    n_updates               | 320        |
|    policy_gradient_loss    | 0.0159     |
|    std                     | 0.573      |
|    value_loss              | 9.81       |
-------------------------------------------
--------------------------------------------
| curriculum/                |             |
|    stage                   | 3           |
|    window_cost             | 0.167       |
|    window_route_completion | 0.459       |
|    window_success          | 0           |
| paper/                     |             |
|    accel_variation         | 0.454       |
|    base_reward             | 282         |
|    collision               | 0           |
|    crash_object            | 0           |
|    crash_vehicle           | 0           |
|    episode_cost            | 0           |
|    episode_length          | 1000        |
|    jerk                    | 0.389       |
|    lane_deviation          | 0.303       |
|    max_lane_deviation      | 0.994       |
|    mean_speed_kmh          | 14.8        |
|    min_ttc                 | 5.01        |
|    out_of_road             | 0           |
|    route_completion        | 0.449       |
|    shaped_reward           | 66.6        |
|    steering_variation      | 0.515       |
|    success                 | 0           |
|    ttc_risk                | 0.000668    |
| rollout/                   |             |
|    ep_len_mean             | 953         |
|    ep_rew_mean             | 72.2        |
|    success_rate            | 0           |
| time/                      |             |
|    fps                     | 364         |
|    iterations              | 34          |
|    time_elapsed            | 2290        |
|    total_timesteps         | 835584      |
| train/                     |             |
|    approx_kl               | 0.014111325 |
|    clip_fraction           | 0.186       |
|    clip_range              | 0.2         |
|    entropy_loss            | -1.67       |
|    explained_variance      | 0.533       |
|    learning_rate           | 0.0003      |
|    loss                    | 3.17        |
|    n_updates               | 330         |
|    policy_gradient_loss    | 0.00115     |
|    std                     | 0.559       |
|    value_loss              | 13.5        |
--------------------------------------------
--------------------------------------------
| curriculum/                |             |
|    stage                   | 3           |
|    window_cost             | 0.1         |
|    window_route_completion | 0.496       |
|    window_success          | 0           |
| paper/                     |             |
|    accel_variation         | 0.48        |
|    base_reward             | 332         |
|    collision               | 0           |
|    crash_object            | 0           |
|    crash_vehicle           | 0           |
|    episode_cost            | 0           |
|    episode_length          | 1000        |
|    jerk                    | 0.401       |
|    lane_deviation          | 0.176       |
|    max_lane_deviation      | 0.619       |
|    mean_speed_kmh          | 14.3        |
|    min_ttc                 | 4.58        |
|    out_of_road             | 0           |
|    route_completion        | 0.652       |
|    shaped_reward           | 143         |
|    steering_variation      | 0.511       |
|    success                 | 0           |
|    ttc_risk                | 0.000593    |
| rollout/                   |             |
|    ep_len_mean             | 953         |
|    ep_rew_mean             | 69.7        |
|    success_rate            | 0           |
| time/                      |             |
|    fps                     | 366         |
|    iterations              | 35          |
|    time_elapsed            | 2349        |
|    total_timesteps         | 860160      |
| train/                     |             |
|    approx_kl               | 0.013911251 |
|    clip_fraction           | 0.127       |
|    clip_range              | 0.2         |
|    entropy_loss            | -1.65       |
|    explained_variance      | 0.562       |
|    learning_rate           | 0.0003      |
|    loss                    | 22.2        |
|    n_updates               | 340         |
|    policy_gradient_loss    | -0.00209    |
|    std                     | 0.555       |
|    value_loss              | 29.4        |
--------------------------------------------
---------------------------------------------
| curriculum/                |              |
|    stage                   | 3            |
|    window_cost             | 0.0667       |
|    window_route_completion | 0.534        |
|    window_success          | 0            |
| paper/                     |              |
|    accel_variation         | 0.456        |
|    base_reward             | 326          |
|    collision               | 0            |
|    crash_object            | 0            |
|    crash_vehicle           | 0            |
|    episode_cost            | 0            |
|    episode_length          | 1000         |
|    jerk                    | 0.389        |
|    lane_deviation          | 0.185        |
|    max_lane_deviation      | 0.998        |
|    mean_speed_kmh          | 14.2         |
|    min_ttc                 | 0.575        |
|    out_of_road             | 0            |
|    route_completion        | 0.424        |
|    shaped_reward           | 56.8         |
|    steering_variation      | 0.52         |
|    success                 | 0            |
|    ttc_risk                | 0.0179       |
| rollout/                   |              |
|    ep_len_mean             | 948          |
|    ep_rew_mean             | 53.8         |
|    success_rate            | 0            |
| time/                      |              |
|    fps                     | 366          |
|    iterations              | 36           |
|    time_elapsed            | 2413         |
|    total_timesteps         | 884736       |
| train/                     |              |
|    approx_kl               | 0.0115263285 |
|    clip_fraction           | 0.119        |
|    clip_range              | 0.2          |
|    entropy_loss            | -1.62        |
|    explained_variance      | 0.666        |
|    learning_rate           | 0.0003       |
|    loss                    | 5.8          |
|    n_updates               | 350          |
|    policy_gradient_loss    | -0.00157     |
|    std                     | 0.552        |
|    value_loss              | 25.5         |
---------------------------------------------
--------------------------------------------
| curriculum/                |             |
|    stage                   | 3           |
|    window_cost             | 0.1         |
|    window_route_completion | 0.5         |
|    window_success          | 0           |
| paper/                     |             |
|    accel_variation         | 0.423       |
|    base_reward             | 364         |
|    collision               | 0           |
|    crash_object            | 0           |
|    crash_vehicle           | 0           |
|    episode_cost            | 0           |
|    episode_length          | 1000        |
|    jerk                    | 0.387       |
|    lane_deviation          | 0.179       |
|    max_lane_deviation      | 0.68        |
|    mean_speed_kmh          | 15.7        |
|    min_ttc                 | 2.42        |
|    out_of_road             | 0           |
|    route_completion        | 0.563       |
|    shaped_reward           | 104         |
|    steering_variation      | 0.492       |
|    success                 | 0           |
|    ttc_risk                | 0.0127      |
| rollout/                   |             |
|    ep_len_mean             | 949         |
|    ep_rew_mean             | 56.8        |
|    success_rate            | 0           |
| time/                      |             |
|    fps                     | 366         |
|    iterations              | 37          |
|    time_elapsed            | 2478        |
|    total_timesteps         | 909312      |
| train/                     |             |
|    approx_kl               | 0.012854951 |
|    clip_fraction           | 0.221       |
|    clip_range              | 0.2         |
|    entropy_loss            | -1.6        |
|    explained_variance      | 0.645       |
|    learning_rate           | 0.0003      |
|    loss                    | 7.22        |
|    n_updates               | 360         |
|    policy_gradient_loss    | 0.00569     |
|    std                     | 0.543       |
|    value_loss              | 23.5        |
--------------------------------------------
--------------------------------------------
| curriculum/                |             |
|    stage                   | 3           |
|    window_cost             | 0.1         |
|    window_route_completion | 0.484       |
|    window_success          | 0           |
| paper/                     |             |
|    accel_variation         | 0.46        |
|    base_reward             | 321         |
|    collision               | 0           |
|    crash_object            | 0           |
|    crash_vehicle           | 0           |
|    episode_cost            | 0           |
|    episode_length          | 1000        |
|    jerk                    | 0.379       |
|    lane_deviation          | 0.233       |
|    max_lane_deviation      | 0.867       |
|    mean_speed_kmh          | 14.4        |
|    min_ttc                 | 4.26        |
|    out_of_road             | 0           |
|    route_completion        | 0.46        |
|    shaped_reward           | 114         |
|    steering_variation      | 0.474       |
|    success                 | 0           |
|    ttc_risk                | 0.0007      |
| rollout/                   |             |
|    ep_len_mean             | 951         |
|    ep_rew_mean             | 65.7        |
|    success_rate            | 0           |
| time/                      |             |
|    fps                     | 367         |
|    iterations              | 38          |
|    time_elapsed            | 2542        |
|    total_timesteps         | 933888      |
| train/                     |             |
|    approx_kl               | 0.025162378 |
|    clip_fraction           | 0.193       |
|    clip_range              | 0.2         |
|    entropy_loss            | -1.57       |
|    explained_variance      | 0.708       |
|    learning_rate           | 0.0003      |
|    loss                    | 5.12        |
|    n_updates               | 370         |
|    policy_gradient_loss    | 0.00398     |
|    std                     | 0.538       |
|    value_loss              | 17.9        |
--------------------------------------------
--------------------------------------------
| curriculum/                |             |
|    stage                   | 3           |
|    window_cost             | 0.2         |
|    window_route_completion | 0.482       |
|    window_success          | 0           |
| paper/                     |             |
|    accel_variation         | 0.464       |
|    base_reward             | 318         |
|    collision               | 0           |
|    crash_object            | 0           |
|    crash_vehicle           | 0           |
|    episode_cost            | 0           |
|    episode_length          | 1000        |
|    jerk                    | 0.393       |
|    lane_deviation          | 0.197       |
|    max_lane_deviation      | 0.729       |
|    mean_speed_kmh          | 13.8        |
|    min_ttc                 | 0.883       |
|    out_of_road             | 0           |
|    route_completion        | 0.685       |
|    shaped_reward           | 88.4        |
|    steering_variation      | 0.486       |
|    success                 | 0           |
|    ttc_risk                | 0.0106      |
| rollout/                   |             |
|    ep_len_mean             | 937         |
|    ep_rew_mean             | 63.7        |
|    success_rate            | 0           |
| time/                      |             |
|    fps                     | 368         |
|    iterations              | 39          |
|    time_elapsed            | 2602        |
|    total_timesteps         | 958464      |
| train/                     |             |
|    approx_kl               | 0.015297349 |
|    clip_fraction           | 0.192       |
|    clip_range              | 0.2         |
|    entropy_loss            | -1.55       |
|    explained_variance      | 0.76        |
|    learning_rate           | 0.0003      |
|    loss                    | 5.32        |
|    n_updates               | 380         |
|    policy_gradient_loss    | 0.00264     |
|    std                     | 0.534       |
|    value_loss              | 20.6        |
--------------------------------------------
--------------------------------------------
| curriculum/                |             |
|    stage                   | 3           |
|    window_cost             | 0.267       |
|    window_route_completion | 0.495       |
|    window_success          | 0           |
| paper/                     |             |
|    accel_variation         | 0.464       |
|    base_reward             | 369         |
|    collision               | 0           |
|    crash_object            | 0           |
|    crash_vehicle           | 0           |
|    episode_cost            | 0           |
|    episode_length          | 1000        |
|    jerk                    | 0.403       |
|    lane_deviation          | 0.233       |
|    max_lane_deviation      | 0.774       |
|    mean_speed_kmh          | 17.6        |
|    min_ttc                 | 5.47        |
|    out_of_road             | 0           |
|    route_completion        | 0.434       |
|    shaped_reward           | 142         |
|    steering_variation      | 0.454       |
|    success                 | 0           |
|    ttc_risk                | 0.000139    |
| rollout/                   |             |
|    ep_len_mean             | 918         |
|    ep_rew_mean             | 69.8        |
|    success_rate            | 0           |
| time/                      |             |
|    fps                     | 368         |
|    iterations              | 40          |
|    time_elapsed            | 2666        |
|    total_timesteps         | 983040      |
| train/                     |             |
|    approx_kl               | 0.032184545 |
|    clip_fraction           | 0.17        |
|    clip_range              | 0.2         |
|    entropy_loss            | -1.52       |
|    explained_variance      | 0.704       |
|    learning_rate           | 0.0003      |
|    loss                    | 7.76        |
|    n_updates               | 390         |
|    policy_gradient_loss    | 0.000681    |
|    std                     | 0.524       |
|    value_loss              | 29.4        |
--------------------------------------------
--------------------------------------------
| curriculum/                |             |
|    stage                   | 3           |
|    window_cost             | 0.167       |
|    window_route_completion | 0.541       |
|    window_success          | 0           |
| paper/                     |             |
|    accel_variation         | 0.453       |
|    base_reward             | 323         |
|    collision               | 0           |
|    crash_object            | 0           |
|    crash_vehicle           | 0           |
|    episode_cost            | 0           |
|    episode_length          | 1000        |
|    jerk                    | 0.396       |
|    lane_deviation          | 0.272       |
|    max_lane_deviation      | 0.852       |
|    mean_speed_kmh          | 16.6        |
|    min_ttc                 | 8.52        |
|    out_of_road             | 0           |
|    route_completion        | 0.64        |
|    shaped_reward           | 108         |
|    steering_variation      | 0.452       |
|    success                 | 0           |
|    ttc_risk                | 0           |
| rollout/                   |             |
|    ep_len_mean             | 907         |
|    ep_rew_mean             | 65.3        |
|    success_rate            | 0           |
| time/                      |             |
|    fps                     | 369         |
|    iterations              | 41          |
|    time_elapsed            | 2726        |
|    total_timesteps         | 1007616     |
| train/                     |             |
|    approx_kl               | 0.013801715 |
|    clip_fraction           | 0.198       |
|    clip_range              | 0.2         |
|    entropy_loss            | -1.49       |
|    explained_variance      | 0.659       |
|    learning_rate           | 0.0003      |
|    loss                    | 11.7        |
|    n_updates               | 400         |
|    policy_gradient_loss    | 0.00171     |
|    std                     | 0.52        |
|    value_loss              | 31.3        |
--------------------------------------------
Wrapping the env in a DummyVecEnv.
/root/autodl-tmp/projects/sb3/stable-baselines3-master/stable_baselines3/common/on_policy_algorithm.py:150: UserWarning: You are trying to run PPO on the GPU, but it is primarily intended to run on the CPU when not using a CNN policy (you are using ActorCriticPolicy which should be a MlpPolicy). See https://github.com/DLR-RM/stable-baselines3/issues/1245 for more info. You can pass `device='cpu'` or `export CUDA_VISIBLE_DEVICES=` to force using the CPU.Note: The model will train, but the GPU utilization will be poor and the training might take longer than on CPU.
  warnings.warn(
Wrapping the env in a DummyVecEnv.
Wrapping the env in a DummyVecEnv.
                       seed  success  route_completion  collision  out_of_road  cost      reward  shaped_reward  episode_length      speed  lane_deviation  steering_variation  accel_variation  ttc_risk   min_ttc
variant  algo density                                                                                                                                                                                              
proposed ppo  0.00     12.5     0.84          0.974493       0.00         0.00  0.00  523.805166     323.656909          972.73  20.240137        0.115087            0.011244         0.224749  0.000000       NaN
              0.08     12.5     0.72          0.909330       0.12         0.00  0.12  477.210664     265.573143          918.95  19.947525        0.129960            0.017348         0.228847  0.002364  5.596453
              0.15     12.5     0.42          0.760193       0.47         0.03  0.50  366.524443      98.858056          824.85  18.314585        0.180219            0.025836         0.252009  0.010399  2.466793
curve_source=tensorboard
saved_summary=outputs/stage1000_true_proposed_s12s13_gpu0_nenv24/evaluations/summary.csv
saved_figures=outputs/stage1000_true_proposed_s12s13_gpu0_nenv24/figures
saved_report=outputs/stage1000_true_proposed_s12s13_gpu0_nenv24/运行记录.md
