/root/autodl-tmp/projects/sb3/stable-baselines3-master/stable_baselines3/common/on_policy_algorithm.py:150: UserWarning: You are trying to run PPO on the GPU, but it is primarily intended to run on the CPU when not using a CNN policy (you are using ActorCriticPolicy which should be a MlpPolicy). See https://github.com/DLR-RM/stable-baselines3/issues/1245 for more info. You can pass `device='cpu'` or `export CUDA_VISIBLE_DEVICES=` to force using the CPU.Note: The model will train, but the GPU utilization will be poor and the training might take longer than on CPU.
  warnings.warn(
Process ForkProcess-2:
Process ForkProcess-4:
Process ForkProcess-3:
Traceback (most recent call last):
Traceback (most recent call last):
Traceback (most recent call last):
  File "/root/autodl-tmp/envs/sb3/lib/python3.10/multiprocessing/process.py", line 314, in _bootstrap
    self.run()
  File "/root/autodl-tmp/envs/sb3/lib/python3.10/multiprocessing/process.py", line 314, in _bootstrap
    self.run()
  File "/root/autodl-tmp/envs/sb3/lib/python3.10/multiprocessing/process.py", line 108, in run
    self._target(*self._args, **self._kwargs)
  File "/root/autodl-tmp/envs/sb3/lib/python3.10/multiprocessing/process.py", line 108, in run
    self._target(*self._args, **self._kwargs)
  File "/root/autodl-tmp/envs/sb3/lib/python3.10/multiprocessing/process.py", line 314, in _bootstrap
    self.run()
  File "/root/autodl-tmp/projects/sb3/stable-baselines3-master/stable_baselines3/common/vec_env/subproc_vec_env.py", line 46, in _worker
    observation, reset_info = env.reset(seed=data[0], **maybe_options)
  File "/root/autodl-tmp/projects/sb3/stable-baselines3-master/stable_baselines3/common/vec_env/subproc_vec_env.py", line 46, in _worker
    observation, reset_info = env.reset(seed=data[0], **maybe_options)
  File "/root/autodl-tmp/envs/sb3/lib/python3.10/multiprocessing/process.py", line 108, in run
    self._target(*self._args, **self._kwargs)
  File "/root/autodl-tmp/projects/sb3/stable-baselines3-master/stable_baselines3/common/monitor.py", line 85, in reset
    return self.env.reset(**kwargs)
  File "/root/autodl-tmp/projects/sb3/stable-baselines3-master/stable_baselines3/common/monitor.py", line 85, in reset
    return self.env.reset(**kwargs)
  File "/root/autodl-tmp/projects/sb3/stable-baselines3-master/stable_baselines3/common/vec_env/subproc_vec_env.py", line 46, in _worker
    observation, reset_info = env.reset(seed=data[0], **maybe_options)
  File "/root/autodl-tmp/projects/sb3/stable-baselines3-master/risk_curriculum_metadrive/racrl/envs.py", line 95, in reset
    return self.env.reset(**kwargs)
  File "/root/autodl-tmp/projects/sb3/stable-baselines3-master/stable_baselines3/common/monitor.py", line 85, in reset
    return self.env.reset(**kwargs)
  File "/root/autodl-tmp/projects/sb3/stable-baselines3-master/risk_curriculum_metadrive/racrl/envs.py", line 95, in reset
    return self.env.reset(**kwargs)
  File "/root/autodl-tmp/projects/sb3/stable-baselines3-master/metadrive/metadrive/envs/base_env.py", line 524, in reset
    self._reset_global_seed(seed)
  File "/root/autodl-tmp/projects/sb3/stable-baselines3-master/risk_curriculum_metadrive/racrl/envs.py", line 95, in reset
    return self.env.reset(**kwargs)
  File "/root/autodl-tmp/projects/sb3/stable-baselines3-master/metadrive/metadrive/envs/base_env.py", line 524, in reset
    self._reset_global_seed(seed)
  File "/root/autodl-tmp/projects/sb3/stable-baselines3-master/metadrive/metadrive/envs/base_env.py", line 926, in _reset_global_seed
    assert self.start_index <= current_seed < self.start_index + self.num_scenarios, \
  File "/root/autodl-tmp/projects/sb3/stable-baselines3-master/metadrive/metadrive/envs/base_env.py", line 524, in reset
    self._reset_global_seed(seed)
  File "/root/autodl-tmp/projects/sb3/stable-baselines3-master/metadrive/metadrive/envs/base_env.py", line 926, in _reset_global_seed
    assert self.start_index <= current_seed < self.start_index + self.num_scenarios, \
  File "/root/autodl-tmp/projects/sb3/stable-baselines3-master/metadrive/metadrive/envs/base_env.py", line 926, in _reset_global_seed
    assert self.start_index <= current_seed < self.start_index + self.num_scenarios, \
AssertionError: scenario_index (seed) should be in [400:600)
AssertionError: scenario_index (seed) should be in [200:400)
AssertionError: scenario_index (seed) should be in [600:800)
