Using cuda device
/home/aaa/data/qj/stable-baselines3-master/stable_baselines3/common/on_policy_algorithm.py:150: UserWarning: You are trying to run PPO on the GPU, but it is primarily intended to run on the CPU when not using a CNN policy (you are using ActorCriticPolicy which should be a MlpPolicy). See https://github.com/DLR-RM/stable-baselines3/issues/1245 for more info. You can pass `device='cpu'` or `export CUDA_VISIBLE_DEVICES=` to force using the CPU.Note: The model will train, but the GPU utilization will be poor and the training might take longer than on CPU.
  warnings.warn(
Logging to outputs/defensive_ttc12_v18_nenv8_final/runs/defensive_proposed_ppo_s27/tensorboard/proposed_ppo_s27_1
------------------------------------
| paper/                |          |
|    accel_variation    | 0.844    |
|    base_reward        | 5.32     |
|    collision          | 0        |
|    crash_object       | 0        |
|    crash_vehicle      | 0        |
|    episode_cost       | 0        |
|    episode_length     | 600      |
|    jerk               | 0.61     |
|    lane_deviation     | 0.0739   |
|    max_lane_deviation | 0.155    |
|    mean_speed_kmh     | 0.642    |
|    min_ttc            | nan      |
|    out_of_road        | 0        |
|    route_completion   | 0.0815   |
|    shaped_reward      | -96.8    |
|    steering_variation | 0.828    |
|    success            | 0        |
|    ttc_risk           | 0        |
| rollout/              |          |
|    ep_len_mean        | 600      |
|    ep_rew_mean        | -109     |
|    success_rate       | 0        |
| time/                 |          |
|    fps                | 2780     |
|    iterations         | 1        |
|    time_elapsed       | 2        |
|    total_timesteps    | 8192     |
------------------------------------
-----------------------------------------
| paper/                  |             |
|    accel_variation      | 0.764       |
|    base_reward          | 6.79        |
|    collision            | 0           |
|    crash_object         | 0           |
|    crash_vehicle        | 0           |
|    episode_cost         | 0           |
|    episode_length       | 600         |
|    jerk                 | 0.594       |
|    lane_deviation       | 0.247       |
|    max_lane_deviation   | 0.718       |
|    mean_speed_kmh       | 0.841       |
|    min_ttc              | nan         |
|    out_of_road          | 0           |
|    route_completion     | 0.127       |
|    shaped_reward        | -116        |
|    steering_variation   | 0.802       |
|    success              | 0           |
|    ttc_risk             | 0           |
| rollout/                |             |
|    ep_len_mean          | 600         |
|    ep_rew_mean          | -109        |
|    success_rate         | 0           |
| time/                   |             |
|    fps                  | 2543        |
|    iterations           | 2           |
|    time_elapsed         | 6           |
|    total_timesteps      | 16384       |
| train/                  |             |
|    approx_kl            | 0.008133944 |
|    clip_fraction        | 0.105       |
|    clip_range           | 0.2         |
|    entropy_loss         | -2.83       |
|    explained_variance   | 0.0142      |
|    learning_rate        | 0.0003      |
|    loss                 | 0.21        |
|    n_updates            | 10          |
|    policy_gradient_loss | -0.00657    |
|    std                  | 0.99        |
|    value_loss           | 0.489       |
-----------------------------------------
--------------------------------------------
| curriculum/                |             |
|    stage                   | 0           |
|    window_cost             | 0           |
|    window_route_completion | 0.12        |
|    window_success          | 0           |
| paper/                     |             |
|    accel_variation         | 0.79        |
|    base_reward             | 8.86        |
|    collision               | 0           |
|    crash_object            | 0           |
|    crash_vehicle           | 0           |
|    episode_cost            | 0           |
|    episode_length          | 600         |
|    jerk                    | 0.623       |
|    lane_deviation          | 0.208       |
|    max_lane_deviation      | 0.346       |
|    mean_speed_kmh          | 0.918       |
|    min_ttc                 | nan         |
|    out_of_road             | 0           |
|    route_completion        | 0.122       |
|    shaped_reward           | -99.6       |
|    steering_variation      | 0.866       |
|    success                 | 0           |
|    ttc_risk                | 0           |
| rollout/                   |             |
|    ep_len_mean             | 600         |
|    ep_rew_mean             | -114        |
|    success_rate            | 0           |
| time/                      |             |
|    fps                     | 2538        |
|    iterations              | 3           |
|    time_elapsed            | 9           |
|    total_timesteps         | 24576       |
| train/                     |             |
|    approx_kl               | 0.006868477 |
|    clip_fraction           | 0.0843      |
|    clip_range              | 0.2         |
|    entropy_loss            | -2.81       |
|    explained_variance      | -0.205      |
|    learning_rate           | 0.0003      |
|    loss                    | 0.546       |
|    n_updates               | 20          |
|    policy_gradient_loss    | -0.00464    |
|    std                     | 0.978       |
|    value_loss              | 1.23        |
--------------------------------------------
--------------------------------------------
| curriculum/                |             |
|    stage                   | 0           |
|    window_cost             | 0           |
|    window_route_completion | 0.128       |
|    window_success          | 0           |
| paper/                     |             |
|    accel_variation         | 0.799       |
|    base_reward             | 8.8         |
|    collision               | 0           |
|    crash_object            | 0           |
|    crash_vehicle           | 0           |
|    episode_cost            | 0           |
|    episode_length          | 600         |
|    jerk                    | 0.654       |
|    lane_deviation          | 0.172       |
|    max_lane_deviation      | 0.672       |
|    mean_speed_kmh          | 0.912       |
|    min_ttc                 | nan         |
|    out_of_road             | 0           |
|    route_completion        | 0.164       |
|    shaped_reward           | -103        |
|    steering_variation      | 0.813       |
|    success                 | 0           |
|    ttc_risk                | 0           |
| rollout/                   |             |
|    ep_len_mean             | 600         |
|    ep_rew_mean             | -114        |
|    success_rate            | 0           |
| time/                      |             |
|    fps                     | 2529        |
|    iterations              | 4           |
|    time_elapsed            | 12          |
|    total_timesteps         | 32768       |
| train/                     |             |
|    approx_kl               | 0.005164548 |
|    clip_fraction           | 0.0417      |
|    clip_range              | 0.2         |
|    entropy_loss            | -2.79       |
|    explained_variance      | 0.24        |
|    learning_rate           | 0.0003      |
|    loss                    | 1.47        |
|    n_updates               | 30          |
|    policy_gradient_loss    | -0.00159    |
|    std                     | 0.977       |
|    value_loss              | 3.05        |
--------------------------------------------
--------------------------------------------
| curriculum/                |             |
|    stage                   | 0           |
|    window_cost             | 0           |
|    window_route_completion | 0.149       |
|    window_success          | 0           |
| paper/                     |             |
|    accel_variation         | 0.731       |
|    base_reward             | 5.83        |
|    collision               | 0           |
|    crash_object            | 0           |
|    crash_vehicle           | 0           |
|    episode_cost            | 0           |
|    episode_length          | 600         |
|    jerk                    | 0.595       |
|    lane_deviation          | 1.03        |
|    max_lane_deviation      | 2           |
|    mean_speed_kmh          | 1.18        |
|    min_ttc                 | nan         |
|    out_of_road             | 0           |
|    route_completion        | 0.16        |
|    shaped_reward           | -551        |
|    steering_variation      | 0.802       |
|    success                 | 0           |
|    ttc_risk                | 0           |
| rollout/                   |             |
|    ep_len_mean             | 600         |
|    ep_rew_mean             | -148        |
|    success_rate            | 0           |
| time/                      |             |
|    fps                     | 2525        |
|    iterations              | 5           |
|    time_elapsed            | 16          |
|    total_timesteps         | 40960       |
| train/                     |             |
|    approx_kl               | 0.006483268 |
|    clip_fraction           | 0.0837      |
|    clip_range              | 0.2         |
|    entropy_loss            | -2.79       |
|    explained_variance      | 0.395       |
|    learning_rate           | 0.0003      |
|    loss                    | 0.59        |
|    n_updates               | 40          |
|    policy_gradient_loss    | -0.00481    |
|    std                     | 0.972       |
|    value_loss              | 1.44        |
--------------------------------------------
---------------------------------------------
| curriculum/                |              |
|    stage                   | 0            |
|    window_cost             | 0.0333       |
|    window_route_completion | 0.164        |
|    window_success          | 0            |
| paper/                     |              |
|    accel_variation         | 0.76         |
|    base_reward             | 7.52         |
|    collision               | 0            |
|    crash_object            | 0            |
|    crash_vehicle           | 0            |
|    episode_cost            | 0            |
|    episode_length          | 600          |
|    jerk                    | 0.593        |
|    lane_deviation          | 0.881        |
|    max_lane_deviation      | 2            |
|    mean_speed_kmh          | 1.37         |
|    min_ttc                 | nan          |
|    out_of_road             | 0            |
|    route_completion        | 0.193        |
|    shaped_reward           | -461         |
|    steering_variation      | 0.853        |
|    success                 | 0            |
|    ttc_risk                | 0            |
| rollout/                   |              |
|    ep_len_mean             | 600          |
|    ep_rew_mean             | -191         |
|    success_rate            | 0            |
| time/                      |              |
|    fps                     | 2544         |
|    iterations              | 6            |
|    time_elapsed            | 19           |
|    total_timesteps         | 49152        |
| train/                     |              |
|    approx_kl               | 0.0034916475 |
|    clip_fraction           | 0.0157       |
|    clip_range              | 0.2          |
|    entropy_loss            | -2.78        |
|    explained_variance      | 0.029        |
|    learning_rate           | 0.0003       |
|    loss                    | 8.37         |
|    n_updates               | 50           |
|    policy_gradient_loss    | -0.000707    |
|    std                     | 0.972        |
|    value_loss              | 47.2         |
---------------------------------------------
----------------------------------------------
| curriculum/                |               |
|    stage                   | 0             |
|    window_cost             | 0.167         |
|    window_route_completion | 0.166         |
|    window_success          | 0             |
| paper/                     |               |
|    accel_variation         | 0.796         |
|    base_reward             | -5.03         |
|    collision               | 0             |
|    crash_object            | 0             |
|    crash_vehicle           | 0             |
|    episode_cost            | 1             |
|    episode_length          | 554           |
|    jerk                    | 0.576         |
|    lane_deviation          | 1.21          |
|    max_lane_deviation      | 2             |
|    mean_speed_kmh          | 1.29          |
|    min_ttc                 | nan           |
|    out_of_road             | 1             |
|    route_completion        | 0.148         |
|    shaped_reward           | -823          |
|    steering_variation      | 0.784         |
|    success                 | 0             |
|    ttc_risk                | 0             |
| rollout/                   |               |
|    ep_len_mean             | 596           |
|    ep_rew_mean             | -247          |
|    success_rate            | 0             |
| time/                      |               |
|    fps                     | 2533          |
|    iterations              | 7             |
|    time_elapsed            | 22            |
|    total_timesteps         | 57344         |
| train/                     |               |
|    approx_kl               | 0.00044221018 |
|    clip_fraction           | 0.00131       |
|    clip_range              | 0.2           |
|    entropy_loss            | -2.78         |
|    explained_variance      | 0.674         |
|    learning_rate           | 0.0003        |
|    loss                    | 33.2          |
|    n_updates               | 60            |
|    policy_gradient_loss    | -0.000326     |
|    std                     | 0.972         |
|    value_loss              | 72.2          |
----------------------------------------------
--------------------------------------------
| curriculum/                |             |
|    stage                   | 0           |
|    window_cost             | 0.133       |
|    window_route_completion | 0.164       |
|    window_success          | 0           |
| paper/                     |             |
|    accel_variation         | 0.775       |
|    base_reward             | 7.63        |
|    collision               | 0           |
|    crash_object            | 0           |
|    crash_vehicle           | 0           |
|    episode_cost            | 0           |
|    episode_length          | 600         |
|    jerk                    | 0.59        |
|    lane_deviation          | 0.606       |
|    max_lane_deviation      | 1.66        |
|    mean_speed_kmh          | 1.18        |
|    min_ttc                 | nan         |
|    out_of_road             | 0           |
|    route_completion        | 0.212       |
|    shaped_reward           | -231        |
|    steering_variation      | 0.763       |
|    success                 | 0           |
|    ttc_risk                | 0           |
| rollout/                   |             |
|    ep_len_mean             | 596         |
|    ep_rew_mean             | -258        |
|    success_rate            | 0           |
| time/                      |             |
|    fps                     | 2523        |
|    iterations              | 8           |
|    time_elapsed            | 25          |
|    total_timesteps         | 65536       |
| train/                     |             |
|    approx_kl               | 0.003978473 |
|    clip_fraction           | 0.0245      |
|    clip_range              | 0.2         |
|    entropy_loss            | -2.78       |
|    explained_variance      | 0.825       |
|    learning_rate           | 0.0003      |
|    loss                    | 25.3        |
|    n_updates               | 70          |
|    policy_gradient_loss    | -0.00173    |
|    std                     | 0.971       |
|    value_loss              | 105         |
--------------------------------------------
--------------------------------------------
| curriculum/                |             |
|    stage                   | 0           |
|    window_cost             | 0.0333      |
|    window_route_completion | 0.158       |
|    window_success          | 0           |
| paper/                     |             |
|    accel_variation         | 0.766       |
|    base_reward             | 7.93        |
|    collision               | 0           |
|    crash_object            | 0           |
|    crash_vehicle           | 0           |
|    episode_cost            | 0           |
|    episode_length          | 600         |
|    jerk                    | 0.609       |
|    lane_deviation          | 0.339       |
|    max_lane_deviation      | 0.992       |
|    mean_speed_kmh          | 1.02        |
|    min_ttc                 | nan         |
|    out_of_road             | 0           |
|    route_completion        | 0.145       |
|    shaped_reward           | -136        |
|    steering_variation      | 0.765       |
|    success                 | 0           |
|    ttc_risk                | 0           |
| rollout/                   |             |
|    ep_len_mean             | 596         |
|    ep_rew_mean             | -285        |
|    success_rate            | 0           |
| time/                      |             |
|    fps                     | 2504        |
|    iterations              | 9           |
|    time_elapsed            | 29          |
|    total_timesteps         | 73728       |
| train/                     |             |
|    approx_kl               | 0.004607043 |
|    clip_fraction           | 0.0335      |
|    clip_range              | 0.2         |
|    entropy_loss            | -2.78       |
|    explained_variance      | 0.909       |
|    learning_rate           | 0.0003      |
|    loss                    | 6.97        |
|    n_updates               | 80          |
|    policy_gradient_loss    | -0.00286    |
|    std                     | 0.972       |
|    value_loss              | 13.7        |
--------------------------------------------
---------------------------------------------
| curriculum/                |              |
|    stage                   | 0            |
|    window_cost             | 0            |
|    window_route_completion | 0.15         |
|    window_success          | 0            |
| paper/                     |              |
|    accel_variation         | 0.791        |
|    base_reward             | 6.89         |
|    collision               | 0            |
|    crash_object            | 0            |
|    crash_vehicle           | 0            |
|    episode_cost            | 0            |
|    episode_length          | 600          |
|    jerk                    | 0.611        |
|    lane_deviation          | 0.438        |
|    max_lane_deviation      | 0.998        |
|    mean_speed_kmh          | 0.983        |
|    min_ttc                 | nan          |
|    out_of_road             | 0            |
|    route_completion        | 0.161        |
|    shaped_reward           | -161         |
|    steering_variation      | 0.843        |
|    success                 | 0            |
|    ttc_risk                | 0            |
| rollout/                   |              |
|    ep_len_mean             | 596          |
|    ep_rew_mean             | -298         |
|    success_rate            | 0            |
| time/                      |              |
|    fps                     | 2478         |
|    iterations              | 10           |
|    time_elapsed            | 33           |
|    total_timesteps         | 81920        |
| train/                     |              |
|    approx_kl               | 0.0032567047 |
|    clip_fraction           | 0.0116       |
|    clip_range              | 0.2          |
|    entropy_loss            | -2.78        |
|    explained_variance      | 0.962        |
|    learning_rate           | 0.0003       |
|    loss                    | 6.09         |
|    n_updates               | 90           |
|    policy_gradient_loss    | -0.000617    |
|    std                     | 0.972        |
|    value_loss              | 19.6         |
---------------------------------------------
---------------------------------------------
| curriculum/                |              |
|    stage                   | 0            |
|    window_cost             | 0            |
|    window_route_completion | 0.154        |
|    window_success          | 0            |
| paper/                     |              |
|    accel_variation         | 0.813        |
|    base_reward             | 9.73         |
|    collision               | 0            |
|    crash_object            | 0            |
|    crash_vehicle           | 0            |
|    episode_cost            | 0            |
|    episode_length          | 600          |
|    jerk                    | 0.608        |
|    lane_deviation          | 0.135        |
|    max_lane_deviation      | 0.243        |
|    mean_speed_kmh          | 0.887        |
|    min_ttc                 | nan          |
|    out_of_road             | 0            |
|    route_completion        | 0.126        |
|    shaped_reward           | -90.2        |
|    steering_variation      | 0.791        |
|    success                 | 0            |
|    ttc_risk                | 0            |
| rollout/                   |              |
|    ep_len_mean             | 596          |
|    ep_rew_mean             | -301         |
|    success_rate            | 0            |
| time/                      |              |
|    fps                     | 2482         |
|    iterations              | 11           |
|    time_elapsed            | 36           |
|    total_timesteps         | 90112        |
| train/                     |              |
|    approx_kl               | 0.0034118092 |
|    clip_fraction           | 0.018        |
|    clip_range              | 0.2          |
|    entropy_loss            | -2.78        |
|    explained_variance      | 0.965        |
|    learning_rate           | 0.0003       |
|    loss                    | 5.9          |
|    n_updates               | 100          |
|    policy_gradient_loss    | -0.00147     |
|    std                     | 0.971        |
|    value_loss              | 12.4         |
---------------------------------------------
--------------------------------------------
| curriculum/                |             |
|    stage                   | 0           |
|    window_cost             | 0.0333      |
|    window_route_completion | 0.159       |
|    window_success          | 0           |
| paper/                     |             |
|    accel_variation         | 0.795       |
|    base_reward             | 10          |
|    collision               | 0           |
|    crash_object            | 0           |
|    crash_vehicle           | 0           |
|    episode_cost            | 0           |
|    episode_length          | 600         |
|    jerk                    | 0.642       |
|    lane_deviation          | 0.265       |
|    max_lane_deviation      | 0.915       |
|    mean_speed_kmh          | 1.04        |
|    min_ttc                 | nan         |
|    out_of_road             | 0           |
|    route_completion        | 0.193       |
|    shaped_reward           | -121        |
|    steering_variation      | 0.803       |
|    success                 | 0           |
|    ttc_risk                | 0           |
| rollout/                   |             |
|    ep_len_mean             | 595         |
|    ep_rew_mean             | -296        |
|    success_rate            | 0           |
| time/                      |             |
|    fps                     | 2464        |
|    iterations              | 12          |
|    time_elapsed            | 39          |
|    total_timesteps         | 98304       |
| train/                     |             |
|    approx_kl               | 0.008001401 |
|    clip_fraction           | 0.0934      |
|    clip_range              | 0.2         |
|    entropy_loss            | -2.78       |
|    explained_variance      | 0.99        |
|    learning_rate           | 0.0003      |
|    loss                    | 1.02        |
|    n_updates               | 110         |
|    policy_gradient_loss    | -0.00603    |
|    std                     | 0.968       |
|    value_loss              | 2.59        |
--------------------------------------------
---------------------------------------------
| curriculum/                |              |
|    stage                   | 0            |
|    window_cost             | 0.1          |
|    window_route_completion | 0.172        |
|    window_success          | 0            |
| paper/                     |              |
|    accel_variation         | 0.748        |
|    base_reward             | 12.7         |
|    collision               | 0            |
|    crash_object            | 0            |
|    crash_vehicle           | 0            |
|    episode_cost            | 0            |
|    episode_length          | 600          |
|    jerk                    | 0.631        |
|    lane_deviation          | 0.181        |
|    max_lane_deviation      | 0.387        |
|    mean_speed_kmh          | 1.18         |
|    min_ttc                 | nan          |
|    out_of_road             | 0            |
|    route_completion        | 0.189        |
|    shaped_reward           | -87          |
|    steering_variation      | 0.806        |
|    success                 | 0            |
|    ttc_risk                | 0            |
| rollout/                   |              |
|    ep_len_mean             | 593          |
|    ep_rew_mean             | -270         |
|    success_rate            | 0            |
| time/                      |              |
|    fps                     | 2443         |
|    iterations              | 13           |
|    time_elapsed            | 43           |
|    total_timesteps         | 106496       |
| train/                     |              |
|    approx_kl               | 0.0060114427 |
|    clip_fraction           | 0.0495       |
|    clip_range              | 0.2          |
|    entropy_loss            | -2.77        |
|    explained_variance      | 0.366        |
|    learning_rate           | 0.0003       |
|    loss                    | 29.3         |
|    n_updates               | 120          |
|    policy_gradient_loss    | -0.000565    |
|    std                     | 0.962        |
|    value_loss              | 25.8         |
---------------------------------------------
--------------------------------------------
| curriculum/                |             |
|    stage                   | 0           |
|    window_cost             | 0.4         |
|    window_route_completion | 0.171       |
|    window_success          | 0           |
| paper/                     |             |
|    accel_variation         | 0.771       |
|    base_reward             | 7.23        |
|    collision               | 0           |
|    crash_object            | 0           |
|    crash_vehicle           | 0           |
|    episode_cost            | 0           |
|    episode_length          | 600         |
|    jerk                    | 0.616       |
|    lane_deviation          | 0.441       |
|    max_lane_deviation      | 0.999       |
|    mean_speed_kmh          | 1.12        |
|    min_ttc                 | nan         |
|    out_of_road             | 0           |
|    route_completion        | 0.149       |
|    shaped_reward           | -166        |
|    steering_variation      | 0.81        |
|    success                 | 0           |
|    ttc_risk                | 0           |
| rollout/                   |             |
|    ep_len_mean             | 578         |
|    ep_rew_mean             | -204        |
|    success_rate            | 0           |
| time/                      |             |
|    fps                     | 2427        |
|    iterations              | 14          |
|    time_elapsed            | 47          |
|    total_timesteps         | 114688      |
| train/                     |             |
|    approx_kl               | 0.003497214 |
|    clip_fraction           | 0.0257      |
|    clip_range              | 0.2         |
|    entropy_loss            | -2.75       |
|    explained_variance      | 0.79        |
|    learning_rate           | 0.0003      |
|    loss                    | 5.1         |
|    n_updates               | 130         |
|    policy_gradient_loss    | -0.00109    |
|    std                     | 0.956       |
|    value_loss              | 46.5        |
--------------------------------------------
--------------------------------------------
| curriculum/                |             |
|    stage                   | 0           |
|    window_cost             | 0.433       |
|    window_route_completion | 0.169       |
|    window_success          | 0           |
| paper/                     |             |
|    accel_variation         | 0.773       |
|    base_reward             | 11.3        |
|    collision               | 0           |
|    crash_object            | 0           |
|    crash_vehicle           | 0           |
|    episode_cost            | 0           |
|    episode_length          | 600         |
|    jerk                    | 0.63        |
|    lane_deviation          | 0.105       |
|    max_lane_deviation      | 0.341       |
|    mean_speed_kmh          | 0.966       |
|    min_ttc                 | nan         |
|    out_of_road             | 0           |
|    route_completion        | 0.175       |
|    shaped_reward           | -84.8       |
|    steering_variation      | 0.785       |
|    success                 | 0           |
|    ttc_risk                | 0           |
| rollout/                   |             |
|    ep_len_mean             | 576         |
|    ep_rew_mean             | -190        |
|    success_rate            | 0           |
| time/                      |             |
|    fps                     | 2421        |
|    iterations              | 15          |
|    time_elapsed            | 50          |
|    total_timesteps         | 122880      |
| train/                     |             |
|    approx_kl               | 0.005344877 |
|    clip_fraction           | 0.0443      |
|    clip_range              | 0.2         |
|    entropy_loss            | -2.75       |
|    explained_variance      | 0.298       |
|    learning_rate           | 0.0003      |
|    loss                    | 71.7        |
|    n_updates               | 140         |
|    policy_gradient_loss    | -0.00204    |
|    std                     | 0.957       |
|    value_loss              | 169         |
--------------------------------------------
---------------------------------------------
| curriculum/                |              |
|    stage                   | 0            |
|    window_cost             | 0.267        |
|    window_route_completion | 0.18         |
|    window_success          | 0            |
| paper/                     |              |
|    accel_variation         | 0.771        |
|    base_reward             | 9.57         |
|    collision               | 0            |
|    crash_object            | 0            |
|    crash_vehicle           | 0            |
|    episode_cost            | 0            |
|    episode_length          | 600          |
|    jerk                    | 0.617        |
|    lane_deviation          | 0.429        |
|    max_lane_deviation      | 0.997        |
|    mean_speed_kmh          | 1.12         |
|    min_ttc                 | nan          |
|    out_of_road             | 0            |
|    route_completion        | 0.159        |
|    shaped_reward           | -156         |
|    steering_variation      | 0.782        |
|    success                 | 0            |
|    ttc_risk                | 0            |
| rollout/                   |              |
|    ep_len_mean             | 569          |
|    ep_rew_mean             | -179         |
|    success_rate            | 0            |
| time/                      |              |
|    fps                     | 2410         |
|    iterations              | 16           |
|    time_elapsed            | 54           |
|    total_timesteps         | 131072       |
| train/                     |              |
|    approx_kl               | 0.0012188103 |
|    clip_fraction           | 0.0204       |
|    clip_range              | 0.2          |
|    entropy_loss            | -2.75        |
|    explained_variance      | 0.653        |
|    learning_rate           | 0.0003       |
|    loss                    | 35           |
|    n_updates               | 150          |
|    policy_gradient_loss    | 1.71e-06     |
|    std                     | 0.958        |
|    value_loss              | 46.1         |
---------------------------------------------
---------------------------------------------
| curriculum/                |              |
|    stage                   | 0            |
|    window_cost             | 0.333        |
|    window_route_completion | 0.173        |
|    window_success          | 0            |
| paper/                     |              |
|    accel_variation         | 0.794        |
|    base_reward             | -5.58        |
|    collision               | 0            |
|    crash_object            | 0            |
|    crash_vehicle           | 0            |
|    episode_cost            | 1            |
|    episode_length          | 465          |
|    jerk                    | 0.618        |
|    lane_deviation          | 0.487        |
|    max_lane_deviation      | 1.03         |
|    mean_speed_kmh          | 1.13         |
|    min_ttc                 | nan          |
|    out_of_road             | 1            |
|    route_completion        | 0.15         |
|    shaped_reward           | -301         |
|    steering_variation      | 0.795        |
|    success                 | 0            |
|    ttc_risk                | 0            |
| rollout/                   |              |
|    ep_len_mean             | 553          |
|    ep_rew_mean             | -182         |
|    success_rate            | 0            |
| time/                      |              |
|    fps                     | 2400         |
|    iterations              | 17           |
|    time_elapsed            | 58           |
|    total_timesteps         | 139264       |
| train/                     |              |
|    approx_kl               | 0.0055881212 |
|    clip_fraction           | 0.0544       |
|    clip_range              | 0.2          |
|    entropy_loss            | -2.75        |
|    explained_variance      | 0.678        |
|    learning_rate           | 0.0003       |
|    loss                    | 15.7         |
|    n_updates               | 160          |
|    policy_gradient_loss    | -0.00266     |
|    std                     | 0.957        |
|    value_loss              | 55.3         |
---------------------------------------------
--------------------------------------------
| curriculum/                |             |
|    stage                   | 0           |
|    window_cost             | 0.367       |
|    window_route_completion | 0.168       |
|    window_success          | 0           |
| paper/                     |             |
|    accel_variation         | 0.727       |
|    base_reward             | 10.6        |
|    collision               | 0           |
|    crash_object            | 0           |
|    crash_vehicle           | 0           |
|    episode_cost            | 0           |
|    episode_length          | 600         |
|    jerk                    | 0.587       |
|    lane_deviation          | 0.279       |
|    max_lane_deviation      | 0.562       |
|    mean_speed_kmh          | 1.14        |
|    min_ttc                 | nan         |
|    out_of_road             | 0           |
|    route_completion        | 0.18        |
|    shaped_reward           | -104        |
|    steering_variation      | 0.761       |
|    success                 | 0           |
|    ttc_risk                | 0           |
| rollout/                   |             |
|    ep_len_mean             | 549         |
|    ep_rew_mean             | -190        |
|    success_rate            | 0           |
| time/                      |             |
|    fps                     | 2398        |
|    iterations              | 18          |
|    time_elapsed            | 61          |
|    total_timesteps         | 147456      |
| train/                     |             |
|    approx_kl               | 0.006679237 |
|    clip_fraction           | 0.037       |
|    clip_range              | 0.2         |
|    entropy_loss            | -2.75       |
|    explained_variance      | 0.772       |
|    learning_rate           | 0.0003      |
|    loss                    | 52.1        |
|    n_updates               | 170         |
|    policy_gradient_loss    | -0.00148    |
|    std                     | 0.957       |
|    value_loss              | 59.2        |
--------------------------------------------
--------------------------------------------
| curriculum/                |             |
|    stage                   | 0           |
|    window_cost             | 0.2         |
|    window_route_completion | 0.169       |
|    window_success          | 0           |
| paper/                     |             |
|    accel_variation         | 0.779       |
|    base_reward             | 7.59        |
|    collision               | 0           |
|    crash_object            | 0           |
|    crash_vehicle           | 0           |
|    episode_cost            | 0           |
|    episode_length          | 600         |
|    jerk                    | 0.628       |
|    lane_deviation          | 0.498       |
|    max_lane_deviation      | 0.868       |
|    mean_speed_kmh          | 1.17        |
|    min_ttc                 | nan         |
|    out_of_road             | 0           |
|    route_completion        | 0.197       |
|    shaped_reward           | -171        |
|    steering_variation      | 0.799       |
|    success                 | 0           |
|    ttc_risk                | 0           |
| rollout/                   |             |
|    ep_len_mean             | 550         |
|    ep_rew_mean             | -186        |
|    success_rate            | 0           |
| time/                      |             |
|    fps                     | 2397        |
|    iterations              | 19          |
|    time_elapsed            | 64          |
|    total_timesteps         | 155648      |
| train/                     |             |
|    approx_kl               | 0.004468564 |
|    clip_fraction           | 0.076       |
|    clip_range              | 0.2         |
|    entropy_loss            | -2.75       |
|    explained_variance      | 0.885       |
|    learning_rate           | 0.0003      |
|    loss                    | 6.7         |
|    n_updates               | 180         |
|    policy_gradient_loss    | -0.00245    |
|    std                     | 0.958       |
|    value_loss              | 29.3        |
--------------------------------------------
---------------------------------------------
| curriculum/                |              |
|    stage                   | 0            |
|    window_cost             | 0.0667       |
|    window_route_completion | 0.183        |
|    window_success          | 0            |
| paper/                     |              |
|    accel_variation         | 0.776        |
|    base_reward             | -3.23        |
|    collision               | 0            |
|    crash_object            | 0            |
|    crash_vehicle           | 0            |
|    episode_cost            | 1            |
|    episode_length          | 539          |
|    jerk                    | 0.627        |
|    lane_deviation          | 0.358        |
|    max_lane_deviation      | 1.03         |
|    mean_speed_kmh          | 1.04         |
|    min_ttc                 | nan          |
|    out_of_road             | 1            |
|    route_completion        | 0.18         |
|    shaped_reward           | -303         |
|    steering_variation      | 0.763        |
|    success                 | 0            |
|    ttc_risk                | 0            |
| rollout/                   |              |
|    ep_len_mean             | 554          |
|    ep_rew_mean             | -184         |
|    success_rate            | 0            |
| time/                      |              |
|    fps                     | 2388         |
|    iterations              | 20           |
|    time_elapsed            | 68           |
|    total_timesteps         | 163840       |
| train/                     |              |
|    approx_kl               | 0.0053573484 |
|    clip_fraction           | 0.0889       |
|    clip_range              | 0.2          |
|    entropy_loss            | -2.73        |
|    explained_variance      | 0.969        |
|    learning_rate           | 0.0003       |
|    loss                    | 1.53         |
|    n_updates               | 190          |
|    policy_gradient_loss    | -0.00127     |
|    std                     | 0.94         |
|    value_loss              | 2.47         |
---------------------------------------------
---------------------------------------------
| curriculum/                |              |
|    stage                   | 0            |
|    window_cost             | 0.167        |
|    window_route_completion | 0.2          |
|    window_success          | 0            |
| paper/                     |              |
|    accel_variation         | 0.74         |
|    base_reward             | 19.4         |
|    collision               | 0            |
|    crash_object            | 0            |
|    crash_vehicle           | 0            |
|    episode_cost            | 0            |
|    episode_length          | 600          |
|    jerk                    | 0.586        |
|    lane_deviation          | 0.154        |
|    max_lane_deviation      | 0.355        |
|    mean_speed_kmh          | 1.55         |
|    min_ttc                 | nan          |
|    out_of_road             | 0            |
|    route_completion        | 0.235        |
|    shaped_reward           | -66.7        |
|    steering_variation      | 0.773        |
|    success                 | 0            |
|    ttc_risk                | 0            |
| rollout/                   |              |
|    ep_len_mean             | 564          |
|    ep_rew_mean             | -174         |
|    success_rate            | 0            |
| time/                      |              |
|    fps                     | 2376         |
|    iterations              | 21           |
|    time_elapsed            | 72           |
|    total_timesteps         | 172032       |
| train/                     |              |
|    approx_kl               | 0.0072304686 |
|    clip_fraction           | 0.0651       |
|    clip_range              | 0.2          |
|    entropy_loss            | -2.71        |
|    explained_variance      | 0.928        |
|    learning_rate           | 0.0003       |
|    loss                    | 3.94         |
|    n_updates               | 200          |
|    policy_gradient_loss    | -0.0047      |
|    std                     | 0.932        |
|    value_loss              | 12           |
---------------------------------------------
--------------------------------------------
| curriculum/                |             |
|    stage                   | 0           |
|    window_cost             | 0.167       |
|    window_route_completion | 0.214       |
|    window_success          | 0           |
| paper/                     |             |
|    accel_variation         | 0.694       |
|    base_reward             | 18.8        |
|    collision               | 0           |
|    crash_object            | 0           |
|    crash_vehicle           | 0           |
|    episode_cost            | 0           |
|    episode_length          | 600         |
|    jerk                    | 0.547       |
|    lane_deviation          | 0.331       |
|    max_lane_deviation      | 0.7         |
|    mean_speed_kmh          | 1.77        |
|    min_ttc                 | nan         |
|    out_of_road             | 0           |
|    route_completion        | 0.279       |
|    shaped_reward           | -98.3       |
|    steering_variation      | 0.782       |
|    success                 | 0           |
|    ttc_risk                | 0           |
| rollout/                   |             |
|    ep_len_mean             | 566         |
|    ep_rew_mean             | -166        |
|    success_rate            | 0           |
| time/                      |             |
|    fps                     | 2376        |
|    iterations              | 22          |
|    time_elapsed            | 75          |
|    total_timesteps         | 180224      |
| train/                     |             |
|    approx_kl               | 0.006324812 |
|    clip_fraction           | 0.0774      |
|    clip_range              | 0.2         |
|    entropy_loss            | -2.7        |
|    explained_variance      | 0.895       |
|    learning_rate           | 0.0003      |
|    loss                    | 10.1        |
|    n_updates               | 210         |
|    policy_gradient_loss    | -0.00367    |
|    std                     | 0.93        |
|    value_loss              | 29.4        |
--------------------------------------------
--------------------------------------------
| curriculum/                |             |
|    stage                   | 0           |
|    window_cost             | 0.2         |
|    window_route_completion | 0.255       |
|    window_success          | 0           |
| paper/                     |             |
|    accel_variation         | 0.679       |
|    base_reward             | -2.24       |
|    collision               | 0           |
|    crash_object            | 0           |
|    crash_vehicle           | 0           |
|    episode_cost            | 1           |
|    episode_length          | 310         |
|    jerk                    | 0.507       |
|    lane_deviation          | 0.41        |
|    max_lane_deviation      | 1.04        |
|    mean_speed_kmh          | 1.83        |
|    min_ttc                 | nan         |
|    out_of_road             | 1           |
|    route_completion        | 0.199       |
|    shaped_reward           | -241        |
|    steering_variation      | 0.728       |
|    success                 | 0           |
|    ttc_risk                | 0           |
| rollout/                   |             |
|    ep_len_mean             | 566         |
|    ep_rew_mean             | -162        |
|    success_rate            | 0           |
| time/                      |             |
|    fps                     | 2371        |
|    iterations              | 23          |
|    time_elapsed            | 79          |
|    total_timesteps         | 188416      |
| train/                     |             |
|    approx_kl               | 0.012398837 |
|    clip_fraction           | 0.158       |
|    clip_range              | 0.2         |
|    entropy_loss            | -2.66       |
|    explained_variance      | 0.878       |
|    learning_rate           | 0.0003      |
|    loss                    | 2.13        |
|    n_updates               | 220         |
|    policy_gradient_loss    | -0.00427    |
|    std                     | 0.906       |
|    value_loss              | 5.34        |
--------------------------------------------
--------------------------------------------
| curriculum/                |             |
|    stage                   | 0           |
|    window_cost             | 0.433       |
|    window_route_completion | 0.291       |
|    window_success          | 0           |
| paper/                     |             |
|    accel_variation         | 0.655       |
|    base_reward             | 18.8        |
|    collision               | 0           |
|    crash_object            | 0           |
|    crash_vehicle           | 0           |
|    episode_cost            | 0           |
|    episode_length          | 600         |
|    jerk                    | 0.54        |
|    lane_deviation          | 0.49        |
|    max_lane_deviation      | 0.996       |
|    mean_speed_kmh          | 2.31        |
|    min_ttc                 | nan         |
|    out_of_road             | 0           |
|    route_completion        | 0.308       |
|    shaped_reward           | -134        |
|    steering_variation      | 0.786       |
|    success                 | 0           |
|    ttc_risk                | 0           |
| rollout/                   |             |
|    ep_len_mean             | 567         |
|    ep_rew_mean             | -159        |
|    success_rate            | 0           |
| time/                      |             |
|    fps                     | 2367        |
|    iterations              | 24          |
|    time_elapsed            | 83          |
|    total_timesteps         | 196608      |
| train/                     |             |
|    approx_kl               | 0.006870203 |
|    clip_fraction           | 0.126       |
|    clip_range              | 0.2         |
|    entropy_loss            | -2.64       |
|    explained_variance      | 0.779       |
|    learning_rate           | 0.0003      |
|    loss                    | 14.9        |
|    n_updates               | 230         |
|    policy_gradient_loss    | -0.00256    |
|    std                     | 0.905       |
|    value_loss              | 40.8        |
--------------------------------------------
--------------------------------------------
| curriculum/                |             |
|    stage                   | 0           |
|    window_cost             | 0.3         |
|    window_route_completion | 0.319       |
|    window_success          | 0           |
| paper/                     |             |
|    accel_variation         | 0.685       |
|    base_reward             | 18.3        |
|    collision               | 0           |
|    crash_object            | 0           |
|    crash_vehicle           | 0           |
|    episode_cost            | 0           |
|    episode_length          | 600         |
|    jerk                    | 0.549       |
|    lane_deviation          | 0.455       |
|    max_lane_deviation      | 0.822       |
|    mean_speed_kmh          | 1.97        |
|    min_ttc                 | nan         |
|    out_of_road             | 0           |
|    route_completion        | 0.293       |
|    shaped_reward           | -120        |
|    steering_variation      | 0.772       |
|    success                 | 0           |
|    ttc_risk                | 0           |
| rollout/                   |             |
|    ep_len_mean             | 567         |
|    ep_rew_mean             | -149        |
|    success_rate            | 0           |
| time/                      |             |
|    fps                     | 2365        |
|    iterations              | 25          |
|    time_elapsed            | 86          |
|    total_timesteps         | 204800      |
| train/                     |             |
|    approx_kl               | 0.008275701 |
|    clip_fraction           | 0.118       |
|    clip_range              | 0.2         |
|    entropy_loss            | -2.64       |
|    explained_variance      | 0.859       |
|    learning_rate           | 0.0003      |
|    loss                    | 27.8        |
|    n_updates               | 240         |
|    policy_gradient_loss    | -0.00593    |
|    std                     | 0.906       |
|    value_loss              | 61.6        |
--------------------------------------------
--------------------------------------------
| curriculum/                |             |
|    stage                   | 0           |
|    window_cost             | 0.0667      |
|    window_route_completion | 0.373       |
|    window_success          | 0           |
| paper/                     |             |
|    accel_variation         | 0.606       |
|    base_reward             | 24.9        |
|    collision               | 0           |
|    crash_object            | 0           |
|    crash_vehicle           | 0           |
|    episode_cost            | 0           |
|    episode_length          | 600         |
|    jerk                    | 0.486       |
|    lane_deviation          | 0.487       |
|    max_lane_deviation      | 1.81        |
|    mean_speed_kmh          | 2.98        |
|    min_ttc                 | nan         |
|    out_of_road             | 0           |
|    route_completion        | 0.449       |
|    shaped_reward           | -172        |
|    steering_variation      | 0.712       |
|    success                 | 0           |
|    ttc_risk                | 0           |
| rollout/                   |             |
|    ep_len_mean             | 567         |
|    ep_rew_mean             | -151        |
|    success_rate            | 0           |
| time/                      |             |
|    fps                     | 2363        |
|    iterations              | 26          |
|    time_elapsed            | 90          |
|    total_timesteps         | 212992      |
| train/                     |             |
|    approx_kl               | 0.010112263 |
|    clip_fraction           | 0.178       |
|    clip_range              | 0.2         |
|    entropy_loss            | -2.62       |
|    explained_variance      | 0.917       |
|    learning_rate           | 0.0003      |
|    loss                    | 2.52        |
|    n_updates               | 250         |
|    policy_gradient_loss    | 0.00021     |
|    std                     | 0.891       |
|    value_loss              | 9.42        |
--------------------------------------------
--------------------------------------------
| curriculum/                |             |
|    stage                   | 0           |
|    window_cost             | 0           |
|    window_route_completion | 0.443       |
|    window_success          | 0           |
| paper/                     |             |
|    accel_variation         | 0.572       |
|    base_reward             | 39.7        |
|    collision               | 0           |
|    crash_object            | 0           |
|    crash_vehicle           | 0           |
|    episode_cost            | 0           |
|    episode_length          | 600         |
|    jerk                    | 0.469       |
|    lane_deviation          | 0.266       |
|    max_lane_deviation      | 0.603       |
|    mean_speed_kmh          | 3.25        |
|    min_ttc                 | nan         |
|    out_of_road             | 0           |
|    route_completion        | 0.437       |
|    shaped_reward           | -35.4       |
|    steering_variation      | 0.781       |
|    success                 | 0           |
|    ttc_risk                | 0           |
| rollout/                   |             |
|    ep_len_mean             | 571         |
|    ep_rew_mean             | -144        |
|    success_rate            | 0           |
| time/                      |             |
|    fps                     | 2358        |
|    iterations              | 27          |
|    time_elapsed            | 93          |
|    total_timesteps         | 221184      |
| train/                     |             |
|    approx_kl               | 0.013103536 |
|    clip_fraction           | 0.167       |
|    clip_range              | 0.2         |
|    entropy_loss            | -2.59       |
|    explained_variance      | 0.81        |
|    learning_rate           | 0.0003      |
|    loss                    | 11.3        |
|    n_updates               | 260         |
|    policy_gradient_loss    | 0.00241     |
|    std                     | 0.874       |
|    value_loss              | 23.7        |
--------------------------------------------
--------------------------------------------
| curriculum/                |             |
|    stage                   | 0           |
|    window_cost             | 0           |
|    window_route_completion | 0.511       |
|    window_success          | 0           |
| paper/                     |             |
|    accel_variation         | 0.551       |
|    base_reward             | 45.2        |
|    collision               | 0           |
|    crash_object            | 0           |
|    crash_vehicle           | 0           |
|    episode_cost            | 0           |
|    episode_length          | 600         |
|    jerk                    | 0.454       |
|    lane_deviation          | 0.241       |
|    max_lane_deviation      | 0.789       |
|    mean_speed_kmh          | 3.53        |
|    min_ttc                 | nan         |
|    out_of_road             | 0           |
|    route_completion        | 0.588       |
|    shaped_reward           | -20         |
|    steering_variation      | 0.713       |
|    success                 | 0           |
|    ttc_risk                | 0           |
| rollout/                   |             |
|    ep_len_mean             | 575         |
|    ep_rew_mean             | -130        |
|    success_rate            | 0           |
| time/                      |             |
|    fps                     | 2351        |
|    iterations              | 28          |
|    time_elapsed            | 97          |
|    total_timesteps         | 229376      |
| train/                     |             |
|    approx_kl               | 0.011652652 |
|    clip_fraction           | 0.168       |
|    clip_range              | 0.2         |
|    entropy_loss            | -2.54       |
|    explained_variance      | 0.848       |
|    learning_rate           | 0.0003      |
|    loss                    | 3.67        |
|    n_updates               | 270         |
|    policy_gradient_loss    | -0.00493    |
|    std                     | 0.853       |
|    value_loss              | 8.56        |
--------------------------------------------
--------------------------------------------
| curriculum/                |             |
|    stage                   | 0           |
|    window_cost             | 0           |
|    window_route_completion | 0.595       |
|    window_success          | 0.0333      |
| paper/                     |             |
|    accel_variation         | 0.539       |
|    base_reward             | 48.1        |
|    collision               | 0           |
|    crash_object            | 0           |
|    crash_vehicle           | 0           |
|    episode_cost            | 0           |
|    episode_length          | 600         |
|    jerk                    | 0.454       |
|    lane_deviation          | 0.214       |
|    max_lane_deviation      | 0.668       |
|    mean_speed_kmh          | 3.63        |
|    min_ttc                 | nan         |
|    out_of_road             | 0           |
|    route_completion        | 0.605       |
|    shaped_reward           | -11         |
|    steering_variation      | 0.732       |
|    success                 | 0           |
|    ttc_risk                | 0           |
| rollout/                   |             |
|    ep_len_mean             | 575         |
|    ep_rew_mean             | -117        |
|    success_rate            | 0.01        |
| time/                      |             |
|    fps                     | 2349        |
|    iterations              | 29          |
|    time_elapsed            | 101         |
|    total_timesteps         | 237568      |
| train/                     |             |
|    approx_kl               | 0.010506529 |
|    clip_fraction           | 0.17        |
|    clip_range              | 0.2         |
|    entropy_loss            | -2.48       |
|    explained_variance      | 0.722       |
|    learning_rate           | 0.0003      |
|    loss                    | 2.53        |
|    n_updates               | 280         |
|    policy_gradient_loss    | -0.000962   |
|    std                     | 0.824       |
|    value_loss              | 6.94        |
--------------------------------------------
-------------------------------------------
| curriculum/                |            |
|    stage                   | 1          |
|    window_cost             | 0          |
|    window_route_completion | 0.612      |
|    window_success          | 0.0333     |
| paper/                     |            |
|    accel_variation         | 0.555      |
|    base_reward             | 53.1       |
|    collision               | 0          |
|    crash_object            | 0          |
|    crash_vehicle           | 0          |
|    episode_cost            | 0          |
|    episode_length          | 800        |
|    jerk                    | 0.464      |
|    lane_deviation          | 0.353      |
|    max_lane_deviation      | 0.794      |
|    mean_speed_kmh          | 3.92       |
|    min_ttc                 | nan        |
|    out_of_road             | 0          |
|    route_completion        | 0.728      |
|    shaped_reward           | -52.9      |
|    steering_variation      | 0.688      |
|    success                 | 0          |
|    ttc_risk                | 0          |
| rollout/                   |            |
|    ep_len_mean             | 586        |
|    ep_rew_mean             | -107       |
|    success_rate            | 0.04       |
| time/                      |            |
|    fps                     | 2326       |
|    iterations              | 30         |
|    time_elapsed            | 105        |
|    total_timesteps         | 245760     |
| train/                     |            |
|    approx_kl               | 0.03612697 |
|    clip_fraction           | 0.302      |
|    clip_range              | 0.2        |
|    entropy_loss            | -2.4       |
|    explained_variance      | 0.336      |
|    learning_rate           | 0.0003     |
|    loss                    | 10.4       |
|    n_updates               | 290        |
|    policy_gradient_loss    | 0.0113     |
|    std                     | 0.79       |
|    value_loss              | 11         |
-------------------------------------------
------------------------------------------
| paper/                  |              |
|    accel_variation      | 0.493        |
|    base_reward          | 39.7         |
|    collision            | 0            |
|    crash_object         | 0            |
|    crash_vehicle        | 0            |
|    episode_cost         | 0            |
|    episode_length       | 800          |
|    jerk                 | 0.395        |
|    lane_deviation       | 0.964        |
|    max_lane_deviation   | 2            |
|    mean_speed_kmh       | 5.07         |
|    min_ttc              | nan          |
|    out_of_road          | 0            |
|    route_completion     | 0.293        |
|    shaped_reward        | -569         |
|    steering_variation   | 0.686        |
|    success              | 0            |
|    ttc_risk             | 0            |
| rollout/                |              |
|    ep_len_mean          | 610          |
|    ep_rew_mean          | -100         |
|    success_rate         | 0.04         |
| time/                   |              |
|    fps                  | 2276         |
|    iterations           | 31           |
|    time_elapsed         | 111          |
|    total_timesteps      | 253952       |
| train/                  |              |
|    approx_kl            | 0.0080369525 |
|    clip_fraction        | 0.126        |
|    clip_range           | 0.2          |
|    entropy_loss         | -2.36        |
|    explained_variance   | 0.374        |
|    learning_rate        | 0.0003       |
|    loss                 | 26.9         |
|    n_updates            | 300          |
|    policy_gradient_loss | -0.00614     |
|    std                  | 0.787        |
|    value_loss           | 54.9         |
------------------------------------------
--------------------------------------------
| curriculum/                |             |
|    stage                   | 0           |
|    window_cost             | 0.267       |
|    window_route_completion | 0.403       |
|    window_success          | 0.0333      |
| paper/                     |             |
|    accel_variation         | 0.485       |
|    base_reward             | 62.8        |
|    collision               | 0           |
|    crash_object            | 0           |
|    crash_vehicle           | 0           |
|    episode_cost            | 0           |
|    episode_length          | 600         |
|    jerk                    | 0.39        |
|    lane_deviation          | 0.42        |
|    max_lane_deviation      | 0.878       |
|    mean_speed_kmh          | 6.02        |
|    min_ttc                 | nan         |
|    out_of_road             | 0           |
|    route_completion        | 0.302       |
|    shaped_reward           | -44.4       |
|    steering_variation      | 0.696       |
|    success                 | 0           |
|    ttc_risk                | 0           |
| rollout/                   |             |
|    ep_len_mean             | 628         |
|    ep_rew_mean             | -91.4       |
|    success_rate            | 0.04        |
| time/                      |             |
|    fps                     | 2245        |
|    iterations              | 32          |
|    time_elapsed            | 116         |
|    total_timesteps         | 262144      |
| train/                     |             |
|    approx_kl               | 0.005665036 |
|    clip_fraction           | 0.0873      |
|    clip_range              | 0.2         |
|    entropy_loss            | -2.36       |
|    explained_variance      | 0.674       |
|    learning_rate           | 0.0003      |
|    loss                    | 13.9        |
|    n_updates               | 310         |
|    policy_gradient_loss    | -0.00582    |
|    std                     | 0.787       |
|    value_loss              | 78.2        |
--------------------------------------------
-----------------------------------------
| paper/                  |             |
|    accel_variation      | 0.419       |
|    base_reward          | 87.3        |
|    collision            | 0           |
|    crash_object         | 0           |
|    crash_vehicle        | 0           |
|    episode_cost         | 0           |
|    episode_length       | 499         |
|    jerk                 | 0.358       |
|    lane_deviation       | 0.28        |
|    max_lane_deviation   | 1.11        |
|    mean_speed_kmh       | 6.65        |
|    min_ttc              | nan         |
|    out_of_road          | 0           |
|    route_completion     | 0.951       |
|    shaped_reward        | 87.4        |
|    steering_variation   | 0.71        |
|    success              | 1           |
|    ttc_risk             | 0           |
| rollout/                |             |
|    ep_len_mean          | 619         |
|    ep_rew_mean          | -70.3       |
|    success_rate         | 0.1         |
| time/                   |             |
|    fps                  | 2245        |
|    iterations           | 33          |
|    time_elapsed         | 120         |
|    total_timesteps      | 270336      |
| train/                  |             |
|    approx_kl            | 0.006706187 |
|    clip_fraction        | 0.115       |
|    clip_range           | 0.2         |
|    entropy_loss         | -2.36       |
|    explained_variance   | 0.477       |
|    learning_rate        | 0.0003      |
|    loss                 | 41.9        |
|    n_updates            | 320         |
|    policy_gradient_loss | -0.00476    |
|    std                  | 0.786       |
|    value_loss           | 67          |
-----------------------------------------
---------------------------------------------
| curriculum/                |              |
|    stage                   | 1            |
|    window_cost             | 0.0667       |
|    window_route_completion | 0.749        |
|    window_success          | 0.567        |
| paper/                     |              |
|    accel_variation         | 0.389        |
|    base_reward             | 89           |
|    collision               | 0            |
|    crash_object            | 0            |
|    crash_vehicle           | 0            |
|    episode_cost            | 0            |
|    episode_length          | 385          |
|    jerk                    | 0.332        |
|    lane_deviation          | 0.243        |
|    max_lane_deviation      | 0.558        |
|    mean_speed_kmh          | 8.28         |
|    min_ttc                 | nan          |
|    out_of_road             | 0            |
|    route_completion        | 0.951        |
|    shaped_reward           | 113          |
|    steering_variation      | 0.663        |
|    success                 | 1            |
|    ttc_risk                | 0            |
| rollout/                   |              |
|    ep_len_mean             | 585          |
|    ep_rew_mean             | -25.9        |
|    success_rate            | 0.27         |
| time/                      |              |
|    fps                     | 2237         |
|    iterations              | 34           |
|    time_elapsed            | 124          |
|    total_timesteps         | 278528       |
| train/                     |              |
|    approx_kl               | 0.0070321877 |
|    clip_fraction           | 0.118        |
|    clip_range              | 0.2          |
|    entropy_loss            | -2.33        |
|    explained_variance      | 0.745        |
|    learning_rate           | 0.0003       |
|    loss                    | 10.1         |
|    n_updates               | 330          |
|    policy_gradient_loss    | -0.00209     |
|    std                     | 0.77         |
|    value_loss              | 38           |
---------------------------------------------
-----------------------------------------
| paper/                  |             |
|    accel_variation      | 0.37        |
|    base_reward          | 123         |
|    collision            | 0           |
|    crash_object         | 0           |
|    crash_vehicle        | 0           |
|    episode_cost         | 0           |
|    episode_length       | 800         |
|    jerk                 | 0.328       |
|    lane_deviation       | 0.399       |
|    max_lane_deviation   | 1.29        |
|    mean_speed_kmh       | 9.11        |
|    min_ttc              | nan         |
|    out_of_road          | 0           |
|    route_completion     | 0.444       |
|    shaped_reward        | -27         |
|    steering_variation   | 0.696       |
|    success              | 0           |
|    ttc_risk             | 0           |
| rollout/                |             |
|    ep_len_mean          | 598         |
|    ep_rew_mean          | -14.9       |
|    success_rate         | 0.3         |
| time/                   |             |
|    fps                  | 2213        |
|    iterations           | 35          |
|    time_elapsed         | 129         |
|    total_timesteps      | 286720      |
| train/                  |             |
|    approx_kl            | 0.009170549 |
|    clip_fraction        | 0.0945      |
|    clip_range           | 0.2         |
|    entropy_loss         | -2.31       |
|    explained_variance   | 0.192       |
|    learning_rate        | 0.0003      |
|    loss                 | 6.86        |
|    n_updates            | 340         |
|    policy_gradient_loss | -0.00138    |
|    std                  | 0.765       |
|    value_loss           | 76.6        |
-----------------------------------------
-----------------------------------------
| paper/                  |             |
|    accel_variation      | 0.339       |
|    base_reward          | 191         |
|    collision            | 0           |
|    crash_object         | 0           |
|    crash_vehicle        | 0           |
|    episode_cost         | 0           |
|    episode_length       | 603         |
|    jerk                 | 0.303       |
|    lane_deviation       | 0.28        |
|    max_lane_deviation   | 1.23        |
|    mean_speed_kmh       | 14.2        |
|    min_ttc              | nan         |
|    out_of_road          | 0           |
|    route_completion     | 0.979       |
|    shaped_reward        | 138         |
|    steering_variation   | 0.631       |
|    success              | 1           |
|    ttc_risk             | 0           |
| rollout/                |             |
|    ep_len_mean          | 610         |
|    ep_rew_mean          | -13         |
|    success_rate         | 0.31        |
| time/                   |             |
|    fps                  | 2186        |
|    iterations           | 36          |
|    time_elapsed         | 134         |
|    total_timesteps      | 294912      |
| train/                  |             |
|    approx_kl            | 0.007514287 |
|    clip_fraction        | 0.222       |
|    clip_range           | 0.2         |
|    entropy_loss         | -2.29       |
|    explained_variance   | 0.721       |
|    learning_rate        | 0.0003      |
|    loss                 | 6.46        |
|    n_updates            | 350         |
|    policy_gradient_loss | 0.0166      |
|    std                  | 0.752       |
|    value_loss           | 16.8        |
-----------------------------------------
--------------------------------------------
| curriculum/                |             |
|    stage                   | 1           |
|    window_cost             | 0.0667      |
|    window_route_completion | 0.655       |
|    window_success          | 0.133       |
| paper/                     |             |
|    accel_variation         | 0.36        |
|    base_reward             | 167         |
|    collision               | 0           |
|    crash_object            | 0           |
|    crash_vehicle           | 0           |
|    episode_cost            | 0           |
|    episode_length          | 800         |
|    jerk                    | 0.329       |
|    lane_deviation          | 0.282       |
|    max_lane_deviation      | 0.991       |
|    mean_speed_kmh          | 10.5        |
|    min_ttc                 | nan         |
|    out_of_road             | 0           |
|    route_completion        | 0.507       |
|    shaped_reward           | 37.8        |
|    steering_variation      | 0.628       |
|    success                 | 0           |
|    ttc_risk                | 0           |
| rollout/                   |             |
|    ep_len_mean             | 626         |
|    ep_rew_mean             | -11.7       |
|    success_rate            | 0.3         |
| time/                      |             |
|    fps                     | 2157        |
|    iterations              | 37          |
|    time_elapsed            | 140         |
|    total_timesteps         | 303104      |
| train/                     |             |
|    approx_kl               | 0.016008083 |
|    clip_fraction           | 0.141       |
|    clip_range              | 0.2         |
|    entropy_loss            | -2.26       |
|    explained_variance      | 0.563       |
|    learning_rate           | 0.0003      |
|    loss                    | 6.06        |
|    n_updates               | 360         |
|    policy_gradient_loss    | -0.00186    |
|    std                     | 0.743       |
|    value_loss              | 30.1        |
--------------------------------------------
--------------------------------------------
| curriculum/                |             |
|    stage                   | 1           |
|    window_cost             | 0.0667      |
|    window_route_completion | 0.688       |
|    window_success          | 0.1         |
| paper/                     |             |
|    accel_variation         | 0.353       |
|    base_reward             | 180         |
|    collision               | 0           |
|    crash_object            | 0           |
|    crash_vehicle           | 0           |
|    episode_cost            | 0           |
|    episode_length          | 800         |
|    jerk                    | 0.317       |
|    lane_deviation          | 0.349       |
|    max_lane_deviation      | 1.21        |
|    mean_speed_kmh          | 12.6        |
|    min_ttc                 | 20.2        |
|    out_of_road             | 0           |
|    route_completion        | 0.858       |
|    shaped_reward           | 34.5        |
|    steering_variation      | 0.613       |
|    success                 | 0           |
|    ttc_risk                | 0           |
| rollout/                   |             |
|    ep_len_mean             | 633         |
|    ep_rew_mean             | 2.16        |
|    success_rate            | 0.29        |
| time/                      |             |
|    fps                     | 2132        |
|    iterations              | 38          |
|    time_elapsed            | 145         |
|    total_timesteps         | 311296      |
| train/                     |             |
|    approx_kl               | 0.009075362 |
|    clip_fraction           | 0.216       |
|    clip_range              | 0.2         |
|    entropy_loss            | -2.23       |
|    explained_variance      | 0.0396      |
|    learning_rate           | 0.0003      |
|    loss                    | 8.48        |
|    n_updates               | 370         |
|    policy_gradient_loss    | 0.00695     |
|    std                     | 0.731       |
|    value_loss              | 41.9        |
--------------------------------------------
