\BOOKMARK [1][]{section.2}{\376\377\000I\000n\000t\000r\000o\000d\000u\000c\000t\000i\000o\000n}{}% 1
\BOOKMARK [1][]{section.3}{\376\377\000R\000e\000l\000a\000t\000e\000d\000\040\000W\000o\000r\000k}{}% 2
\BOOKMARK [2][]{subsection.4}{\376\377\000S\000a\000f\000e\000\040\000r\000e\000i\000n\000f\000o\000r\000c\000e\000m\000e\000n\000t\000\040\000l\000e\000a\000r\000n\000i\000n\000g\000\040\000a\000n\000d\000\040\000c\000o\000n\000s\000t\000r\000a\000i\000n\000e\000d\000\040\000p\000o\000l\000i\000c\000y\000\040\000o\000p\000t\000i\000m\000i\000z\000a\000t\000i\000o\000n}{section.3}% 3
\BOOKMARK [2][]{subsection.5}{\376\377\000R\000u\000n\000t\000i\000m\000e\000\040\000s\000h\000i\000e\000l\000d\000i\000n\000g\000,\000\040\000s\000a\000f\000e\000t\000y\000\040\000f\000i\000l\000t\000e\000r\000s\000,\000\040\000a\000n\000d\000\040\000v\000e\000h\000i\000c\000l\000e\000\040\000r\000u\000l\000e\000s}{section.3}% 4
\BOOKMARK [2][]{subsection.6}{\376\377\000C\000y\000b\000e\000r\000n\000e\000t\000i\000c\000\040\000f\000e\000e\000d\000b\000a\000c\000k\000\040\000a\000n\000d\000\040\000s\000y\000s\000t\000e\000m\040\023\000e\000n\000v\000i\000r\000o\000n\000m\000e\000n\000t\000\040\000i\000n\000t\000e\000r\000a\000c\000t\000i\000o\000n}{section.3}% 5
\BOOKMARK [2][]{subsection.7}{\376\377\000C\000l\000o\000s\000e\000d\000-\000l\000o\000o\000p\000\040\000a\000u\000t\000o\000n\000o\000m\000o\000u\000s\000-\000d\000r\000i\000v\000i\000n\000g\000\040\000s\000i\000m\000u\000l\000a\000t\000i\000o\000n}{section.3}% 6
\BOOKMARK [2][]{subsection.8}{\376\377\000P\000o\000s\000i\000t\000i\000o\000n\000i\000n\000g\000\040\000o\000f\000\040\000t\000h\000i\000s\000\040\000w\000o\000r\000k}{section.3}% 7
\BOOKMARK [1][]{section.9}{\376\377\000G\000u\000a\000r\000d\000S\000h\000i\000e\000l\000d\000-\000R\000u\000n\000t\000i\000m\000e\000\040\000F\000r\000a\000m\000e\000w\000o\000r\000k}{}% 8
\BOOKMARK [2][]{subsection.12}{\376\377\000P\000r\000o\000b\000l\000e\000m\000\040\000s\000e\000t\000t\000i\000n\000g\000\040\000a\000n\000d\000\040\000c\000l\000o\000s\000e\000d\000-\000l\000o\000o\000p\000\040\000i\000n\000t\000e\000r\000f\000a\000c\000e}{section.9}% 9
\BOOKMARK [2][]{subsection.17}{\376\377\000F\000a\000i\000l\000u\000r\000e\000\040\000m\000o\000d\000e\000:\000\040\000s\000t\000a\000t\000i\000o\000n\000a\000r\000y\000\040\000s\000a\000f\000e\000t\000y\000\040\000a\000r\000t\000i\000f\000a\000c\000t}{section.9}% 10
\BOOKMARK [2][]{subsection.18}{\376\377\000L\000e\000a\000r\000n\000i\000n\000g\000\040\000b\000a\000c\000k\000b\000o\000n\000e\000\040\000a\000n\000d\000\040\000r\000e\000w\000a\000r\000d\000\040\000v\000a\000r\000i\000a\000n\000t\000s}{section.9}% 11
\BOOKMARK [2][]{subsection.22}{\376\377\000R\000u\000n\000t\000i\000m\000e\000\040\000m\000o\000n\000i\000t\000o\000r}{section.9}% 12
\BOOKMARK [2][]{subsection.24}{\376\377\000I\000n\000t\000e\000r\000v\000e\000n\000t\000i\000o\000n\000\040\000o\000p\000e\000r\000a\000t\000o\000r}{section.9}% 13
\BOOKMARK [2][]{subsection.28}{\376\377\000D\000i\000a\000g\000n\000o\000s\000t\000i\000c\000\040\000s\000c\000o\000p\000e\000\040\000a\000n\000d\000\040\000r\000e\000l\000a\000t\000i\000o\000n\000\040\000t\000o\000\040\000T\000T\000C\000/\000R\000S\000S\000\040\000f\000i\000l\000t\000e\000r\000i\000n\000g}{section.9}% 14
\BOOKMARK [2][]{subsection.29}{\376\377\000V\000a\000r\000i\000a\000n\000t\000\040\000d\000e\000f\000i\000n\000i\000t\000i\000o\000n\000s}{section.9}% 15
\BOOKMARK [2][]{subsection.32}{\376\377\000A\000l\000g\000o\000r\000i\000t\000h\000m\000i\000c\000\040\000s\000u\000m\000m\000a\000r\000y}{section.9}% 16
\BOOKMARK [1][]{section.34}{\376\377\000E\000x\000p\000e\000r\000i\000m\000e\000n\000t\000a\000l\000\040\000P\000r\000o\000t\000o\000c\000o\000l}{}% 17
\BOOKMARK [2][]{subsection.35}{\376\377\000E\000n\000v\000i\000r\000o\000n\000m\000e\000n\000t\000\040\000a\000n\000d\000\040\000t\000a\000s\000k}{section.34}% 18
\BOOKMARK [2][]{subsection.36}{\376\377\000C\000o\000m\000p\000a\000r\000e\000d\000\040\000m\000e\000t\000h\000o\000d\000s}{section.34}% 19
\BOOKMARK [2][]{subsection.37}{\376\377\000T\000r\000a\000i\000n\000i\000n\000g\000\040\000p\000r\000o\000t\000o\000c\000o\000l\000\040\000a\000n\000d\000\040\000c\000h\000e\000c\000k\000p\000o\000i\000n\000t\000\040\000s\000e\000l\000e\000c\000t\000i\000o\000n}{section.34}% 20
\BOOKMARK [2][]{subsection.38}{\376\377\000D\000i\000a\000g\000n\000o\000s\000t\000i\000c\000\040\000e\000v\000a\000l\000u\000a\000t\000i\000o\000n\000\040\000p\000r\000o\000t\000o\000c\000o\000l}{section.34}% 21
\BOOKMARK [2][]{subsection.39}{\376\377\000S\000t\000a\000t\000i\000s\000t\000i\000c\000a\000l\000\040\000r\000e\000p\000o\000r\000t\000i\000n\000g}{section.34}% 22
\BOOKMARK [2][]{subsection.40}{\376\377\000S\000u\000p\000p\000l\000e\000m\000e\000n\000t\000a\000r\000y\000\040\000a\000r\000t\000i\000f\000a\000c\000t\000s}{section.34}% 23
\BOOKMARK [1][]{section.41}{\376\377\000R\000e\000s\000u\000l\000t\000s}{}% 24
\BOOKMARK [2][]{subsection.42}{\376\377\000S\000t\000a\000t\000i\000o\000n\000a\000r\000y\000\040\000s\000a\000f\000e\000t\000y\000\040\000a\000r\000t\000i\000f\000a\000c\000t\000\040\000u\000n\000d\000e\000r\000\040\000c\000o\000s\000t\000-\000o\000n\000l\000y\000\040\000e\000v\000a\000l\000u\000a\000t\000i\000o\000n}{section.41}% 25
\BOOKMARK [2][]{subsection.47}{\376\377\000S\000a\000m\000e\000-\000c\000h\000e\000c\000k\000p\000o\000i\000n\000t\000\040\000e\000v\000i\000d\000e\000n\000c\000e\000\040\000f\000o\000r\000\040\000e\000x\000e\000c\000u\000t\000i\000o\000n\000-\000s\000i\000d\000e\000\040\000i\000n\000t\000e\000r\000v\000e\000n\000t\000i\000o\000n}{section.41}% 26
\BOOKMARK [2][]{subsection.50}{\376\377\000C\000o\000m\000p\000a\000r\000i\000s\000o\000n\000\040\000w\000i\000t\000h\000\040\000r\000u\000n\000t\000i\000m\000e\000\040\000a\000n\000d\000\040\000c\000o\000n\000s\000t\000r\000a\000i\000n\000e\000d\000-\000R\000L\000\040\000b\000a\000s\000e\000l\000i\000n\000e\000s}{section.41}% 27
\BOOKMARK [2][]{subsection.53}{\376\377\000D\000e\000n\000s\000i\000t\000y\000\040\000s\000t\000r\000e\000s\000s\000\040\000a\000n\000d\000\040\000o\000p\000e\000r\000a\000t\000i\000n\000g\000\040\000e\000n\000v\000e\000l\000o\000p\000e}{section.41}% 28
\BOOKMARK [2][]{subsection.56}{\376\377\000T\000h\000r\000e\000s\000h\000o\000l\000d\000\040\000s\000e\000n\000s\000i\000t\000i\000v\000i\000t\000y}{section.41}% 29
\BOOKMARK [2][]{subsection.59}{\376\377\000S\000i\000m\000u\000l\000a\000t\000i\000o\000n\000-\000l\000o\000o\000p\000\040\000t\000i\000m\000i\000n\000g\000\040\000d\000i\000a\000g\000n\000o\000s\000t\000i\000c\000s}{section.41}% 30
\BOOKMARK [1][]{section.62}{\376\377\000D\000i\000s\000c\000u\000s\000s\000i\000o\000n}{}% 31
\BOOKMARK [2][]{subsection.63}{\376\377\000C\000y\000b\000e\000r\000n\000e\000t\000i\000c\000\040\000i\000n\000t\000e\000r\000p\000r\000e\000t\000a\000t\000i\000o\000n}{section.62}% 32
\BOOKMARK [2][]{subsection.66}{\376\377\000W\000h\000a\000t\000\040\000t\000h\000e\000\040\000e\000v\000i\000d\000e\000n\000c\000e\000\040\000s\000u\000p\000p\000o\000r\000t\000s}{section.62}% 33
\BOOKMARK [2][]{subsection.68}{\376\377\000I\000n\000t\000e\000r\000v\000e\000n\000t\000i\000o\000n\000\040\000b\000u\000r\000d\000e\000n\000\040\000a\000n\000d\000\040\000o\000p\000e\000r\000a\000t\000i\000n\000g\000\040\000e\000n\000v\000e\000l\000o\000p\000e}{section.62}% 34
\BOOKMARK [2][]{subsection.69}{\376\377\000L\000i\000m\000i\000t\000a\000t\000i\000o\000n\000s\000\040\000a\000n\000d\000\040\000t\000h\000r\000e\000a\000t\000s\000\040\000t\000o\000\040\000v\000a\000l\000i\000d\000i\000t\000y}{section.62}% 35
\BOOKMARK [1][]{section.70}{\376\377\000C\000o\000n\000c\000l\000u\000s\000i\000o\000n}{}% 36
\BOOKMARK [2][]{section*.71}{\376\377\000S\000u\000p\000p\000l\000e\000m\000e\000n\000t\000a\000r\000y\000\040\000i\000n\000f\000o\000r\000m\000a\000t\000i\000o\000n}{section.70}% 37
\BOOKMARK [3][]{section*.73}{\376\377\000F\000u\000n\000d\000i\000n\000g}{section*.71}% 38
\BOOKMARK [4][]{section*.74}{\376\377\000C\000o\000m\000p\000e\000t\000i\000n\000g\000\040\000i\000n\000t\000e\000r\000e\000s\000t\000s}{section*.73}% 39
\BOOKMARK [5][]{section*.75}{\376\377\000E\000t\000h\000i\000c\000s\000\040\000a\000p\000p\000r\000o\000v\000a\000l\000\040\000a\000n\000d\000\040\000c\000o\000n\000s\000e\000n\000t\000\040\000t\000o\000\040\000p\000a\000r\000t\000i\000c\000i\000p\000a\000t\000e}{section*.74}% 40
\BOOKMARK [5][]{section*.76}{\376\377\000C\000o\000n\000s\000e\000n\000t\000\040\000f\000o\000r\000\040\000p\000u\000b\000l\000i\000c\000a\000t\000i\000o\000n}{section*.74}% 41
\BOOKMARK [5][]{section*.77}{\376\377\000D\000a\000t\000a\000\040\000a\000v\000a\000i\000l\000a\000b\000i\000l\000i\000t\000y}{section*.74}% 42
\BOOKMARK [5][]{section*.78}{\376\377\000C\000o\000d\000e\000\040\000a\000v\000a\000i\000l\000a\000b\000i\000l\000i\000t\000y}{section*.74}% 43
\BOOKMARK [5][]{section*.79}{\376\377\000A\000u\000t\000h\000o\000r\000\040\000c\000o\000n\000t\000r\000i\000b\000u\000t\000i\000o\000n}{section*.74}% 44
\BOOKMARK [1][]{appendix.80}{\376\377\000R\000e\000p\000r\000o\000d\000u\000c\000i\000b\000i\000l\000i\000t\000y\000\040\000a\000n\000d\000\040\000E\000v\000i\000d\000e\000n\000c\000e\000\040\000M\000a\000p}{}% 45
\BOOKMARK [1][]{appendix.91}{\376\377\000E\000p\000i\000s\000o\000d\000e\000-\000L\000e\000v\000e\000l\000\040\000I\000n\000t\000e\000r\000v\000a\000l\000s\000\040\000a\000n\000d\000\040\000S\000e\000e\000d\000\040\000V\000a\000r\000i\000a\000t\000i\000o\000n\000\040\000a\000t\000\040\000D\000e\000n\000s\000i\000t\000y\000\040\0000\000.\0001\0005}{}% 46
\BOOKMARK [1][]{appendix.94}{\376\377\000T\000r\000a\000i\000n\000i\000n\000g\000\040\000R\000u\000n\000\040\000A\000u\000d\000i\000t}{}% 47
\BOOKMARK [1][]{appendix.95}{\376\377\000F\000u\000l\000l\000\040\000D\000e\000n\000s\000i\000t\000y\000\040\000O\000p\000e\000r\000a\000t\000i\000n\000g\000-\000E\000n\000v\000e\000l\000o\000p\000e\000\040\000D\000i\000a\000g\000n\000o\000s\000t\000i\000c\000s}{}% 48
\BOOKMARK [1][]{appendix.100}{\376\377\000Q\000u\000a\000l\000i\000t\000a\000t\000i\000v\000e\000\040\000F\000a\000i\000l\000u\000r\000e\000-\000C\000a\000s\000e\000\040\000R\000o\000l\000l\000o\000u\000t\000s}{}% 49
\BOOKMARK [1][]{appendix.103}{\376\377\000S\000e\000n\000s\000i\000t\000i\000v\000i\000t\000y\000\040\000a\000n\000d\000\040\000R\000u\000n\000t\000i\000m\000e\000\040\000D\000i\000a\000g\000n\000o\000s\000t\000i\000c\000s}{}% 50
