/home/aaa/data/qj/stable-baselines3-master/stable_baselines3/common/on_policy_algorithm.py:150: UserWarning: You are trying to run PPO on the GPU, but it is primarily intended to run on the CPU when not using a CNN policy (you are using ActorCriticPolicy which should be a MlpPolicy). See https://github.com/DLR-RM/stable-baselines3/issues/1245 for more info. You can pass `device='cpu'` or `export CUDA_VISIBLE_DEVICES=` to force using the CPU.Note: The model will train, but the GPU utilization will be poor and the training might take longer than on CPU.
  warnings.warn(
Using cuda device
Logging to outputs/iscsic_main_nenv10/runs/risk_ppo_s2/tensorboard/risk_ppo_s2_1
------------------------------------
| paper/                |          |
|    accel_variation    | 0.801    |
|    base_reward        | -5.62    |
|    collision          | 0        |
|    crash_object       | 0        |
|    crash_vehicle      | 0        |
|    episode_cost       | 1        |
|    episode_length     | 719      |
|    jerk               | 0.626    |
|    lane_deviation     | 0.38     |
|    max_lane_deviation | 1.03     |
|    mean_speed_kmh     | 0.692    |
|    min_ttc            | 48.4     |
|    out_of_road        | 1        |
|    route_completion   | 0.02     |
|    shaped_reward      | -304     |
|    steering_variation | 0.799    |
|    success            | 0        |
|    ttc_risk           | 0        |
| rollout/              |          |
|    ep_len_mean        | 719      |
|    ep_rew_mean        | -304     |
|    success_rate       | 0        |
| time/                 |          |
|    fps                | 1297     |
|    iterations         | 1        |
|    time_elapsed       | 7        |
|    total_timesteps    | 10240    |
------------------------------------
------------------------------------------
| paper/                  |              |
|    accel_variation      | 0.833        |
|    base_reward          | 12.2         |
|    collision            | 0            |
|    crash_object         | 0            |
|    crash_vehicle        | 0            |
|    episode_cost         | 0            |
|    episode_length       | 1200         |
|    jerk                 | 0.622        |
|    lane_deviation       | 0.195        |
|    max_lane_deviation   | 0.449        |
|    mean_speed_kmh       | 0.777        |
|    min_ttc              | nan          |
|    out_of_road          | 0            |
|    route_completion     | 0.0327       |
|    shaped_reward        | -222         |
|    steering_variation   | 0.834        |
|    success              | 0            |
|    ttc_risk             | 0            |
| rollout/                |              |
|    ep_len_mean          | 1.16e+03     |
|    ep_rew_mean          | -243         |
|    success_rate         | 0            |
| time/                   |              |
|    fps                  | 1319         |
|    iterations           | 2            |
|    time_elapsed         | 15           |
|    total_timesteps      | 20480        |
| train/                  |              |
|    approx_kl            | 0.0061754715 |
|    clip_fraction        | 0.0598       |
|    clip_range           | 0.2          |
|    entropy_loss         | -2.83        |
|    explained_variance   | 0.00768      |
|    learning_rate        | 0.0003       |
|    loss                 | 17.5         |
|    n_updates            | 10           |
|    policy_gradient_loss | -0.00132     |
|    std                  | 0.994        |
|    value_loss           | 9.43         |
------------------------------------------
------------------------------------------
| paper/                  |              |
|    accel_variation      | 0.829        |
|    base_reward          | 6.51         |
|    collision            | 0            |
|    crash_object         | 0            |
|    crash_vehicle        | 0            |
|    episode_cost         | 0            |
|    episode_length       | 1200         |
|    jerk                 | 0.665        |
|    lane_deviation       | 0.354        |
|    max_lane_deviation   | 0.999        |
|    mean_speed_kmh       | 0.65         |
|    min_ttc              | nan          |
|    out_of_road          | 0            |
|    route_completion     | 0.0244       |
|    shaped_reward        | -344         |
|    steering_variation   | 0.797        |
|    success              | 0            |
|    ttc_risk             | 0            |
| rollout/                |              |
|    ep_len_mean          | 1.18e+03     |
|    ep_rew_mean          | -273         |
|    success_rate         | 0            |
| time/                   |              |
|    fps                  | 1322         |
|    iterations           | 3            |
|    time_elapsed         | 23           |
|    total_timesteps      | 30720        |
| train/                  |              |
|    approx_kl            | 0.0062721446 |
|    clip_fraction        | 0.0561       |
|    clip_range           | 0.2          |
|    entropy_loss         | -2.83        |
|    explained_variance   | 0.422        |
|    learning_rate        | 0.0003       |
|    loss                 | 0.607        |
|    n_updates            | 20           |
|    policy_gradient_loss | -0.00163     |
|    std                  | 0.993        |
|    value_loss           | 1.84         |
------------------------------------------
-----------------------------------------
| paper/                  |             |
|    accel_variation      | 0.821       |
|    base_reward          | 6.56        |
|    collision            | 0           |
|    crash_object         | 0           |
|    crash_vehicle        | 0           |
|    episode_cost         | 0           |
|    episode_length       | 1200        |
|    jerk                 | 0.649       |
|    lane_deviation       | 0.47        |
|    max_lane_deviation   | 1.21        |
|    mean_speed_kmh       | 0.663       |
|    min_ttc              | nan         |
|    out_of_road          | 0           |
|    route_completion     | 0.0314      |
|    shaped_reward        | -404        |
|    steering_variation   | 0.799       |
|    success              | 0           |
|    ttc_risk             | 0           |
| rollout/                |             |
|    ep_len_mean          | 1.18e+03    |
|    ep_rew_mean          | -311        |
|    success_rate         | 0           |
| time/                   |             |
|    fps                  | 1297        |
|    iterations           | 4           |
|    time_elapsed         | 31          |
|    total_timesteps      | 40960       |
| train/                  |             |
|    approx_kl            | 0.005477591 |
|    clip_fraction        | 0.0244      |
|    clip_range           | 0.2         |
|    entropy_loss         | -2.83       |
|    explained_variance   | 0.208       |
|    learning_rate        | 0.0003      |
|    loss                 | 6.44        |
|    n_updates            | 30          |
|    policy_gradient_loss | -0.00045    |
|    std                  | 0.996       |
|    value_loss           | 12.3        |
-----------------------------------------
------------------------------------------
| paper/                  |              |
|    accel_variation      | 0.835        |
|    base_reward          | 5.44         |
|    collision            | 0            |
|    crash_object         | 0            |
|    crash_vehicle        | 0            |
|    episode_cost         | 0            |
|    episode_length       | 1200         |
|    jerk                 | 0.648        |
|    lane_deviation       | 0.708        |
|    max_lane_deviation   | 2            |
|    mean_speed_kmh       | 0.73         |
|    min_ttc              | nan          |
|    out_of_road          | 0            |
|    route_completion     | 0.0396       |
|    shaped_reward        | -727         |
|    steering_variation   | 0.755        |
|    success              | 0            |
|    ttc_risk             | 0            |
| rollout/                |              |
|    ep_len_mean          | 1.17e+03     |
|    ep_rew_mean          | -361         |
|    success_rate         | 0            |
| time/                   |              |
|    fps                  | 1259         |
|    iterations           | 5            |
|    time_elapsed         | 40           |
|    total_timesteps      | 51200        |
| train/                  |              |
|    approx_kl            | 0.0036852262 |
|    clip_fraction        | 0.0161       |
|    clip_range           | 0.2          |
|    entropy_loss         | -2.83        |
|    explained_variance   | 0.66         |
|    learning_rate        | 0.0003       |
|    loss                 | 2.07         |
|    n_updates            | 40           |
|    policy_gradient_loss | -0.000686    |
|    std                  | 0.997        |
|    value_loss           | 5.54         |
------------------------------------------
-----------------------------------------
| paper/                  |             |
|    accel_variation      | 0.798       |
|    base_reward          | 5.78        |
|    collision            | 0           |
|    crash_object         | 0           |
|    crash_vehicle        | 0           |
|    episode_cost         | 0           |
|    episode_length       | 1200        |
|    jerk                 | 0.618       |
|    lane_deviation       | 0.535       |
|    max_lane_deviation   | 0.999       |
|    mean_speed_kmh       | 0.626       |
|    min_ttc              | 1.41        |
|    out_of_road          | 0           |
|    route_completion     | 0.0261      |
|    shaped_reward        | -438        |
|    steering_variation   | 0.753       |
|    success              | 0           |
|    ttc_risk             | 0.00976     |
| rollout/                |             |
|    ep_len_mean          | 1.17e+03    |
|    ep_rew_mean          | -368        |
|    success_rate         | 0           |
| time/                   |             |
|    fps                  | 1227        |
|    iterations           | 6           |
|    time_elapsed         | 50          |
|    total_timesteps      | 61440       |
| train/                  |             |
|    approx_kl            | 0.004571556 |
|    clip_fraction        | 0.0127      |
|    clip_range           | 0.2         |
|    entropy_loss         | -2.83       |
|    explained_variance   | 0.679       |
|    learning_rate        | 0.0003      |
|    loss                 | 4.54        |
|    n_updates            | 50          |
|    policy_gradient_loss | -0.00106    |
|    std                  | 0.996       |
|    value_loss           | 25.1        |
-----------------------------------------
------------------------------------------
| paper/                  |              |
|    accel_variation      | 0.82         |
|    base_reward          | -6.08        |
|    collision            | 1            |
|    crash_object         | 0            |
|    crash_vehicle        | 1            |
|    episode_cost         | 1            |
|    episode_length       | 779          |
|    jerk                 | 0.642        |
|    lane_deviation       | 0.47         |
|    max_lane_deviation   | 1.04         |
|    mean_speed_kmh       | 0.683        |
|    min_ttc              | 0.617        |
|    out_of_road          | 0            |
|    route_completion     | 0.0143       |
|    shaped_reward        | -380         |
|    steering_variation   | 0.78         |
|    success              | 0            |
|    ttc_risk             | 0.0142       |
| rollout/                |              |
|    ep_len_mean          | 1.16e+03     |
|    ep_rew_mean          | -386         |
|    success_rate         | 0            |
| time/                   |              |
|    fps                  | 1217         |
|    iterations           | 7            |
|    time_elapsed         | 58           |
|    total_timesteps      | 71680        |
| train/                  |              |
|    approx_kl            | 0.0034978837 |
|    clip_fraction        | 0.00744      |
|    clip_range           | 0.2          |
|    entropy_loss         | -2.83        |
|    explained_variance   | 0.861        |
|    learning_rate        | 0.0003       |
|    loss                 | 2.01         |
|    n_updates            | 60           |
|    policy_gradient_loss | -0.00133     |
|    std                  | 0.994        |
|    value_loss           | 9.59         |
------------------------------------------
-----------------------------------------
| paper/                  |             |
|    accel_variation      | 0.816       |
|    base_reward          | 6.1         |
|    collision            | 0           |
|    crash_object         | 0           |
|    crash_vehicle        | 0           |
|    episode_cost         | 0           |
|    episode_length       | 1200        |
|    jerk                 | 0.617       |
|    lane_deviation       | 0.622       |
|    max_lane_deviation   | 1.65        |
|    mean_speed_kmh       | 0.647       |
|    min_ttc              | nan         |
|    out_of_road          | 0           |
|    route_completion     | 0.0265      |
|    shaped_reward        | -635        |
|    steering_variation   | 0.73        |
|    success              | 0           |
|    ttc_risk             | 0           |
| rollout/                |             |
|    ep_len_mean          | 1.17e+03    |
|    ep_rew_mean          | -445        |
|    success_rate         | 0           |
| time/                   |             |
|    fps                  | 1207        |
|    iterations           | 8           |
|    time_elapsed         | 67          |
|    total_timesteps      | 81920       |
| train/                  |             |
|    approx_kl            | 0.002964375 |
|    clip_fraction        | 0.00854     |
|    clip_range           | 0.2         |
|    entropy_loss         | -2.83       |
|    explained_variance   | 0.867       |
|    learning_rate        | 0.0003      |
|    loss                 | 5.72        |
|    n_updates            | 70          |
|    policy_gradient_loss | -0.000271   |
|    std                  | 0.996       |
|    value_loss           | 29.4        |
-----------------------------------------
------------------------------------------
| paper/                  |              |
|    accel_variation      | 0.839        |
|    base_reward          | 4.92         |
|    collision            | 0            |
|    crash_object         | 0            |
|    crash_vehicle        | 0            |
|    episode_cost         | 0            |
|    episode_length       | 1200         |
|    jerk                 | 0.624        |
|    lane_deviation       | 0.912        |
|    max_lane_deviation   | 2            |
|    mean_speed_kmh       | 0.738        |
|    min_ttc              | nan          |
|    out_of_road          | 0            |
|    route_completion     | 0.0334       |
|    shaped_reward        | -1.03e+03    |
|    steering_variation   | 0.727        |
|    success              | 0            |
|    ttc_risk             | 0            |
| rollout/                |              |
|    ep_len_mean          | 1.17e+03     |
|    ep_rew_mean          | -502         |
|    success_rate         | 0            |
| time/                   |              |
|    fps                  | 1207         |
|    iterations           | 9            |
|    time_elapsed         | 76           |
|    total_timesteps      | 92160        |
| train/                  |              |
|    approx_kl            | 0.0073623345 |
|    clip_fraction        | 0.025        |
|    clip_range           | 0.2          |
|    entropy_loss         | -2.83        |
|    explained_variance   | 0.934        |
|    learning_rate        | 0.0003       |
|    loss                 | 5.3          |
|    n_updates            | 80           |
|    policy_gradient_loss | -0.000233    |
|    std                  | 0.994        |
|    value_loss           | 26.4         |
------------------------------------------
------------------------------------------
| paper/                  |              |
|    accel_variation      | 0.803        |
|    base_reward          | 7.07         |
|    collision            | 0            |
|    crash_object         | 0            |
|    crash_vehicle        | 0            |
|    episode_cost         | 0            |
|    episode_length       | 1200         |
|    jerk                 | 0.618        |
|    lane_deviation       | 0.456        |
|    max_lane_deviation   | 1            |
|    mean_speed_kmh       | 0.76         |
|    min_ttc              | 3.13         |
|    out_of_road          | 0            |
|    route_completion     | 0.0213       |
|    shaped_reward        | -379         |
|    steering_variation   | 0.707        |
|    success              | 0            |
|    ttc_risk             | 0.00464      |
| rollout/                |              |
|    ep_len_mean          | 1.17e+03     |
|    ep_rew_mean          | -554         |
|    success_rate         | 0            |
| time/                   |              |
|    fps                  | 1200         |
|    iterations           | 10           |
|    time_elapsed         | 85           |
|    total_timesteps      | 102400       |
| train/                  |              |
|    approx_kl            | 0.0031305414 |
|    clip_fraction        | 0.0362       |
|    clip_range           | 0.2          |
|    entropy_loss         | -2.83        |
|    explained_variance   | 0.948        |
|    learning_rate        | 0.0003       |
|    loss                 | 6.82         |
|    n_updates            | 90           |
|    policy_gradient_loss | -0.0013      |
|    std                  | 0.994        |
|    value_loss           | 30.4         |
------------------------------------------
-----------------------------------------
| paper/                  |             |
|    accel_variation      | 0.813       |
|    base_reward          | 3.75        |
|    collision            | 0           |
|    crash_object         | 0           |
|    crash_vehicle        | 0           |
|    episode_cost         | 0           |
|    episode_length       | 1200        |
|    jerk                 | 0.628       |
|    lane_deviation       | 1.2         |
|    max_lane_deviation   | 2           |
|    mean_speed_kmh       | 0.672       |
|    min_ttc              | 67.8        |
|    out_of_road          | 0           |
|    route_completion     | 0.0237      |
|    shaped_reward        | -1.37e+03   |
|    steering_variation   | 0.767       |
|    success              | 0           |
|    ttc_risk             | 0           |
| rollout/                |             |
|    ep_len_mean          | 1.17e+03    |
|    ep_rew_mean          | -565        |
|    success_rate         | 0           |
| time/                   |             |
|    fps                  | 1216        |
|    iterations           | 11          |
|    time_elapsed         | 92          |
|    total_timesteps      | 112640      |
| train/                  |             |
|    approx_kl            | 0.005072477 |
|    clip_fraction        | 0.0234      |
|    clip_range           | 0.2         |
|    entropy_loss         | -2.83       |
|    explained_variance   | 0.97        |
|    learning_rate        | 0.0003      |
|    loss                 | 6.8         |
|    n_updates            | 100         |
|    policy_gradient_loss | -0.00138    |
|    std                  | 0.995       |
|    value_loss           | 24.7        |
-----------------------------------------
-----------------------------------------
| paper/                  |             |
|    accel_variation      | 0.831       |
|    base_reward          | 4.82        |
|    collision            | 0           |
|    crash_object         | 0           |
|    crash_vehicle        | 0           |
|    episode_cost         | 0           |
|    episode_length       | 1200        |
|    jerk                 | 0.635       |
|    lane_deviation       | 0.446       |
|    max_lane_deviation   | 0.995       |
|    mean_speed_kmh       | 0.605       |
|    min_ttc              | nan         |
|    out_of_road          | 0           |
|    route_completion     | 0.0161      |
|    shaped_reward        | -366        |
|    steering_variation   | 0.787       |
|    success              | 0           |
|    ttc_risk             | 0           |
| rollout/                |             |
|    ep_len_mean          | 1.18e+03    |
|    ep_rew_mean          | -572        |
|    success_rate         | 0           |
| time/                   |             |
|    fps                  | 1221        |
|    iterations           | 12          |
|    time_elapsed         | 100         |
|    total_timesteps      | 122880      |
| train/                  |             |
|    approx_kl            | 0.004841695 |
|    clip_fraction        | 0.0393      |
|    clip_range           | 0.2         |
|    entropy_loss         | -2.82       |
|    explained_variance   | 0.983       |
|    learning_rate        | 0.0003      |
|    loss                 | 5.21        |
|    n_updates            | 110         |
|    policy_gradient_loss | -0.00334    |
|    std                  | 0.991       |
|    value_loss           | 14.4        |
-----------------------------------------
------------------------------------------
| paper/                  |              |
|    accel_variation      | 0.801        |
|    base_reward          | 3.72         |
|    collision            | 0            |
|    crash_object         | 0            |
|    crash_vehicle        | 0            |
|    episode_cost         | 0            |
|    episode_length       | 1200         |
|    jerk                 | 0.626        |
|    lane_deviation       | 0.509        |
|    max_lane_deviation   | 0.999        |
|    mean_speed_kmh       | 0.518        |
|    min_ttc              | 199          |
|    out_of_road          | 0            |
|    route_completion     | 0.0171       |
|    shaped_reward        | -420         |
|    steering_variation   | 0.738        |
|    success              | 0            |
|    ttc_risk             | 0            |
| rollout/                |              |
|    ep_len_mean          | 1.18e+03     |
|    ep_rew_mean          | -590         |
|    success_rate         | 0            |
| time/                   |              |
|    fps                  | 1228         |
|    iterations           | 13           |
|    time_elapsed         | 108          |
|    total_timesteps      | 133120       |
| train/                  |              |
|    approx_kl            | 0.0042139096 |
|    clip_fraction        | 0.0143       |
|    clip_range           | 0.2          |
|    entropy_loss         | -2.82        |
|    explained_variance   | 0.99         |
|    learning_rate        | 0.0003       |
|    loss                 | 4.89         |
|    n_updates            | 120          |
|    policy_gradient_loss | 8.6e-05      |
|    std                  | 0.988        |
|    value_loss           | 12.8         |
------------------------------------------
------------------------------------------
| paper/                  |              |
|    accel_variation      | 0.782        |
|    base_reward          | 3.37         |
|    collision            | 0            |
|    crash_object         | 0            |
|    crash_vehicle        | 0            |
|    episode_cost         | 0            |
|    episode_length       | 1200         |
|    jerk                 | 0.604        |
|    lane_deviation       | 0.266        |
|    max_lane_deviation   | 0.762        |
|    mean_speed_kmh       | 0.49         |
|    min_ttc              | nan          |
|    out_of_road          | 0            |
|    route_completion     | 0.0178       |
|    shaped_reward        | -274         |
|    steering_variation   | 0.742        |
|    success              | 0            |
|    ttc_risk             | 0            |
| rollout/                |              |
|    ep_len_mean          | 1.18e+03     |
|    ep_rew_mean          | -591         |
|    success_rate         | 0            |
| time/                   |              |
|    fps                  | 1238         |
|    iterations           | 14           |
|    time_elapsed         | 115          |
|    total_timesteps      | 143360       |
| train/                  |              |
|    approx_kl            | 0.0070322477 |
|    clip_fraction        | 0.0596       |
|    clip_range           | 0.2          |
|    entropy_loss         | -2.8         |
|    explained_variance   | 0.989        |
|    learning_rate        | 0.0003       |
|    loss                 | 3.01         |
|    n_updates            | 130          |
|    policy_gradient_loss | -0.00339     |
|    std                  | 0.978        |
|    value_loss           | 6.42         |
------------------------------------------
-----------------------------------------
| paper/                  |             |
|    accel_variation      | 0.797       |
|    base_reward          | 2.29        |
|    collision            | 0           |
|    crash_object         | 0           |
|    crash_vehicle        | 0           |
|    episode_cost         | 0           |
|    episode_length       | 1200        |
|    jerk                 | 0.613       |
|    lane_deviation       | 0.33        |
|    max_lane_deviation   | 0.539       |
|    mean_speed_kmh       | 0.454       |
|    min_ttc              | nan         |
|    out_of_road          | 0           |
|    route_completion     | 0.0108      |
|    shaped_reward        | -282        |
|    steering_variation   | 0.74        |
|    success              | 0           |
|    ttc_risk             | 0           |
| rollout/                |             |
|    ep_len_mean          | 1.18e+03    |
|    ep_rew_mean          | -578        |
|    success_rate         | 0           |
| time/                   |             |
|    fps                  | 1238        |
|    iterations           | 15          |
|    time_elapsed         | 124         |
|    total_timesteps      | 153600      |
| train/                  |             |
|    approx_kl            | 0.005912274 |
|    clip_fraction        | 0.0691      |
|    clip_range           | 0.2         |
|    entropy_loss         | -2.78       |
|    explained_variance   | 0.985       |
|    learning_rate        | 0.0003      |
|    loss                 | 0.461       |
|    n_updates            | 140         |
|    policy_gradient_loss | -0.00556    |
|    std                  | 0.965       |
|    value_loss           | 0.696       |
-----------------------------------------
----------------------------------------
| paper/                  |            |
|    accel_variation      | 0.783      |
|    base_reward          | 2.14       |
|    collision            | 0          |
|    crash_object         | 0          |
|    crash_vehicle        | 0          |
|    episode_cost         | 0          |
|    episode_length       | 1200       |
|    jerk                 | 0.601      |
|    lane_deviation       | 0.0805     |
|    max_lane_deviation   | 0.236      |
|    mean_speed_kmh       | 0.353      |
|    min_ttc              | nan        |
|    out_of_road          | 0          |
|    route_completion     | 0.0108     |
|    shaped_reward        | -211       |
|    steering_variation   | 0.704      |
|    success              | 0          |
|    ttc_risk             | 0          |
| rollout/                |            |
|    ep_len_mean          | 1.19e+03   |
|    ep_rew_mean          | -564       |
|    success_rate         | 0          |
| time/                   |            |
|    fps                  | 1238       |
|    iterations           | 16         |
|    time_elapsed         | 132        |
|    total_timesteps      | 163840     |
| train/                  |            |
|    approx_kl            | 0.00841387 |
|    clip_fraction        | 0.0921     |
|    clip_range           | 0.2        |
|    entropy_loss         | -2.74      |
|    explained_variance   | 0.985      |
|    learning_rate        | 0.0003     |
|    loss                 | 0.205      |
|    n_updates            | 150        |
|    policy_gradient_loss | -0.00589   |
|    std                  | 0.945      |
|    value_loss           | 0.309      |
----------------------------------------
------------------------------------------
| paper/                  |              |
|    accel_variation      | 0.781        |
|    base_reward          | 1.29         |
|    collision            | 0            |
|    crash_object         | 0            |
|    crash_vehicle        | 0            |
|    episode_cost         | 0            |
|    episode_length       | 1200         |
|    jerk                 | 0.557        |
|    lane_deviation       | 0.133        |
|    max_lane_deviation   | 0.2          |
|    mean_speed_kmh       | 0.388        |
|    min_ttc              | 62.4         |
|    out_of_road          | 0            |
|    route_completion     | 0.0104       |
|    shaped_reward        | -215         |
|    steering_variation   | 0.689        |
|    success              | 0            |
|    ttc_risk             | 0            |
| rollout/                |              |
|    ep_len_mean          | 1.19e+03     |
|    ep_rew_mean          | -536         |
|    success_rate         | 0            |
| time/                   |              |
|    fps                  | 1243         |
|    iterations           | 17           |
|    time_elapsed         | 140          |
|    total_timesteps      | 174080       |
| train/                  |              |
|    approx_kl            | 0.0075594173 |
|    clip_fraction        | 0.0954       |
|    clip_range           | 0.2          |
|    entropy_loss         | -2.69        |
|    explained_variance   | 0.984        |
|    learning_rate        | 0.0003       |
|    loss                 | 0.0418       |
|    n_updates            | 160          |
|    policy_gradient_loss | -0.00423     |
|    std                  | 0.921        |
|    value_loss           | 0.0979       |
------------------------------------------
----------------------------------------
| paper/                  |            |
|    accel_variation      | 0.787      |
|    base_reward          | 0.307      |
|    collision            | 0          |
|    crash_object         | 0          |
|    crash_vehicle        | 0          |
|    episode_cost         | 0          |
|    episode_length       | 1200       |
|    jerk                 | 0.558      |
|    lane_deviation       | 0.0112     |
|    max_lane_deviation   | 0.0416     |
|    mean_speed_kmh       | 0.341      |
|    min_ttc              | 78.6       |
|    out_of_road          | 0          |
|    route_completion     | 0.0115     |
|    shaped_reward        | -205       |
|    steering_variation   | 0.666      |
|    success              | 0          |
|    ttc_risk             | 0          |
| rollout/                |            |
|    ep_len_mean          | 1.19e+03   |
|    ep_rew_mean          | -523       |
|    success_rate         | 0          |
| time/                   |            |
|    fps                  | 1247       |
|    iterations           | 18         |
|    time_elapsed         | 147        |
|    total_timesteps      | 184320     |
| train/                  |            |
|    approx_kl            | 0.00759466 |
|    clip_fraction        | 0.0925     |
|    clip_range           | 0.2        |
|    entropy_loss         | -2.63      |
|    explained_variance   | 0.969      |
|    learning_rate        | 0.0003     |
|    loss                 | 0.0163     |
|    n_updates            | 170        |
|    policy_gradient_loss | -0.00213   |
|    std                  | 0.894      |
|    value_loss           | 0.0514     |
----------------------------------------
-----------------------------------------
| paper/                  |             |
|    accel_variation      | 0.714       |
|    base_reward          | -0.126      |
|    collision            | 0           |
|    crash_object         | 0           |
|    crash_vehicle        | 0           |
|    episode_cost         | 0           |
|    episode_length       | 1200        |
|    jerk                 | 0.531       |
|    lane_deviation       | 0.0325      |
|    max_lane_deviation   | 0.0693      |
|    mean_speed_kmh       | 0.333       |
|    min_ttc              | 64.4        |
|    out_of_road          | 0           |
|    route_completion     | 0.00999     |
|    shaped_reward        | -204        |
|    steering_variation   | 0.655       |
|    success              | 0           |
|    ttc_risk             | 0           |
| rollout/                |             |
|    ep_len_mean          | 1.2e+03     |
|    ep_rew_mean          | -473        |
|    success_rate         | 0           |
| time/                   |             |
|    fps                  | 1245        |
|    iterations           | 19          |
|    time_elapsed         | 156         |
|    total_timesteps      | 194560      |
| train/                  |             |
|    approx_kl            | 0.006266699 |
|    clip_fraction        | 0.0951      |
|    clip_range           | 0.2         |
|    entropy_loss         | -2.57       |
|    explained_variance   | 0.938       |
|    learning_rate        | 0.0003      |
|    loss                 | 0.00774     |
|    n_updates            | 180         |
|    policy_gradient_loss | -0.00159    |
|    std                  | 0.871       |
|    value_loss           | 0.0329      |
-----------------------------------------
-----------------------------------------
| paper/                  |             |
|    accel_variation      | 0.701       |
|    base_reward          | 0.828       |
|    collision            | 0           |
|    crash_object         | 0           |
|    crash_vehicle        | 0           |
|    episode_cost         | 0           |
|    episode_length       | 1200        |
|    jerk                 | 0.568       |
|    lane_deviation       | 0.0863      |
|    max_lane_deviation   | 0.128       |
|    mean_speed_kmh       | 0.303       |
|    min_ttc              | 308         |
|    out_of_road          | 0           |
|    route_completion     | 0.00953     |
|    shaped_reward        | -208        |
|    steering_variation   | 0.641       |
|    success              | 0           |
|    ttc_risk             | 0           |
| rollout/                |             |
|    ep_len_mean          | 1.2e+03     |
|    ep_rew_mean          | -419        |
|    success_rate         | 0           |
| time/                   |             |
|    fps                  | 1246        |
|    iterations           | 20          |
|    time_elapsed         | 164         |
|    total_timesteps      | 204800      |
| train/                  |             |
|    approx_kl            | 0.008838833 |
|    clip_fraction        | 0.0854      |
|    clip_range           | 0.2         |
|    entropy_loss         | -2.55       |
|    explained_variance   | 0.951       |
|    learning_rate        | 0.0003      |
|    loss                 | 0.0128      |
|    n_updates            | 190         |
|    policy_gradient_loss | -0.000538   |
|    std                  | 0.865       |
|    value_loss           | 0.0231      |
-----------------------------------------
-----------------------------------------
| paper/                  |             |
|    accel_variation      | 0.657       |
|    base_reward          | 0.731       |
|    collision            | 0           |
|    crash_object         | 0           |
|    crash_vehicle        | 0           |
|    episode_cost         | 0           |
|    episode_length       | 1200        |
|    jerk                 | 0.535       |
|    lane_deviation       | 0.0464      |
|    max_lane_deviation   | 0.129       |
|    mean_speed_kmh       | 0.341       |
|    min_ttc              | nan         |
|    out_of_road          | 0           |
|    route_completion     | 0.00916     |
|    shaped_reward        | -203        |
|    steering_variation   | 0.613       |
|    success              | 0           |
|    ttc_risk             | 0           |
| rollout/                |             |
|    ep_len_mean          | 1.2e+03     |
|    ep_rew_mean          | -385        |
|    success_rate         | 0           |
| time/                   |             |
|    fps                  | 1250        |
|    iterations           | 21          |
|    time_elapsed         | 171         |
|    total_timesteps      | 215040      |
| train/                  |             |
|    approx_kl            | 0.008528258 |
|    clip_fraction        | 0.0932      |
|    clip_range           | 0.2         |
|    entropy_loss         | -2.51       |
|    explained_variance   | 0.945       |
|    learning_rate        | 0.0003      |
|    loss                 | 0.00294     |
|    n_updates            | 200         |
|    policy_gradient_loss | -0.00255    |
|    std                  | 0.845       |
|    value_loss           | 0.0135      |
-----------------------------------------
-----------------------------------------
| paper/                  |             |
|    accel_variation      | 0.646       |
|    base_reward          | 1.88        |
|    collision            | 0           |
|    crash_object         | 0           |
|    crash_vehicle        | 0           |
|    episode_cost         | 0           |
|    episode_length       | 1200        |
|    jerk                 | 0.53        |
|    lane_deviation       | 0.11        |
|    max_lane_deviation   | 0.259       |
|    mean_speed_kmh       | 0.297       |
|    min_ttc              | nan         |
|    out_of_road          | 0           |
|    route_completion     | 0.0103      |
|    shaped_reward        | -209        |
|    steering_variation   | 0.527       |
|    success              | 0           |
|    ttc_risk             | 0           |
| rollout/                |             |
|    ep_len_mean          | 1.2e+03     |
|    ep_rew_mean          | -311        |
|    success_rate         | 0           |
| time/                   |             |
|    fps                  | 1247        |
|    iterations           | 22          |
|    time_elapsed         | 180         |
|    total_timesteps      | 225280      |
| train/                  |             |
|    approx_kl            | 0.012452349 |
|    clip_fraction        | 0.132       |
|    clip_range           | 0.2         |
|    entropy_loss         | -2.45       |
|    explained_variance   | 0.883       |
|    learning_rate        | 0.0003      |
|    loss                 | -0.00116    |
|    n_updates            | 210         |
|    policy_gradient_loss | -0.00793    |
|    std                  | 0.818       |
|    value_loss           | 0.00871     |
-----------------------------------------
-----------------------------------------
| paper/                  |             |
|    accel_variation      | 0.623       |
|    base_reward          | 1.24        |
|    collision            | 0           |
|    crash_object         | 0           |
|    crash_vehicle        | 0           |
|    episode_cost         | 0           |
|    episode_length       | 1200        |
|    jerk                 | 0.518       |
|    lane_deviation       | 0.16        |
|    max_lane_deviation   | 0.261       |
|    mean_speed_kmh       | 0.342       |
|    min_ttc              | nan         |
|    out_of_road          | 0           |
|    route_completion     | 0.0102      |
|    shaped_reward        | -217        |
|    steering_variation   | 0.485       |
|    success              | 0           |
|    ttc_risk             | 0           |
| rollout/                |             |
|    ep_len_mean          | 1.2e+03     |
|    ep_rew_mean          | -260        |
|    success_rate         | 0           |
| time/                   |             |
|    fps                  | 1246        |
|    iterations           | 23          |
|    time_elapsed         | 188         |
|    total_timesteps      | 235520      |
| train/                  |             |
|    approx_kl            | 0.013126859 |
|    clip_fraction        | 0.117       |
|    clip_range           | 0.2         |
|    entropy_loss         | -2.4        |
|    explained_variance   | 0.972       |
|    learning_rate        | 0.0003      |
|    loss                 | 0.0051      |
|    n_updates            | 220         |
|    policy_gradient_loss | -0.00499    |
|    std                  | 0.792       |
|    value_loss           | 0.0244      |
-----------------------------------------
-----------------------------------------
| paper/                  |             |
|    accel_variation      | 0.625       |
|    base_reward          | 1.19        |
|    collision            | 0           |
|    crash_object         | 0           |
|    crash_vehicle        | 0           |
|    episode_cost         | 0           |
|    episode_length       | 1200        |
|    jerk                 | 0.496       |
|    lane_deviation       | 0.109       |
|    max_lane_deviation   | 0.263       |
|    mean_speed_kmh       | 0.325       |
|    min_ttc              | nan         |
|    out_of_road          | 0           |
|    route_completion     | 0.0094      |
|    shaped_reward        | -202        |
|    steering_variation   | 0.423       |
|    success              | 0           |
|    ttc_risk             | 0           |
| rollout/                |             |
|    ep_len_mean          | 1.2e+03     |
|    ep_rew_mean          | -237        |
|    success_rate         | 0           |
| time/                   |             |
|    fps                  | 1248        |
|    iterations           | 24          |
|    time_elapsed         | 196         |
|    total_timesteps      | 245760      |
| train/                  |             |
|    approx_kl            | 0.008755247 |
|    clip_fraction        | 0.0998      |
|    clip_range           | 0.2         |
|    entropy_loss         | -2.35       |
|    explained_variance   | 0.975       |
|    learning_rate        | 0.0003      |
|    loss                 | 0.0343      |
|    n_updates            | 230         |
|    policy_gradient_loss | -0.00348    |
|    std                  | 0.783       |
|    value_loss           | 0.0657      |
-----------------------------------------
-----------------------------------------
| paper/                  |             |
|    accel_variation      | 0.61        |
|    base_reward          | -0.337      |
|    collision            | 0           |
|    crash_object         | 0           |
|    crash_vehicle        | 0           |
|    episode_cost         | 0           |
|    episode_length       | 1200        |
|    jerk                 | 0.482       |
|    lane_deviation       | 0.0437      |
|    max_lane_deviation   | 0.0776      |
|    mean_speed_kmh       | 0.296       |
|    min_ttc              | nan         |
|    out_of_road          | 0           |
|    route_completion     | 0.0133      |
|    shaped_reward        | -198        |
|    steering_variation   | 0.418       |
|    success              | 0           |
|    ttc_risk             | 0           |
| rollout/                |             |
|    ep_len_mean          | 1.2e+03     |
|    ep_rew_mean          | -214        |
|    success_rate         | 0           |
| time/                   |             |
|    fps                  | 1249        |
|    iterations           | 25          |
|    time_elapsed         | 204         |
|    total_timesteps      | 256000      |
| train/                  |             |
|    approx_kl            | 0.009850157 |
|    clip_fraction        | 0.122       |
|    clip_range           | 0.2         |
|    entropy_loss         | -2.31       |
|    explained_variance   | 0.966       |
|    learning_rate        | 0.0003      |
|    loss                 | 0.0168      |
|    n_updates            | 240         |
|    policy_gradient_loss | -0.00456    |
|    std                  | 0.761       |
|    value_loss           | 0.0169      |
-----------------------------------------
-----------------------------------------
| paper/                  |             |
|    accel_variation      | 0.583       |
|    base_reward          | 0.192       |
|    collision            | 0           |
|    crash_object         | 0           |
|    crash_vehicle        | 0           |
|    episode_cost         | 0           |
|    episode_length       | 1200        |
|    jerk                 | 0.493       |
|    lane_deviation       | 0.0253      |
|    max_lane_deviation   | 0.0543      |
|    mean_speed_kmh       | 0.288       |
|    min_ttc              | nan         |
|    out_of_road          | 0           |
|    route_completion     | 0.00908     |
|    shaped_reward        | -196        |
|    steering_variation   | 0.443       |
|    success              | 0           |
|    ttc_risk             | 0           |
| rollout/                |             |
|    ep_len_mean          | 1.2e+03     |
|    ep_rew_mean          | -205        |
|    success_rate         | 0           |
| time/                   |             |
|    fps                  | 1252        |
|    iterations           | 26          |
|    time_elapsed         | 212         |
|    total_timesteps      | 266240      |
| train/                  |             |
|    approx_kl            | 0.010384607 |
|    clip_fraction        | 0.135       |
|    clip_range           | 0.2         |
|    entropy_loss         | -2.27       |
|    explained_variance   | 0.943       |
|    learning_rate        | 0.0003      |
|    loss                 | -0.00682    |
|    n_updates            | 250         |
|    policy_gradient_loss | -0.00261    |
|    std                  | 0.752       |
|    value_loss           | 0.00645     |
-----------------------------------------
-----------------------------------------
| paper/                  |             |
|    accel_variation      | 0.562       |
|    base_reward          | 1.22        |
|    collision            | 0           |
|    crash_object         | 0           |
|    crash_vehicle        | 0           |
|    episode_cost         | 0           |
|    episode_length       | 1200        |
|    jerk                 | 0.497       |
|    lane_deviation       | 0.0468      |
|    max_lane_deviation   | 0.132       |
|    mean_speed_kmh       | 0.237       |
|    min_ttc              | nan         |
|    out_of_road          | 0           |
|    route_completion     | 0.0141      |
|    shaped_reward        | -196        |
|    steering_variation   | 0.357       |
|    success              | 0           |
|    ttc_risk             | 0           |
| rollout/                |             |
|    ep_len_mean          | 1.2e+03     |
|    ep_rew_mean          | -203        |
|    success_rate         | 0           |
| time/                   |             |
|    fps                  | 1256        |
|    iterations           | 27          |
|    time_elapsed         | 219         |
|    total_timesteps      | 276480      |
| train/                  |             |
|    approx_kl            | 0.012288047 |
|    clip_fraction        | 0.154       |
|    clip_range           | 0.2         |
|    entropy_loss         | -2.23       |
|    explained_variance   | 0.941       |
|    learning_rate        | 0.0003      |
|    loss                 | -0.00988    |
|    n_updates            | 260         |
|    policy_gradient_loss | -0.00752    |
|    std                  | 0.734       |
|    value_loss           | 0.00724     |
-----------------------------------------
-----------------------------------------
| paper/                  |             |
|    accel_variation      | 0.497       |
|    base_reward          | 2.12        |
|    collision            | 0           |
|    crash_object         | 0           |
|    crash_vehicle        | 0           |
|    episode_cost         | 0           |
|    episode_length       | 1200        |
|    jerk                 | 0.445       |
|    lane_deviation       | 0.332       |
|    max_lane_deviation   | 0.855       |
|    mean_speed_kmh       | 0.294       |
|    min_ttc              | nan         |
|    out_of_road          | 0           |
|    route_completion     | 0.0138      |
|    shaped_reward        | -310        |
|    steering_variation   | 0.298       |
|    success              | 0           |
|    ttc_risk             | 0           |
| rollout/                |             |
|    ep_len_mean          | 1.2e+03     |
|    ep_rew_mean          | -203        |
|    success_rate         | 0           |
| time/                   |             |
|    fps                  | 1258        |
|    iterations           | 28          |
|    time_elapsed         | 227         |
|    total_timesteps      | 286720      |
| train/                  |             |
|    approx_kl            | 0.009024799 |
|    clip_fraction        | 0.112       |
|    clip_range           | 0.2         |
|    entropy_loss         | -2.18       |
|    explained_variance   | 0.934       |
|    learning_rate        | 0.0003      |
|    loss                 | -0.00316    |
|    n_updates            | 270         |
|    policy_gradient_loss | -0.00483    |
|    std                  | 0.72        |
|    value_loss           | 0.015       |
-----------------------------------------
----------------------------------------
| paper/                  |            |
|    accel_variation      | 0.491      |
|    base_reward          | 1.22       |
|    collision            | 0          |
|    crash_object         | 0          |
|    crash_vehicle        | 0          |
|    episode_cost         | 0          |
|    episode_length       | 1200       |
|    jerk                 | 0.44       |
|    lane_deviation       | 0.0428     |
|    max_lane_deviation   | 0.107      |
|    mean_speed_kmh       | 0.238      |
|    min_ttc              | nan        |
|    out_of_road          | 0          |
|    route_completion     | 0.0107     |
|    shaped_reward        | -192       |
|    steering_variation   | 0.299      |
|    success              | 0          |
|    ttc_risk             | 0          |
| rollout/                |            |
|    ep_len_mean          | 1.2e+03    |
|    ep_rew_mean          | -203       |
|    success_rate         | 0          |
| time/                   |            |
|    fps                  | 1262       |
|    iterations           | 29         |
|    time_elapsed         | 235        |
|    total_timesteps      | 296960     |
| train/                  |            |
|    approx_kl            | 0.00826741 |
|    clip_fraction        | 0.0477     |
|    clip_range           | 0.2        |
|    entropy_loss         | -2.16      |
|    explained_variance   | 0.972      |
|    learning_rate        | 0.0003     |
|    loss                 | 0.034      |
|    n_updates            | 280        |
|    policy_gradient_loss | 3.3e-05    |
|    std                  | 0.717      |
|    value_loss           | 0.127      |
----------------------------------------
-----------------------------------------
| paper/                  |             |
|    accel_variation      | 0.512       |
|    base_reward          | 0.606       |
|    collision            | 0           |
|    crash_object         | 0           |
|    crash_vehicle        | 0           |
|    episode_cost         | 0           |
|    episode_length       | 1200        |
|    jerk                 | 0.452       |
|    lane_deviation       | 0.0209      |
|    max_lane_deviation   | 0.0426      |
|    mean_speed_kmh       | 0.261       |
|    min_ttc              | nan         |
|    out_of_road          | 0           |
|    route_completion     | 0.0107      |
|    shaped_reward        | -190        |
|    steering_variation   | 0.244       |
|    success              | 0           |
|    ttc_risk             | 0           |
| rollout/                |             |
|    ep_len_mean          | 1.2e+03     |
|    ep_rew_mean          | -202        |
|    success_rate         | 0           |
| time/                   |             |
|    fps                  | 1265        |
|    iterations           | 30          |
|    time_elapsed         | 242         |
|    total_timesteps      | 307200      |
| train/                  |             |
|    approx_kl            | 0.009718435 |
|    clip_fraction        | 0.14        |
|    clip_range           | 0.2         |
|    entropy_loss         | -2.14       |
|    explained_variance   | 0.973       |
|    learning_rate        | 0.0003      |
|    loss                 | -0.000832   |
|    n_updates            | 290         |
|    policy_gradient_loss | -0.00183    |
|    std                  | 0.705       |
|    value_loss           | 0.0115      |
-----------------------------------------
----------------------------------------
| paper/                  |            |
|    accel_variation      | 0.438      |
|    base_reward          | 0.516      |
|    collision            | 0          |
|    crash_object         | 0          |
|    crash_vehicle        | 0          |
|    episode_cost         | 0          |
|    episode_length       | 1200       |
|    jerk                 | 0.4        |
|    lane_deviation       | 0.0169     |
|    max_lane_deviation   | 0.0384     |
|    mean_speed_kmh       | 0.175      |
|    min_ttc              | 66.8       |
|    out_of_road          | 0          |
|    route_completion     | 0.00893    |
|    shaped_reward        | -190       |
|    steering_variation   | 0.253      |
|    success              | 0          |
|    ttc_risk             | 0          |
| rollout/                |            |
|    ep_len_mean          | 1.2e+03    |
|    ep_rew_mean          | -201       |
|    success_rate         | 0          |
| time/                   |            |
|    fps                  | 1266       |
|    iterations           | 31         |
|    time_elapsed         | 250        |
|    total_timesteps      | 317440     |
| train/                  |            |
|    approx_kl            | 0.01724695 |
|    clip_fraction        | 0.181      |
|    clip_range           | 0.2        |
|    entropy_loss         | -2.1       |
|    explained_variance   | 0.818      |
|    learning_rate        | 0.0003     |
|    loss                 | -0.0195    |
|    n_updates            | 300        |
|    policy_gradient_loss | -0.00132   |
|    std                  | 0.691      |
|    value_loss           | 0.00634    |
----------------------------------------
----------------------------------------
| paper/                  |            |
|    accel_variation      | 0.442      |
|    base_reward          | 1.1        |
|    collision            | 0          |
|    crash_object         | 0          |
|    crash_vehicle        | 0          |
|    episode_cost         | 0          |
|    episode_length       | 1200       |
|    jerk                 | 0.396      |
|    lane_deviation       | 0.0611     |
|    max_lane_deviation   | 0.131      |
|    mean_speed_kmh       | 0.231      |
|    min_ttc              | nan        |
|    out_of_road          | 0          |
|    route_completion     | 0.0103     |
|    shaped_reward        | -192       |
|    steering_variation   | 0.253      |
|    success              | 0          |
|    ttc_risk             | 0          |
| rollout/                |            |
|    ep_len_mean          | 1.2e+03    |
|    ep_rew_mean          | -200       |
|    success_rate         | 0          |
| time/                   |            |
|    fps                  | 1266       |
|    iterations           | 32         |
|    time_elapsed         | 258        |
|    total_timesteps      | 327680     |
| train/                  |            |
|    approx_kl            | 0.00953878 |
|    clip_fraction        | 0.122      |
|    clip_range           | 0.2        |
|    entropy_loss         | -2.05      |
|    explained_variance   | 0.982      |
|    learning_rate        | 0.0003     |
|    loss                 | 0.0385     |
|    n_updates            | 310        |
|    policy_gradient_loss | -0.00173   |
|    std                  | 0.677      |
|    value_loss           | 0.0425     |
----------------------------------------
-----------------------------------------
| paper/                  |             |
|    accel_variation      | 0.4         |
|    base_reward          | 0.903       |
|    collision            | 0           |
|    crash_object         | 0           |
|    crash_vehicle        | 0           |
|    episode_cost         | 0           |
|    episode_length       | 1200        |
|    jerk                 | 0.36        |
|    lane_deviation       | 0.0318      |
|    max_lane_deviation   | 0.0973      |
|    mean_speed_kmh       | 0.205       |
|    min_ttc              | 53.6        |
|    out_of_road          | 0           |
|    route_completion     | 0.0107      |
|    shaped_reward        | -188        |
|    steering_variation   | 0.215       |
|    success              | 0           |
|    ttc_risk             | 0           |
| rollout/                |             |
|    ep_len_mean          | 1.2e+03     |
|    ep_rew_mean          | -200        |
|    success_rate         | 0           |
| time/                   |             |
|    fps                  | 1266        |
|    iterations           | 33          |
|    time_elapsed         | 266         |
|    total_timesteps      | 337920      |
| train/                  |             |
|    approx_kl            | 0.008095546 |
|    clip_fraction        | 0.123       |
|    clip_range           | 0.2         |
|    entropy_loss         | -2.02       |
|    explained_variance   | 0.966       |
|    learning_rate        | 0.0003      |
|    loss                 | 0.014       |
|    n_updates            | 320         |
|    policy_gradient_loss | -0.00444    |
|    std                  | 0.671       |
|    value_loss           | 0.0443      |
-----------------------------------------
-----------------------------------------
| paper/                  |             |
|    accel_variation      | 0.41        |
|    base_reward          | -0.585      |
|    collision            | 0           |
|    crash_object         | 0           |
|    crash_vehicle        | 0           |
|    episode_cost         | 0           |
|    episode_length       | 1200        |
|    jerk                 | 0.354       |
|    lane_deviation       | 0.0722      |
|    max_lane_deviation   | 0.0981      |
|    mean_speed_kmh       | 0.147       |
|    min_ttc              | 135         |
|    out_of_road          | 0           |
|    route_completion     | 0.00844     |
|    shaped_reward        | -192        |
|    steering_variation   | 0.179       |
|    success              | 0           |
|    ttc_risk             | 0           |
| rollout/                |             |
|    ep_len_mean          | 1.2e+03     |
|    ep_rew_mean          | -199        |
|    success_rate         | 0           |
| time/                   |             |
|    fps                  | 1263        |
|    iterations           | 34          |
|    time_elapsed         | 275         |
|    total_timesteps      | 348160      |
| train/                  |             |
|    approx_kl            | 0.011131716 |
|    clip_fraction        | 0.136       |
|    clip_range           | 0.2         |
|    entropy_loss         | -1.98       |
|    explained_variance   | 0.95        |
|    learning_rate        | 0.0003      |
|    loss                 | 0.00927     |
|    n_updates            | 330         |
|    policy_gradient_loss | -0.000724   |
|    std                  | 0.656       |
|    value_loss           | 0.0139      |
-----------------------------------------
-----------------------------------------
| paper/                  |             |
|    accel_variation      | 0.38        |
|    base_reward          | 2.13        |
|    collision            | 0           |
|    crash_object         | 0           |
|    crash_vehicle        | 0           |
|    episode_cost         | 0           |
|    episode_length       | 1200        |
|    jerk                 | 0.353       |
|    lane_deviation       | 0.33        |
|    max_lane_deviation   | 0.678       |
|    mean_speed_kmh       | 0.286       |
|    min_ttc              | nan         |
|    out_of_road          | 0           |
|    route_completion     | 0.0111      |
|    shaped_reward        | -283        |
|    steering_variation   | 0.198       |
|    success              | 0           |
|    ttc_risk             | 0           |
| rollout/                |             |
|    ep_len_mean          | 1.2e+03     |
|    ep_rew_mean          | -200        |
|    success_rate         | 0           |
| time/                   |             |
|    fps                  | 1262        |
|    iterations           | 35          |
|    time_elapsed         | 283         |
|    total_timesteps      | 358400      |
| train/                  |             |
|    approx_kl            | 0.019473637 |
|    clip_fraction        | 0.133       |
|    clip_range           | 0.2         |
|    entropy_loss         | -1.97       |
|    explained_variance   | 0.952       |
|    learning_rate        | 0.0003      |
|    loss                 | 0.0591      |
|    n_updates            | 340         |
|    policy_gradient_loss | 0.00269     |
|    std                  | 0.656       |
|    value_loss           | 0.092       |
-----------------------------------------
-----------------------------------------
| paper/                  |             |
|    accel_variation      | 0.364       |
|    base_reward          | 4.14        |
|    collision            | 0           |
|    crash_object         | 0           |
|    crash_vehicle        | 0           |
|    episode_cost         | 0           |
|    episode_length       | 1200        |
|    jerk                 | 0.347       |
|    lane_deviation       | 0.319       |
|    max_lane_deviation   | 0.859       |
|    mean_speed_kmh       | 0.421       |
|    min_ttc              | 34.2        |
|    out_of_road          | 0           |
|    route_completion     | 0.0265      |
|    shaped_reward        | -256        |
|    steering_variation   | 0.188       |
|    success              | 0           |
|    ttc_risk             | 0           |
| rollout/                |             |
|    ep_len_mean          | 1.19e+03    |
|    ep_rew_mean          | -204        |
|    success_rate         | 0           |
| time/                   |             |
|    fps                  | 1264        |
|    iterations           | 36          |
|    time_elapsed         | 291         |
|    total_timesteps      | 368640      |
| train/                  |             |
|    approx_kl            | 0.004395907 |
|    clip_fraction        | 0.0483      |
|    clip_range           | 0.2         |
|    entropy_loss         | -1.97       |
|    explained_variance   | 0.913       |
|    learning_rate        | 0.0003      |
|    loss                 | 0.398       |
|    n_updates            | 350         |
|    policy_gradient_loss | -0.00306    |
|    std                  | 0.655       |
|    value_loss           | 0.778       |
-----------------------------------------
-----------------------------------------
| paper/                  |             |
|    accel_variation      | 0.386       |
|    base_reward          | 0.0317      |
|    collision            | 0           |
|    crash_object         | 0           |
|    crash_vehicle        | 0           |
|    episode_cost         | 0           |
|    episode_length       | 1200        |
|    jerk                 | 0.354       |
|    lane_deviation       | 0.0461      |
|    max_lane_deviation   | 0.0687      |
|    mean_speed_kmh       | 0.175       |
|    min_ttc              | nan         |
|    out_of_road          | 0           |
|    route_completion     | 0.00858     |
|    shaped_reward        | -189        |
|    steering_variation   | 0.161       |
|    success              | 0           |
|    ttc_risk             | 0           |
| rollout/                |             |
|    ep_len_mean          | 1.19e+03    |
|    ep_rew_mean          | -205        |
|    success_rate         | 0           |
| time/                   |             |
|    fps                  | 1268        |
|    iterations           | 37          |
|    time_elapsed         | 298         |
|    total_timesteps      | 378880      |
| train/                  |             |
|    approx_kl            | 0.009395542 |
|    clip_fraction        | 0.0679      |
|    clip_range           | 0.2         |
|    entropy_loss         | -1.96       |
|    explained_variance   | 0.658       |
|    learning_rate        | 0.0003      |
|    loss                 | 0.611       |
|    n_updates            | 360         |
|    policy_gradient_loss | -0.00179    |
|    std                  | 0.655       |
|    value_loss           | 4.81        |
-----------------------------------------
-----------------------------------------
| paper/                  |             |
|    accel_variation      | 0.382       |
|    base_reward          | -0.195      |
|    collision            | 0           |
|    crash_object         | 0           |
|    crash_vehicle        | 0           |
|    episode_cost         | 0           |
|    episode_length       | 1200        |
|    jerk                 | 0.344       |
|    lane_deviation       | 0.124       |
|    max_lane_deviation   | 0.255       |
|    mean_speed_kmh       | 0.149       |
|    min_ttc              | nan         |
|    out_of_road          | 0           |
|    route_completion     | 0.00686     |
|    shaped_reward        | -199        |
|    steering_variation   | 0.145       |
|    success              | 0           |
|    ttc_risk             | 0           |
| rollout/                |             |
|    ep_len_mean          | 1.19e+03    |
|    ep_rew_mean          | -205        |
|    success_rate         | 0           |
| time/                   |             |
|    fps                  | 1272        |
|    iterations           | 38          |
|    time_elapsed         | 305         |
|    total_timesteps      | 389120      |
| train/                  |             |
|    approx_kl            | 0.006323853 |
|    clip_fraction        | 0.106       |
|    clip_range           | 0.2         |
|    entropy_loss         | -1.94       |
|    explained_variance   | 0.946       |
|    learning_rate        | 0.0003      |
|    loss                 | 0.0226      |
|    n_updates            | 370         |
|    policy_gradient_loss | 0.000679    |
|    std                  | 0.644       |
|    value_loss           | 0.0814      |
-----------------------------------------
-----------------------------------------
| paper/                  |             |
|    accel_variation      | 0.362       |
|    base_reward          | 0.914       |
|    collision            | 0           |
|    crash_object         | 0           |
|    crash_vehicle        | 0           |
|    episode_cost         | 0           |
|    episode_length       | 1200        |
|    jerk                 | 0.321       |
|    lane_deviation       | 0.191       |
|    max_lane_deviation   | 0.308       |
|    mean_speed_kmh       | 0.183       |
|    min_ttc              | 33          |
|    out_of_road          | 0           |
|    route_completion     | 0.0134      |
|    shaped_reward        | -211        |
|    steering_variation   | 0.143       |
|    success              | 0           |
|    ttc_risk             | 0           |
| rollout/                |             |
|    ep_len_mean          | 1.19e+03    |
|    ep_rew_mean          | -205        |
|    success_rate         | 0           |
| time/                   |             |
|    fps                  | 1271        |
|    iterations           | 39          |
|    time_elapsed         | 314         |
|    total_timesteps      | 399360      |
| train/                  |             |
|    approx_kl            | 0.008032883 |
|    clip_fraction        | 0.148       |
|    clip_range           | 0.2         |
|    entropy_loss         | -1.9        |
|    explained_variance   | 0.966       |
|    learning_rate        | 0.0003      |
|    loss                 | 0.0462      |
|    n_updates            | 380         |
|    policy_gradient_loss | 0.00193     |
|    std                  | 0.628       |
|    value_loss           | 0.0407      |
-----------------------------------------
------------------------------------------
| paper/                  |              |
|    accel_variation      | 0.317        |
|    base_reward          | 2            |
|    collision            | 0            |
|    crash_object         | 0            |
|    crash_vehicle        | 0            |
|    episode_cost         | 0            |
|    episode_length       | 1200         |
|    jerk                 | 0.305        |
|    lane_deviation       | 0.465        |
|    max_lane_deviation   | 0.889        |
|    mean_speed_kmh       | 0.223        |
|    min_ttc              | nan          |
|    out_of_road          | 0            |
|    route_completion     | 0.0125       |
|    shaped_reward        | -380         |
|    steering_variation   | 0.154        |
|    success              | 0            |
|    ttc_risk             | 0            |
| rollout/                |              |
|    ep_len_mean          | 1.19e+03     |
|    ep_rew_mean          | -205         |
|    success_rate         | 0            |
| time/                   |              |
|    fps                  | 1270         |
|    iterations           | 40           |
|    time_elapsed         | 322          |
|    total_timesteps      | 409600       |
| train/                  |              |
|    approx_kl            | 0.0140542835 |
|    clip_fraction        | 0.201        |
|    clip_range           | 0.2          |
|    entropy_loss         | -1.89        |
|    explained_variance   | 0.087        |
|    learning_rate        | 0.0003       |
|    loss                 | 1.13         |
|    n_updates            | 390          |
|    policy_gradient_loss | 0.00414      |
|    std                  | 0.633        |
|    value_loss           | 5.2          |
------------------------------------------
-----------------------------------------
| paper/                  |             |
|    accel_variation      | 0.322       |
|    base_reward          | -0.522      |
|    collision            | 0           |
|    crash_object         | 0           |
|    crash_vehicle        | 0           |
|    episode_cost         | 0           |
|    episode_length       | 1200        |
|    jerk                 | 0.284       |
|    lane_deviation       | 0.0698      |
|    max_lane_deviation   | 0.11        |
|    mean_speed_kmh       | 0.121       |
|    min_ttc              | nan         |
|    out_of_road          | 0           |
|    route_completion     | 0.00697     |
|    shaped_reward        | -190        |
|    steering_variation   | 0.114       |
|    success              | 0           |
|    ttc_risk             | 0           |
| rollout/                |             |
|    ep_len_mean          | 1.19e+03    |
|    ep_rew_mean          | -204        |
|    success_rate         | 0           |
| time/                   |             |
|    fps                  | 1272        |
|    iterations           | 41          |
|    time_elapsed         | 329         |
|    total_timesteps      | 419840      |
| train/                  |             |
|    approx_kl            | 0.008368472 |
|    clip_fraction        | 0.0771      |
|    clip_range           | 0.2         |
|    entropy_loss         | -1.88       |
|    explained_variance   | 0.652       |
|    learning_rate        | 0.0003      |
|    loss                 | 0.0852      |
|    n_updates            | 400         |
|    policy_gradient_loss | -0.00142    |
|    std                  | 0.623       |
|    value_loss           | 0.616       |
-----------------------------------------
-----------------------------------------
| paper/                  |             |
|    accel_variation      | 0.266       |
|    base_reward          | 0.521       |
|    collision            | 0           |
|    crash_object         | 0           |
|    crash_vehicle        | 0           |
|    episode_cost         | 0           |
|    episode_length       | 1200        |
|    jerk                 | 0.254       |
|    lane_deviation       | 0.0299      |
|    max_lane_deviation   | 0.0862      |
|    mean_speed_kmh       | 0.131       |
|    min_ttc              | nan         |
|    out_of_road          | 0           |
|    route_completion     | 0.0118      |
|    shaped_reward        | -184        |
|    steering_variation   | 0.109       |
|    success              | 0           |
|    ttc_risk             | 0           |
| rollout/                |             |
|    ep_len_mean          | 1.19e+03    |
|    ep_rew_mean          | -204        |
|    success_rate         | 0           |
| time/                   |             |
|    fps                  | 1273        |
|    iterations           | 42          |
|    time_elapsed         | 337         |
|    total_timesteps      | 430080      |
| train/                  |             |
|    approx_kl            | 0.009824051 |
|    clip_fraction        | 0.175       |
|    clip_range           | 0.2         |
|    entropy_loss         | -1.82       |
|    explained_variance   | 0.638       |
|    learning_rate        | 0.0003      |
|    loss                 | -0.0131     |
|    n_updates            | 410         |
|    policy_gradient_loss | 0.0027      |
|    std                  | 0.605       |
|    value_loss           | 0.0109      |
-----------------------------------------
-----------------------------------------
| paper/                  |             |
|    accel_variation      | 0.297       |
|    base_reward          | -0.145      |
|    collision            | 0           |
|    crash_object         | 0           |
|    crash_vehicle        | 0           |
|    episode_cost         | 0           |
|    episode_length       | 1200        |
|    jerk                 | 0.278       |
|    lane_deviation       | 0.0911      |
|    max_lane_deviation   | 0.13        |
|    mean_speed_kmh       | 0.113       |
|    min_ttc              | nan         |
|    out_of_road          | 0           |
|    route_completion     | 0.00804     |
|    shaped_reward        | -191        |
|    steering_variation   | 0.0816      |
|    success              | 0           |
|    ttc_risk             | 0           |
| rollout/                |             |
|    ep_len_mean          | 1.19e+03    |
|    ep_rew_mean          | -204        |
|    success_rate         | 0           |
| time/                   |             |
|    fps                  | 1274        |
|    iterations           | 43          |
|    time_elapsed         | 345         |
|    total_timesteps      | 440320      |
| train/                  |             |
|    approx_kl            | 0.004517362 |
|    clip_fraction        | 0.0749      |
|    clip_range           | 0.2         |
|    entropy_loss         | -1.8        |
|    explained_variance   | 0.985       |
|    learning_rate        | 0.0003      |
|    loss                 | 0.0758      |
|    n_updates            | 420         |
|    policy_gradient_loss | -0.0014     |
|    std                  | 0.604       |
|    value_loss           | 0.427       |
-----------------------------------------
-----------------------------------------
| paper/                  |             |
|    accel_variation      | 0.334       |
|    base_reward          | 2.31        |
|    collision            | 0           |
|    crash_object         | 0           |
|    crash_vehicle        | 0           |
|    episode_cost         | 0           |
|    episode_length       | 1200        |
|    jerk                 | 0.312       |
|    lane_deviation       | 0.0965      |
|    max_lane_deviation   | 0.264       |
|    mean_speed_kmh       | 0.18        |
|    min_ttc              | 79.5        |
|    out_of_road          | 0           |
|    route_completion     | 0.0117      |
|    shaped_reward        | -192        |
|    steering_variation   | 0.1         |
|    success              | 0           |
|    ttc_risk             | 0           |
| rollout/                |             |
|    ep_len_mean          | 1.18e+03    |
|    ep_rew_mean          | -208        |
|    success_rate         | 0           |
| time/                   |             |
|    fps                  | 1272        |
|    iterations           | 44          |
|    time_elapsed         | 353         |
|    total_timesteps      | 450560      |
| train/                  |             |
|    approx_kl            | 0.007877597 |
|    clip_fraction        | 0.105       |
|    clip_range           | 0.2         |
|    entropy_loss         | -1.8        |
|    explained_variance   | 0.855       |
|    learning_rate        | 0.0003      |
|    loss                 | 0.0604      |
|    n_updates            | 430         |
|    policy_gradient_loss | 0.00208     |
|    std                  | 0.606       |
|    value_loss           | 0.245       |
-----------------------------------------
-----------------------------------------
| paper/                  |             |
|    accel_variation      | 0.308       |
|    base_reward          | -0.209      |
|    collision            | 0           |
|    crash_object         | 0           |
|    crash_vehicle        | 0           |
|    episode_cost         | 0           |
|    episode_length       | 1200        |
|    jerk                 | 0.292       |
|    lane_deviation       | 0.0497      |
|    max_lane_deviation   | 0.108       |
|    mean_speed_kmh       | 0.119       |
|    min_ttc              | 508         |
|    out_of_road          | 0           |
|    route_completion     | 0.00989     |
|    shaped_reward        | -188        |
|    steering_variation   | 0.106       |
|    success              | 0           |
|    ttc_risk             | 0           |
| rollout/                |             |
|    ep_len_mean          | 1.18e+03    |
|    ep_rew_mean          | -211        |
|    success_rate         | 0           |
| time/                   |             |
|    fps                  | 1270        |
|    iterations           | 45          |
|    time_elapsed         | 362         |
|    total_timesteps      | 460800      |
| train/                  |             |
|    approx_kl            | 0.006672226 |
|    clip_fraction        | 0.0504      |
|    clip_range           | 0.2         |
|    entropy_loss         | -1.8        |
|    explained_variance   | 0.796       |
|    learning_rate        | 0.0003      |
|    loss                 | 2.45        |
|    n_updates            | 440         |
|    policy_gradient_loss | -0.003      |
|    std                  | 0.607       |
|    value_loss           | 10.1        |
-----------------------------------------
-----------------------------------------
| paper/                  |             |
|    accel_variation      | 0.321       |
|    base_reward          | -0.676      |
|    collision            | 0           |
|    crash_object         | 0           |
|    crash_vehicle        | 0           |
|    episode_cost         | 0           |
|    episode_length       | 1200        |
|    jerk                 | 0.287       |
|    lane_deviation       | 0.0856      |
|    max_lane_deviation   | 0.148       |
|    mean_speed_kmh       | 0.0997      |
|    min_ttc              | nan         |
|    out_of_road          | 0           |
|    route_completion     | 0.00834     |
|    shaped_reward        | -191        |
|    steering_variation   | 0.0763      |
|    success              | 0           |
|    ttc_risk             | 0           |
| rollout/                |             |
|    ep_len_mean          | 1.18e+03    |
|    ep_rew_mean          | -210        |
|    success_rate         | 0           |
| time/                   |             |
|    fps                  | 1271        |
|    iterations           | 46          |
|    time_elapsed         | 370         |
|    total_timesteps      | 471040      |
| train/                  |             |
|    approx_kl            | 0.007687649 |
|    clip_fraction        | 0.102       |
|    clip_range           | 0.2         |
|    entropy_loss         | -1.78       |
|    explained_variance   | 0.998       |
|    learning_rate        | 0.0003      |
|    loss                 | 0.018       |
|    n_updates            | 450         |
|    policy_gradient_loss | 0.000475    |
|    std                  | 0.593       |
|    value_loss           | 0.0506      |
-----------------------------------------
-----------------------------------------
| paper/                  |             |
|    accel_variation      | 0.286       |
|    base_reward          | 1.29        |
|    collision            | 0           |
|    crash_object         | 0           |
|    crash_vehicle        | 0           |
|    episode_cost         | 0           |
|    episode_length       | 1200        |
|    jerk                 | 0.258       |
|    lane_deviation       | 0.0395      |
|    max_lane_deviation   | 0.142       |
|    mean_speed_kmh       | 0.145       |
|    min_ttc              | nan         |
|    out_of_road          | 0           |
|    route_completion     | 0.0112      |
|    shaped_reward        | -184        |
|    steering_variation   | 0.0827      |
|    success              | 0           |
|    ttc_risk             | 0           |
| rollout/                |             |
|    ep_len_mean          | 1.18e+03    |
|    ep_rew_mean          | -206        |
|    success_rate         | 0           |
| time/                   |             |
|    fps                  | 1267        |
|    iterations           | 47          |
|    time_elapsed         | 379         |
|    total_timesteps      | 481280      |
| train/                  |             |
|    approx_kl            | 0.009427771 |
|    clip_fraction        | 0.135       |
|    clip_range           | 0.2         |
|    entropy_loss         | -1.73       |
|    explained_variance   | 0.96        |
|    learning_rate        | 0.0003      |
|    loss                 | 0.0166      |
|    n_updates            | 460         |
|    policy_gradient_loss | -0.00129    |
|    std                  | 0.584       |
|    value_loss           | 0.0186      |
-----------------------------------------
----------------------------------------
| paper/                  |            |
|    accel_variation      | 0.24       |
|    base_reward          | 0.842      |
|    collision            | 0          |
|    crash_object         | 0          |
|    crash_vehicle        | 0          |
|    episode_cost         | 0          |
|    episode_length       | 1200       |
|    jerk                 | 0.224      |
|    lane_deviation       | 0.115      |
|    max_lane_deviation   | 0.171      |
|    mean_speed_kmh       | 0.104      |
|    min_ttc              | nan        |
|    out_of_road          | 0          |
|    route_completion     | 0.0113     |
|    shaped_reward        | -191       |
|    steering_variation   | 0.0595     |
|    success              | 0          |
|    ttc_risk             | 0          |
| rollout/                |            |
|    ep_len_mean          | 1.19e+03   |
|    ep_rew_mean          | -203       |
|    success_rate         | 0          |
| time/                   |            |
|    fps                  | 1264       |
|    iterations           | 48         |
|    time_elapsed         | 388        |
|    total_timesteps      | 491520     |
| train/                  |            |
|    approx_kl            | 0.02421973 |
|    clip_fraction        | 0.149      |
|    clip_range           | 0.2        |
|    entropy_loss         | -1.69      |
|    explained_variance   | 0.807      |
|    learning_rate        | 0.0003     |
|    loss                 | 0.0108     |
|    n_updates            | 470        |
|    policy_gradient_loss | 0.000238   |
|    std                  | 0.575      |
|    value_loss           | 0.0156     |
----------------------------------------
------------------------------------------
| paper/                  |              |
|    accel_variation      | 0.23         |
|    base_reward          | -0.0326      |
|    collision            | 0            |
|    crash_object         | 0            |
|    crash_vehicle        | 0            |
|    episode_cost         | 0            |
|    episode_length       | 1200         |
|    jerk                 | 0.225        |
|    lane_deviation       | 0.0657       |
|    max_lane_deviation   | 0.104        |
|    mean_speed_kmh       | 0.0753       |
|    min_ttc              | nan          |
|    out_of_road          | 0            |
|    route_completion     | 0.00987      |
|    shaped_reward        | -186         |
|    steering_variation   | 0.0396       |
|    success              | 0            |
|    ttc_risk             | 0            |
| rollout/                |              |
|    ep_len_mean          | 1.19e+03     |
|    ep_rew_mean          | -202         |
|    success_rate         | 0            |
| time/                   |              |
|    fps                  | 1264         |
|    iterations           | 49           |
|    time_elapsed         | 396          |
|    total_timesteps      | 501760       |
| train/                  |              |
|    approx_kl            | 0.0062751025 |
|    clip_fraction        | 0.0922       |
|    clip_range           | 0.2          |
|    entropy_loss         | -1.66        |
|    explained_variance   | 0.896        |
|    learning_rate        | 0.0003       |
|    loss                 | 0.00974      |
|    n_updates            | 480          |
|    policy_gradient_loss | 0.00187      |
|    std                  | 0.565        |
|    value_loss           | 0.00484      |
------------------------------------------
-----------------------------------------
| paper/                  |             |
|    accel_variation      | 0.224       |
|    base_reward          | 2.58        |
|    collision            | 0           |
|    crash_object         | 0           |
|    crash_vehicle        | 0           |
|    episode_cost         | 0           |
|    episode_length       | 1200        |
|    jerk                 | 0.218       |
|    lane_deviation       | 0.507       |
|    max_lane_deviation   | 0.607       |
|    mean_speed_kmh       | 0.18        |
|    min_ttc              | nan         |
|    out_of_road          | 0           |
|    route_completion     | 0.0143      |
|    shaped_reward        | -343        |
|    steering_variation   | 0.0503      |
|    success              | 0           |
|    ttc_risk             | 0           |
| rollout/                |             |
|    ep_len_mean          | 1.19e+03    |
|    ep_rew_mean          | -203        |
|    success_rate         | 0           |
| time/                   |             |
|    fps                  | 1262        |
|    iterations           | 50          |
|    time_elapsed         | 405         |
|    total_timesteps      | 512000      |
| train/                  |             |
|    approx_kl            | 0.007026732 |
|    clip_fraction        | 0.0939      |
|    clip_range           | 0.2         |
|    entropy_loss         | -1.65       |
|    explained_variance   | 0.631       |
|    learning_rate        | 0.0003      |
|    loss                 | 0.784       |
|    n_updates            | 490         |
|    policy_gradient_loss | -0.00147    |
|    std                  | 0.565       |
|    value_loss           | 0.687       |
-----------------------------------------
------------------------------------------
| paper/                  |              |
|    accel_variation      | 0.198        |
|    base_reward          | -0.0375      |
|    collision            | 0            |
|    crash_object         | 0            |
|    crash_vehicle        | 0            |
|    episode_cost         | 0            |
|    episode_length       | 1200         |
|    jerk                 | 0.188        |
|    lane_deviation       | 0.0234       |
|    max_lane_deviation   | 0.048        |
|    mean_speed_kmh       | 0.053        |
|    min_ttc              | nan          |
|    out_of_road          | 0            |
|    route_completion     | 0.00997      |
|    shaped_reward        | -183         |
|    steering_variation   | 0.0334       |
|    success              | 0            |
|    ttc_risk             | 0            |
| rollout/                |              |
|    ep_len_mean          | 1.19e+03     |
|    ep_rew_mean          | -202         |
|    success_rate         | 0            |
| time/                   |              |
|    fps                  | 1263         |
|    iterations           | 51           |
|    time_elapsed         | 413          |
|    total_timesteps      | 522240       |
| train/                  |              |
|    approx_kl            | 0.0074433372 |
|    clip_fraction        | 0.0664       |
|    clip_range           | 0.2          |
|    entropy_loss         | -1.64        |
|    explained_variance   | 0.951        |
|    learning_rate        | 0.0003       |
|    loss                 | 0.00773      |
|    n_updates            | 500          |
|    policy_gradient_loss | 0.000588     |
|    std                  | 0.558        |
|    value_loss           | 0.0444       |
------------------------------------------
-----------------------------------------
| paper/                  |             |
|    accel_variation      | 0.164       |
|    base_reward          | -0.145      |
|    collision            | 0           |
|    crash_object         | 0           |
|    crash_vehicle        | 0           |
|    episode_cost         | 0           |
|    episode_length       | 1200        |
|    jerk                 | 0.152       |
|    lane_deviation       | 0.0246      |
|    max_lane_deviation   | 0.057       |
|    mean_speed_kmh       | 0.0398      |
|    min_ttc              | 151         |
|    out_of_road          | 0           |
|    route_completion     | 0.00744     |
|    shaped_reward        | -183        |
|    steering_variation   | 0.0347      |
|    success              | 0           |
|    ttc_risk             | 0           |
| rollout/                |             |
|    ep_len_mean          | 1.19e+03    |
|    ep_rew_mean          | -200        |
|    success_rate         | 0           |
| time/                   |             |
|    fps                  | 1264        |
|    iterations           | 52          |
|    time_elapsed         | 421         |
|    total_timesteps      | 532480      |
| train/                  |             |
|    approx_kl            | 0.018319234 |
|    clip_fraction        | 0.142       |
|    clip_range           | 0.2         |
|    entropy_loss         | -1.56       |
|    explained_variance   | 0.873       |
|    learning_rate        | 0.0003      |
|    loss                 | -0.00383    |
|    n_updates            | 510         |
|    policy_gradient_loss | -0.00417    |
|    std                  | 0.532       |
|    value_loss           | 0.00078     |
-----------------------------------------
-----------------------------------------
| paper/                  |             |
|    accel_variation      | 0.109       |
|    base_reward          | -0.243      |
|    collision            | 0           |
|    crash_object         | 0           |
|    crash_vehicle        | 0           |
|    episode_cost         | 0           |
|    episode_length       | 1200        |
|    jerk                 | 0.109       |
|    lane_deviation       | 0.0348      |
|    max_lane_deviation   | 0.0557      |
|    mean_speed_kmh       | 0.0282      |
|    min_ttc              | nan         |
|    out_of_road          | 0           |
|    route_completion     | 0.0115      |
|    shaped_reward        | -182        |
|    steering_variation   | 0.0274      |
|    success              | 0           |
|    ttc_risk             | 0           |
| rollout/                |             |
|    ep_len_mean          | 1.19e+03    |
|    ep_rew_mean          | -199        |
|    success_rate         | 0           |
| time/                   |             |
|    fps                  | 1264        |
|    iterations           | 53          |
|    time_elapsed         | 429         |
|    total_timesteps      | 542720      |
| train/                  |             |
|    approx_kl            | 0.013357964 |
|    clip_fraction        | 0.137       |
|    clip_range           | 0.2         |
|    entropy_loss         | -1.47       |
|    explained_variance   | 0.873       |
|    learning_rate        | 0.0003      |
|    loss                 | -0.0159     |
|    n_updates            | 520         |
|    policy_gradient_loss | -0.00655    |
|    std                  | 0.505       |
|    value_loss           | 0.000439    |
-----------------------------------------
-----------------------------------------
| paper/                  |             |
|    accel_variation      | 0.0948      |
|    base_reward          | -0.0384     |
|    collision            | 0           |
|    crash_object         | 0           |
|    crash_vehicle        | 0           |
|    episode_cost         | 0           |
|    episode_length       | 1200        |
|    jerk                 | 0.0913      |
|    lane_deviation       | 0.0151      |
|    max_lane_deviation   | 0.0182      |
|    mean_speed_kmh       | 0.017       |
|    min_ttc              | nan         |
|    out_of_road          | 0           |
|    route_completion     | 0.00846     |
|    shaped_reward        | -181        |
|    steering_variation   | 0.015       |
|    success              | 0           |
|    ttc_risk             | 0           |
| rollout/                |             |
|    ep_len_mean          | 1.19e+03    |
|    ep_rew_mean          | -197        |
|    success_rate         | 0           |
| time/                   |             |
|    fps                  | 1263        |
|    iterations           | 54          |
|    time_elapsed         | 437         |
|    total_timesteps      | 552960      |
| train/                  |             |
|    approx_kl            | 0.011282438 |
|    clip_fraction        | 0.127       |
|    clip_range           | 0.2         |
|    entropy_loss         | -1.37       |
|    explained_variance   | 0.883       |
|    learning_rate        | 0.0003      |
|    loss                 | -0.0252     |
|    n_updates            | 530         |
|    policy_gradient_loss | -0.00952    |
|    std                  | 0.482       |
|    value_loss           | 0.000478    |
-----------------------------------------
