[1/1] start label=rcpo_lagrangian seed=1
/home/aaa/data/qj/stable-baselines3-master/stable_baselines3/common/on_policy_algorithm.py:150: UserWarning: You are trying to run PPO on the GPU, but it is primarily intended to run on the CPU when not using a CNN policy (you are using ActorCriticPolicy which should be a MlpPolicy). See https://github.com/DLR-RM/stable-baselines3/issues/1245 for more info. You can pass `device='cpu'` or `export CUDA_VISIBLE_DEVICES=` to force using the CPU.Note: The model will train, but the GPU utilization will be poor and the training might take longer than on CPU.
  warnings.warn(
/home/aaa/data/qj/stable-baselines3-master/stable_baselines3/common/on_policy_algorithm.py:150: UserWarning: You are trying to run PPO on the GPU, but it is primarily intended to run on the CPU when not using a CNN policy (you are using ActorCriticPolicy which should be a MlpPolicy). See https://github.com/DLR-RM/stable-baselines3/issues/1245 for more info. You can pass `device='cpu'` or `export CUDA_VISIBLE_DEVICES=` to force using the CPU.Note: The model will train, but the GPU utilization will be poor and the training might take longer than on CPU.
  warnings.warn(
Wrapping the env in a DummyVecEnv.
Wrapping the env in a DummyVecEnv.
Wrapping the env in a DummyVecEnv.
Wrapping the env in a DummyVecEnv.
Wrapping the env in a DummyVecEnv.
Wrapping the env in a DummyVecEnv.
Wrapping the env in a DummyVecEnv.
Wrapping the env in a DummyVecEnv.
[1/1] done label=rcpo_lagrangian seed=1 new_rows=160 total_rows=160 elapsed_sec=101.2
{
  "run_id": "ijmlc_p2_external_20260701_1733_rcpo_diag_s1",
  "created_at": "2026-07-01T18:21:13",
  "manifest": "results/ijmlc_control/p2_external_baselines/p2_rcpo_lagrangian_manifest.csv",
  "labels": [
    "rcpo_lagrangian"
  ],
  "seeds": [
    1
  ],
  "densities": [
    0.08,
    0.15,
    0.2,
    0.25
  ],
  "test_start_seeds": [
    10000,
    20000
  ],
  "episodes_per_start": 20,
  "selected_models": 1,
  "episode_rows": 160,
  "action_filter": "none",
  "rss_soft_ttc": 6.0,
  "rss_hard_ttc": 3.5,
  "rss_target_speed_kmh": 20.0,
  "episode_csv": "/home/aaa/data/qj/stable-baselines3-master/risk_curriculum_metadrive/results/ijmlc_control/raw_csv/ijmlc_p2_external_20260701_1733_rcpo_diag_s1_episodes.csv",
  "summary_csv": "/home/aaa/data/qj/stable-baselines3-master/risk_curriculum_metadrive/results/ijmlc_control/summary_tables/ijmlc_p2_external_20260701_1733_rcpo_diag_s1_summary.csv",
  "elapsed_sec": 101.2213933467865,
  "status": "done",
  "claim_supported": "IJMLC non-motion artifact, progress-safety frontier, runtime wall-clock diagnostics",
  "boundary_note": "Frozen-model diagnostic evaluation; not new training or retuning evidence."
}
