[1/1] start label=shield_only seed=2
/home/aaa/data/qj/stable-baselines3-master/stable_baselines3/common/on_policy_algorithm.py:150: UserWarning: You are trying to run PPO on the GPU, but it is primarily intended to run on the CPU when not using a CNN policy (you are using ActorCriticPolicy which should be a MlpPolicy). See https://github.com/DLR-RM/stable-baselines3/issues/1245 for more info. You can pass `device='cpu'` or `export CUDA_VISIBLE_DEVICES=` to force using the CPU.Note: The model will train, but the GPU utilization will be poor and the training might take longer than on CPU.
  warnings.warn(
/home/aaa/data/qj/stable-baselines3-master/stable_baselines3/common/on_policy_algorithm.py:150: UserWarning: You are trying to run PPO on the GPU, but it is primarily intended to run on the CPU when not using a CNN policy (you are using ActorCriticPolicy which should be a MlpPolicy). See https://github.com/DLR-RM/stable-baselines3/issues/1245 for more info. You can pass `device='cpu'` or `export CUDA_VISIBLE_DEVICES=` to force using the CPU.Note: The model will train, but the GPU utilization will be poor and the training might take longer than on CPU.
  warnings.warn(
Wrapping the env in a DummyVecEnv.
Wrapping the env in a DummyVecEnv.
[1/1] done label=shield_only seed=2 new_rows=40 total_rows=40 elapsed_sec=577.9
{
  "run_id": "p5_sensitivity_20260701_1825_ttc_threshold_8_shield_only_s2",
  "created_at": "2026-07-01T18:54:42",
  "manifest": "results/ijmlc_control/06_EXISTING_MODEL_MANIFEST.csv",
  "labels": [
    "shield_only"
  ],
  "seeds": [
    2
  ],
  "densities": [
    0.15
  ],
  "test_start_seeds": [
    10000,
    20000
  ],
  "episodes_per_start": 20,
  "selected_models": 1,
  "episode_rows": 40,
  "action_filter": "none",
  "rss_soft_ttc": 6.0,
  "rss_hard_ttc": 3.5,
  "rss_target_speed_kmh": 20.0,
  "override_ttc_threshold": 8.0,
  "override_target_speed_kmh": null,
  "sensitivity_axis": "ttc_threshold",
  "sensitivity_value": "8",
  "episode_csv": "/home/aaa/data/qj/stable-baselines3-master/risk_curriculum_metadrive/results/ijmlc_control/raw_csv/p5_sensitivity_20260701_1825_ttc_threshold_8_shield_only_s2_episodes.csv",
  "summary_csv": "/home/aaa/data/qj/stable-baselines3-master/risk_curriculum_metadrive/results/ijmlc_control/summary_tables/p5_sensitivity_20260701_1825_ttc_threshold_8_shield_only_s2_summary.csv",
  "elapsed_sec": 577.9245839118958,
  "status": "done",
  "claim_supported": "IJMLC non-motion artifact, progress-safety frontier, runtime wall-clock diagnostics",
  "boundary_note": "Frozen-model diagnostic evaluation; not new training or retuning evidence."
}
