start_time=2026-06-30T17:38:32+08:00
variant=proposed seed=0 root=outputs/tuning_proposed_defensive_h1500_lane2_v16_cost50_nenv16_1m timesteps=1000000 horizon=1500 n_envs=16 episodes=50 device=cuda extra_args=--ent-coef 0.01 --reward-ttc 6 --reward-cost 50 --reward-overspeed 3 --reward-target-speed 16 --reward-progress 40 --reward-lane 2.0 --reward-success-bonus 55 --reward-crash-penalty 120 --reward-out-of-road-penalty 150 --reward-ttc-threshold 12 --stage2-success 0.50 --stage2-cost 0.25 --demote-cost 0.35
Using cuda device
/home/aaa/data/qj/stable-baselines3-master/stable_baselines3/common/on_policy_algorithm.py:150: UserWarning: You are trying to run PPO on the GPU, but it is primarily intended to run on the CPU when not using a CNN policy (you are using ActorCriticPolicy which should be a MlpPolicy). See https://github.com/DLR-RM/stable-baselines3/issues/1245 for more info. You can pass `device='cpu'` or `export CUDA_VISIBLE_DEVICES=` to force using the CPU.Note: The model will train, but the GPU utilization will be poor and the training might take longer than on CPU.
  warnings.warn(
Logging to outputs/tuning_proposed_defensive_h1500_lane2_v16_cost50_nenv16_1m/runs/proposed_ppo_s0/tensorboard/proposed_ppo_s0_1
------------------------------------
| paper/                |          |
|    accel_variation    | 0.796    |
|    base_reward        | 6.06     |
|    collision          | 0        |
|    crash_object       | 0        |
|    crash_vehicle      | 0        |
|    episode_cost       | 0        |
|    episode_length     | 600      |
|    jerk               | 0.618    |
|    lane_deviation     | 0.0704   |
|    max_lane_deviation | 0.139    |
|    mean_speed_kmh     | 0.701    |
|    min_ttc            | nan      |
|    out_of_road        | 0        |
|    route_completion   | 0.104    |
|    shaped_reward      | -98.5    |
|    steering_variation | 0.761    |
|    success            | 0        |
|    ttc_risk           | 0        |
| rollout/              |          |
|    ep_len_mean        | 600      |
|    ep_rew_mean        | -123     |
|    success_rate       | 0        |
| time/                 |          |
|    fps                | 2744     |
|    iterations         | 1        |
|    time_elapsed       | 5        |
|    total_timesteps    | 16384    |
------------------------------------
--------------------------------------------
| curriculum/                |             |
|    stage                   | 0           |
|    window_cost             | 0           |
|    window_route_completion | 0.111       |
|    window_success          | 0           |
| paper/                     |             |
|    accel_variation         | 0.815       |
|    base_reward             | 4.4         |
|    collision               | 0           |
|    crash_object            | 0           |
|    crash_vehicle           | 0           |
|    episode_cost            | 0           |
|    episode_length          | 600         |
|    jerk                    | 0.593       |
|    lane_deviation          | 0.344       |
|    max_lane_deviation      | 0.72        |
|    mean_speed_kmh          | 0.77        |
|    min_ttc                 | nan         |
|    out_of_road             | 0           |
|    route_completion        | 0.127       |
|    shaped_reward           | -291        |
|    steering_variation      | 0.802       |
|    success                 | 0           |
|    ttc_risk                | 0           |
| rollout/                   |             |
|    ep_len_mean             | 600         |
|    ep_rew_mean             | -194        |
|    success_rate            | 0           |
| time/                      |             |
|    fps                     | 2508        |
|    iterations              | 2           |
|    time_elapsed            | 13          |
|    total_timesteps         | 32768       |
| train/                     |             |
|    approx_kl               | 0.004723399 |
|    clip_fraction           | 0.0443      |
|    clip_range              | 0.2         |
|    entropy_loss            | -2.83       |
|    explained_variance      | -0.0011     |
|    learning_rate           | 0.0003      |
|    loss                    | 1.51        |
|    n_updates               | 10          |
|    policy_gradient_loss    | -0.00125    |
|    std                     | 0.998       |
|    value_loss              | 3.04        |
--------------------------------------------
---------------------------------------------
| curriculum/                |              |
|    stage                   | 0            |
|    window_cost             | 0            |
|    window_route_completion | 0.113        |
|    window_success          | 0            |
| paper/                     |              |
|    accel_variation         | 0.791        |
|    base_reward             | 6            |
|    collision               | 0            |
|    crash_object            | 0            |
|    crash_vehicle           | 0            |
|    episode_cost            | 0            |
|    episode_length          | 600          |
|    jerk                    | 0.63         |
|    lane_deviation          | 0.202        |
|    max_lane_deviation      | 0.544        |
|    mean_speed_kmh          | 0.71         |
|    min_ttc                 | nan          |
|    out_of_road             | 0            |
|    route_completion        | 0.0924       |
|    shaped_reward           | -177         |
|    steering_variation      | 0.859        |
|    success                 | 0            |
|    ttc_risk                | 0            |
| rollout/                   |              |
|    ep_len_mean             | 600          |
|    ep_rew_mean             | -186         |
|    success_rate            | 0            |
| time/                      |              |
|    fps                     | 2453         |
|    iterations              | 3            |
|    time_elapsed            | 20           |
|    total_timesteps         | 49152        |
| train/                     |              |
|    approx_kl               | 0.0023621884 |
|    clip_fraction           | 0.00945      |
|    clip_range              | 0.2          |
|    entropy_loss            | -2.84        |
|    explained_variance      | -0.0552      |
|    learning_rate           | 0.0003       |
|    loss                    | 23.1         |
|    n_updates               | 20           |
|    policy_gradient_loss    | -0.000504    |
|    std                     | 1            |
|    value_loss              | 51.5         |
---------------------------------------------
---------------------------------------------
| curriculum/                |              |
|    stage                   | 0            |
|    window_cost             | 0            |
|    window_route_completion | 0.114        |
|    window_success          | 0            |
| paper/                     |              |
|    accel_variation         | 0.812        |
|    base_reward             | 5.5          |
|    collision               | 0            |
|    crash_object            | 0            |
|    crash_vehicle           | 0            |
|    episode_cost            | 0            |
|    episode_length          | 600          |
|    jerk                    | 0.647        |
|    lane_deviation          | 0.451        |
|    max_lane_deviation      | 1            |
|    mean_speed_kmh          | 0.842        |
|    min_ttc                 | nan          |
|    out_of_road             | 0            |
|    route_completion        | 0.124        |
|    shaped_reward           | -452         |
|    steering_variation      | 0.831        |
|    success                 | 0            |
|    ttc_risk                | 0            |
| rollout/                   |              |
|    ep_len_mean             | 600          |
|    ep_rew_mean             | -196         |
|    success_rate            | 0            |
| time/                      |              |
|    fps                     | 2430         |
|    iterations              | 4            |
|    time_elapsed            | 26           |
|    total_timesteps         | 65536        |
| train/                     |              |
|    approx_kl               | 0.0007873842 |
|    clip_fraction           | 0.00332      |
|    clip_range              | 0.2          |
|    entropy_loss            | -2.84        |
|    explained_variance      | 0.667        |
|    learning_rate           | 0.0003       |
|    loss                    | 6.36         |
|    n_updates               | 30           |
|    policy_gradient_loss    | 0.00023      |
|    std                     | 1            |
|    value_loss              | 17.5         |
---------------------------------------------
---------------------------------------------
| curriculum/                |              |
|    stage                   | 0            |
|    window_cost             | 0            |
|    window_route_completion | 0.116        |
|    window_success          | 0            |
| paper/                     |              |
|    accel_variation         | 0.844        |
|    base_reward             | 7.17         |
|    collision               | 0            |
|    crash_object            | 0            |
|    crash_vehicle           | 0            |
|    episode_cost            | 0            |
|    episode_length          | 600          |
|    jerk                    | 0.62         |
|    lane_deviation          | 0.0884       |
|    max_lane_deviation      | 0.236        |
|    mean_speed_kmh          | 0.716        |
|    min_ttc                 | nan          |
|    out_of_road             | 0            |
|    route_completion        | 0.117        |
|    shaped_reward           | -105         |
|    steering_variation      | 0.78         |
|    success                 | 0            |
|    ttc_risk                | 0            |
| rollout/                   |              |
|    ep_len_mean             | 600          |
|    ep_rew_mean             | -205         |
|    success_rate            | 0            |
| time/                      |              |
|    fps                     | 2421         |
|    iterations              | 5            |
|    time_elapsed            | 33           |
|    total_timesteps         | 81920        |
| train/                     |              |
|    approx_kl               | 0.0042864447 |
|    clip_fraction           | 0.0219       |
|    clip_range              | 0.2          |
|    entropy_loss            | -2.84        |
|    explained_variance      | 0.797        |
|    learning_rate           | 0.0003       |
|    loss                    | 6.25         |
|    n_updates               | 40           |
|    policy_gradient_loss    | -0.00169     |
|    std                     | 1            |
|    value_loss              | 18.7         |
---------------------------------------------
---------------------------------------------
| curriculum/                |              |
|    stage                   | 0            |
|    window_cost             | 0.0667       |
|    window_route_completion | 0.122        |
|    window_success          | 0            |
| paper/                     |              |
|    accel_variation         | 0.858        |
|    base_reward             | 8.06         |
|    collision               | 0            |
|    crash_object            | 0            |
|    crash_vehicle           | 0            |
|    episode_cost            | 0            |
|    episode_length          | 600          |
|    jerk                    | 0.636        |
|    lane_deviation          | 0.138        |
|    max_lane_deviation      | 0.376        |
|    mean_speed_kmh          | 0.827        |
|    min_ttc                 | nan          |
|    out_of_road             | 0            |
|    route_completion        | 0.131        |
|    shaped_reward           | -127         |
|    steering_variation      | 0.864        |
|    success                 | 0            |
|    ttc_risk                | 0            |
| rollout/                   |              |
|    ep_len_mean             | 597          |
|    ep_rew_mean             | -199         |
|    success_rate            | 0            |
| time/                      |              |
|    fps                     | 2421         |
|    iterations              | 6            |
|    time_elapsed            | 40           |
|    total_timesteps         | 98304        |
| train/                     |              |
|    approx_kl               | 0.0026923688 |
|    clip_fraction           | 0.0224       |
|    clip_range              | 0.2          |
|    entropy_loss            | -2.83        |
|    explained_variance      | 0.897        |
|    learning_rate           | 0.0003       |
|    loss                    | 3.35         |
|    n_updates               | 50           |
|    policy_gradient_loss    | -0.000955    |
|    std                     | 0.995        |
|    value_loss              | 10.5         |
---------------------------------------------
---------------------------------------------
| curriculum/                |              |
|    stage                   | 0            |
|    window_cost             | 0.133        |
|    window_route_completion | 0.131        |
|    window_success          | 0            |
| paper/                     |              |
|    accel_variation         | 0.847        |
|    base_reward             | 6.41         |
|    collision               | 0            |
|    crash_object            | 0            |
|    crash_vehicle           | 0            |
|    episode_cost            | 0            |
|    episode_length          | 600          |
|    jerk                    | 0.587        |
|    lane_deviation          | 0.206        |
|    max_lane_deviation      | 0.697        |
|    mean_speed_kmh          | 0.853        |
|    min_ttc                 | nan          |
|    out_of_road             | 0            |
|    route_completion        | 0.108        |
|    shaped_reward           | -181         |
|    steering_variation      | 0.781        |
|    success                 | 0            |
|    ttc_risk                | 0            |
| rollout/                   |              |
|    ep_len_mean             | 593          |
|    ep_rew_mean             | -219         |
|    success_rate            | 0            |
| time/                      |              |
|    fps                     | 2417         |
|    iterations              | 7            |
|    time_elapsed            | 47           |
|    total_timesteps         | 114688       |
| train/                     |              |
|    approx_kl               | 0.0018447514 |
|    clip_fraction           | 0.0231       |
|    clip_range              | 0.2          |
|    entropy_loss            | -2.83        |
|    explained_variance      | 0.451        |
|    learning_rate           | 0.0003       |
|    loss                    | 39.4         |
|    n_updates               | 60           |
|    policy_gradient_loss    | -0.000537    |
|    std                     | 0.996        |
|    value_loss              | 61.6         |
---------------------------------------------
---------------------------------------------
| curriculum/                |              |
|    stage                   | 0            |
|    window_cost             | 0.133        |
|    window_route_completion | 0.144        |
|    window_success          | 0            |
| paper/                     |              |
|    accel_variation         | 0.813        |
|    base_reward             | 9.91         |
|    collision               | 0            |
|    crash_object            | 0            |
|    crash_vehicle           | 0            |
|    episode_cost            | 0            |
|    episode_length          | 600          |
|    jerk                    | 0.619        |
|    lane_deviation          | 0.204        |
|    max_lane_deviation      | 0.388        |
|    mean_speed_kmh          | 1.06         |
|    min_ttc                 | nan          |
|    out_of_road             | 0            |
|    route_completion        | 0.137        |
|    shaped_reward           | -148         |
|    steering_variation      | 0.821        |
|    success                 | 0            |
|    ttc_risk                | 0            |
| rollout/                   |              |
|    ep_len_mean             | 591          |
|    ep_rew_mean             | -239         |
|    success_rate            | 0            |
| time/                      |              |
|    fps                     | 2401         |
|    iterations              | 8            |
|    time_elapsed            | 54           |
|    total_timesteps         | 131072       |
| train/                     |              |
|    approx_kl               | 0.0023567257 |
|    clip_fraction           | 0.0213       |
|    clip_range              | 0.2          |
|    entropy_loss            | -2.83        |
|    explained_variance      | 0.468        |
|    learning_rate           | 0.0003       |
|    loss                    | 49.4         |
|    n_updates               | 70           |
|    policy_gradient_loss    | -0.000942    |
|    std                     | 0.997        |
|    value_loss              | 74.7         |
---------------------------------------------
---------------------------------------------
| curriculum/                |              |
|    stage                   | 0            |
|    window_cost             | 0            |
|    window_route_completion | 0.152        |
|    window_success          | 0            |
| paper/                     |              |
|    accel_variation         | 0.799        |
|    base_reward             | 7.44         |
|    collision               | 0            |
|    crash_object            | 0            |
|    crash_vehicle           | 0            |
|    episode_cost            | 0            |
|    episode_length          | 600          |
|    jerk                    | 0.617        |
|    lane_deviation          | 0.314        |
|    max_lane_deviation      | 0.486        |
|    mean_speed_kmh          | 0.924        |
|    min_ttc                 | nan          |
|    out_of_road             | 0            |
|    route_completion        | 0.16         |
|    shaped_reward           | -224         |
|    steering_variation      | 0.816        |
|    success                 | 0            |
|    ttc_risk                | 0            |
| rollout/                   |              |
|    ep_len_mean             | 591          |
|    ep_rew_mean             | -248         |
|    success_rate            | 0            |
| time/                      |              |
|    fps                     | 2388         |
|    iterations              | 9            |
|    time_elapsed            | 61           |
|    total_timesteps         | 147456       |
| train/                     |              |
|    approx_kl               | 0.0045569697 |
|    clip_fraction           | 0.0276       |
|    clip_range              | 0.2          |
|    entropy_loss            | -2.83        |
|    explained_variance      | 0.787        |
|    learning_rate           | 0.0003       |
|    loss                    | 29.6         |
|    n_updates               | 80           |
|    policy_gradient_loss    | -0.00167     |
|    std                     | 1            |
|    value_loss              | 46.9         |
---------------------------------------------
--------------------------------------------
| curriculum/                |             |
|    stage                   | 0           |
|    window_cost             | 0           |
|    window_route_completion | 0.137       |
|    window_success          | 0           |
| paper/                     |             |
|    accel_variation         | 0.808       |
|    base_reward             | 8.67        |
|    collision               | 0           |
|    crash_object            | 0           |
|    crash_vehicle           | 0           |
|    episode_cost            | 0           |
|    episode_length          | 600         |
|    jerk                    | 0.596       |
|    lane_deviation          | 0.164       |
|    max_lane_deviation      | 0.512       |
|    mean_speed_kmh          | 0.855       |
|    min_ttc                 | nan         |
|    out_of_road             | 0           |
|    route_completion        | 0.119       |
|    shaped_reward           | -144        |
|    steering_variation      | 0.821       |
|    success                 | 0           |
|    ttc_risk                | 0           |
| rollout/                   |             |
|    ep_len_mean             | 595         |
|    ep_rew_mean             | -233        |
|    success_rate            | 0           |
| time/                      |             |
|    fps                     | 2371        |
|    iterations              | 10          |
|    time_elapsed            | 69          |
|    total_timesteps         | 163840      |
| train/                     |             |
|    approx_kl               | 0.002496608 |
|    clip_fraction           | 0.0114      |
|    clip_range              | 0.2         |
|    entropy_loss            | -2.83       |
|    explained_variance      | 0.783       |
|    learning_rate           | 0.0003      |
|    loss                    | 6.69        |
|    n_updates               | 90          |
|    policy_gradient_loss    | -0.00119    |
|    std                     | 0.993       |
|    value_loss              | 19          |
--------------------------------------------
---------------------------------------------
| curriculum/                |              |
|    stage                   | 0            |
|    window_cost             | 0.0333       |
|    window_route_completion | 0.129        |
|    window_success          | 0            |
| paper/                     |              |
|    accel_variation         | 0.815        |
|    base_reward             | 8.23         |
|    collision               | 0            |
|    crash_object            | 0            |
|    crash_vehicle           | 0            |
|    episode_cost            | 0            |
|    episode_length          | 600          |
|    jerk                    | 0.662        |
|    lane_deviation          | 0.203        |
|    max_lane_deviation      | 0.6          |
|    mean_speed_kmh          | 0.899        |
|    min_ttc                 | nan          |
|    out_of_road             | 0            |
|    route_completion        | 0.165        |
|    shaped_reward           | -181         |
|    steering_variation      | 0.844        |
|    success                 | 0            |
|    ttc_risk                | 0            |
| rollout/                   |              |
|    ep_len_mean             | 598          |
|    ep_rew_mean             | -221         |
|    success_rate            | 0            |
| time/                      |              |
|    fps                     | 2367         |
|    iterations              | 11           |
|    time_elapsed            | 76           |
|    total_timesteps         | 180224       |
| train/                     |              |
|    approx_kl               | 0.0023160197 |
|    clip_fraction           | 0.0279       |
|    clip_range              | 0.2          |
|    entropy_loss            | -2.82        |
|    explained_variance      | 0.934        |
|    learning_rate           | 0.0003       |
|    loss                    | 3.06         |
|    n_updates               | 100          |
|    policy_gradient_loss    | -0.000173    |
|    std                     | 0.993        |
|    value_loss              | 8.39         |
---------------------------------------------
---------------------------------------------
| curriculum/                |              |
|    stage                   | 0            |
|    window_cost             | 0            |
|    window_route_completion | 0.116        |
|    window_success          | 0            |
| paper/                     |              |
|    accel_variation         | 0.853        |
|    base_reward             | 5.82         |
|    collision               | 0            |
|    crash_object            | 0            |
|    crash_vehicle           | 0            |
|    episode_cost            | 0            |
|    episode_length          | 600          |
|    jerk                    | 0.617        |
|    lane_deviation          | 0.0461       |
|    max_lane_deviation      | 0.121        |
|    mean_speed_kmh          | 0.652        |
|    min_ttc                 | nan          |
|    out_of_road             | 0            |
|    route_completion        | 0.093        |
|    shaped_reward           | -98.1        |
|    steering_variation      | 0.793        |
|    success                 | 0            |
|    ttc_risk                | 0            |
| rollout/                   |              |
|    ep_len_mean             | 600          |
|    ep_rew_mean             | -192         |
|    success_rate            | 0            |
| time/                      |              |
|    fps                     | 2364         |
|    iterations              | 12           |
|    time_elapsed            | 83           |
|    total_timesteps         | 196608       |
| train/                     |              |
|    approx_kl               | 0.0045342958 |
|    clip_fraction           | 0.0243       |
|    clip_range              | 0.2          |
|    entropy_loss            | -2.82        |
|    explained_variance      | 0.897        |
|    learning_rate           | 0.0003       |
|    loss                    | 4.09         |
|    n_updates               | 110          |
|    policy_gradient_loss    | -0.00139     |
|    std                     | 0.992        |
|    value_loss              | 23.7         |
---------------------------------------------
---------------------------------------------
| curriculum/                |              |
|    stage                   | 0            |
|    window_cost             | 0            |
|    window_route_completion | 0.112        |
|    window_success          | 0            |
| paper/                     |              |
|    accel_variation         | 0.855        |
|    base_reward             | 5.79         |
|    collision               | 0            |
|    crash_object            | 0            |
|    crash_vehicle           | 0            |
|    episode_cost            | 0            |
|    episode_length          | 600          |
|    jerk                    | 0.624        |
|    lane_deviation          | 0.152        |
|    max_lane_deviation      | 0.321        |
|    mean_speed_kmh          | 0.661        |
|    min_ttc                 | nan          |
|    out_of_road             | 0            |
|    route_completion        | 0.0912       |
|    shaped_reward           | -131         |
|    steering_variation      | 0.818        |
|    success                 | 0            |
|    ttc_risk                | 0            |
| rollout/                   |              |
|    ep_len_mean             | 600          |
|    ep_rew_mean             | -180         |
|    success_rate            | 0            |
| time/                      |              |
|    fps                     | 2360         |
|    iterations              | 13           |
|    time_elapsed            | 90           |
|    total_timesteps         | 212992       |
| train/                     |              |
|    approx_kl               | 0.0017158284 |
|    clip_fraction           | 0.0181       |
|    clip_range              | 0.2          |
|    entropy_loss            | -2.83        |
|    explained_variance      | 0.968        |
|    learning_rate           | 0.0003       |
|    loss                    | 0.891        |
|    n_updates               | 120          |
|    policy_gradient_loss    | 0.000257     |
|    std                     | 0.993        |
|    value_loss              | 3.12         |
---------------------------------------------
---------------------------------------------
| curriculum/                |              |
|    stage                   | 0            |
|    window_cost             | 0            |
|    window_route_completion | 0.105        |
|    window_success          | 0            |
| paper/                     |              |
|    accel_variation         | 0.839        |
|    base_reward             | 5.88         |
|    collision               | 0            |
|    crash_object            | 0            |
|    crash_vehicle           | 0            |
|    episode_cost            | 0            |
|    episode_length          | 600          |
|    jerk                    | 0.655        |
|    lane_deviation          | 0.0409       |
|    max_lane_deviation      | 0.117        |
|    mean_speed_kmh          | 0.696        |
|    min_ttc                 | nan          |
|    out_of_road             | 0            |
|    route_completion        | 0.0896       |
|    shaped_reward           | -94.7        |
|    steering_variation      | 0.76         |
|    success                 | 0            |
|    ttc_risk                | 0            |
| rollout/                   |              |
|    ep_len_mean             | 600          |
|    ep_rew_mean             | -165         |
|    success_rate            | 0            |
| time/                      |              |
|    fps                     | 2358         |
|    iterations              | 14           |
|    time_elapsed            | 97           |
|    total_timesteps         | 229376       |
| train/                     |              |
|    approx_kl               | 0.0030914128 |
|    clip_fraction           | 0.0208       |
|    clip_range              | 0.2          |
|    entropy_loss            | -2.82        |
|    explained_variance      | 0.975        |
|    learning_rate           | 0.0003       |
|    loss                    | 1.29         |
|    n_updates               | 130          |
|    policy_gradient_loss    | -0.000619    |
|    std                     | 0.996        |
|    value_loss              | 4.88         |
---------------------------------------------
---------------------------------------------
| curriculum/                |              |
|    stage                   | 0            |
|    window_cost             | 0            |
|    window_route_completion | 0.0905       |
|    window_success          | 0            |
| paper/                     |              |
|    accel_variation         | 0.846        |
|    base_reward             | 4.49         |
|    collision               | 0            |
|    crash_object            | 0            |
|    crash_vehicle           | 0            |
|    episode_cost            | 0            |
|    episode_length          | 600          |
|    jerk                    | 0.632        |
|    lane_deviation          | 0.0428       |
|    max_lane_deviation      | 0.115        |
|    mean_speed_kmh          | 0.584        |
|    min_ttc                 | nan          |
|    out_of_road             | 0            |
|    route_completion        | 0.0979       |
|    shaped_reward           | -100         |
|    steering_variation      | 0.828        |
|    success                 | 0            |
|    ttc_risk                | 0            |
| rollout/                   |              |
|    ep_len_mean             | 600          |
|    ep_rew_mean             | -132         |
|    success_rate            | 0            |
| time/                      |              |
|    fps                     | 2354         |
|    iterations              | 15           |
|    time_elapsed            | 104          |
|    total_timesteps         | 245760       |
| train/                     |              |
|    approx_kl               | 0.0033405777 |
|    clip_fraction           | 0.024        |
|    clip_range              | 0.2          |
|    entropy_loss            | -2.84        |
|    explained_variance      | 0.985        |
|    learning_rate           | 0.0003       |
|    loss                    | 1.17         |
|    n_updates               | 140          |
|    policy_gradient_loss    | -0.0011      |
|    std                     | 1.01         |
|    value_loss              | 2.64         |
---------------------------------------------
-------------------------------------------
| curriculum/                |            |
|    stage                   | 0          |
|    window_cost             | 0          |
|    window_route_completion | 0.0887     |
|    window_success          | 0          |
| paper/                     |            |
|    accel_variation         | 0.835      |
|    base_reward             | 5.4        |
|    collision               | 0          |
|    crash_object            | 0          |
|    crash_vehicle           | 0          |
|    episode_cost            | 0          |
|    episode_length          | 600        |
|    jerk                    | 0.622      |
|    lane_deviation          | 0.0302     |
|    max_lane_deviation      | 0.0926     |
|    mean_speed_kmh          | 0.621      |
|    min_ttc                 | nan        |
|    out_of_road             | 0          |
|    route_completion        | 0.0841     |
|    shaped_reward           | -95.8      |
|    steering_variation      | 0.858      |
|    success                 | 0          |
|    ttc_risk                | 0          |
| rollout/                   |            |
|    ep_len_mean             | 600        |
|    ep_rew_mean             | -130       |
|    success_rate            | 0          |
| time/                      |            |
|    fps                     | 2349       |
|    iterations              | 16         |
|    time_elapsed            | 111        |
|    total_timesteps         | 262144     |
| train/                     |            |
|    approx_kl               | 0.00389386 |
|    clip_fraction           | 0.0254     |
|    clip_range              | 0.2        |
|    entropy_loss            | -2.85      |
|    explained_variance      | 0.978      |
|    learning_rate           | 0.0003     |
|    loss                    | 0.325      |
|    n_updates               | 150        |
|    policy_gradient_loss    | -0.00186   |
|    std                     | 1.01       |
|    value_loss              | 1.06       |
-------------------------------------------
---------------------------------------------
| curriculum/                |              |
|    stage                   | 0            |
|    window_cost             | 0            |
|    window_route_completion | 0.0815       |
|    window_success          | 0            |
| paper/                     |              |
|    accel_variation         | 0.792        |
|    base_reward             | 5.74         |
|    collision               | 0            |
|    crash_object            | 0            |
|    crash_vehicle           | 0            |
|    episode_cost            | 0            |
|    episode_length          | 600          |
|    jerk                    | 0.629        |
|    lane_deviation          | 0.069        |
|    max_lane_deviation      | 0.198        |
|    mean_speed_kmh          | 0.601        |
|    min_ttc                 | nan          |
|    out_of_road             | 0            |
|    route_completion        | 0.107        |
|    shaped_reward           | -103         |
|    steering_variation      | 0.801        |
|    success                 | 0            |
|    ttc_risk                | 0            |
| rollout/                   |              |
|    ep_len_mean             | 600          |
|    ep_rew_mean             | -123         |
|    success_rate            | 0            |
| time/                      |              |
|    fps                     | 2344         |
|    iterations              | 17           |
|    time_elapsed            | 118          |
|    total_timesteps         | 278528       |
| train/                     |              |
|    approx_kl               | 0.0045459224 |
|    clip_fraction           | 0.0418       |
|    clip_range              | 0.2          |
|    entropy_loss            | -2.86        |
|    explained_variance      | 0.983        |
|    learning_rate           | 0.0003       |
|    loss                    | 1.91         |
|    n_updates               | 160          |
|    policy_gradient_loss    | -0.00346     |
|    std                     | 1.01         |
|    value_loss              | 4.22         |
---------------------------------------------
---------------------------------------------
| curriculum/                |              |
|    stage                   | 0            |
|    window_cost             | 0            |
|    window_route_completion | 0.0792       |
|    window_success          | 0            |
| paper/                     |              |
|    accel_variation         | 0.739        |
|    base_reward             | 4.17         |
|    collision               | 0            |
|    crash_object            | 0            |
|    crash_vehicle           | 0            |
|    episode_cost            | 0            |
|    episode_length          | 600          |
|    jerk                    | 0.561        |
|    lane_deviation          | 0.113        |
|    max_lane_deviation      | 0.211        |
|    mean_speed_kmh          | 0.544        |
|    min_ttc                 | nan          |
|    out_of_road             | 0            |
|    route_completion        | 0.0847       |
|    shaped_reward           | -117         |
|    steering_variation      | 0.812        |
|    success                 | 0            |
|    ttc_risk                | 0            |
| rollout/                   |              |
|    ep_len_mean             | 600          |
|    ep_rew_mean             | -120         |
|    success_rate            | 0            |
| time/                      |              |
|    fps                     | 2340         |
|    iterations              | 18           |
|    time_elapsed            | 126          |
|    total_timesteps         | 294912       |
| train/                     |              |
|    approx_kl               | 0.0045581395 |
|    clip_fraction           | 0.0443       |
|    clip_range              | 0.2          |
|    entropy_loss            | -2.86        |
|    explained_variance      | 0.961        |
|    learning_rate           | 0.0003       |
|    loss                    | 0.325        |
|    n_updates               | 170          |
|    policy_gradient_loss    | 0.000609     |
|    std                     | 1.01         |
|    value_loss              | 1.62         |
---------------------------------------------
--------------------------------------------
| curriculum/                |             |
|    stage                   | 0           |
|    window_cost             | 0           |
|    window_route_completion | 0.0766      |
|    window_success          | 0           |
| paper/                     |             |
|    accel_variation         | 0.831       |
|    base_reward             | 3.73        |
|    collision               | 0           |
|    crash_object            | 0           |
|    crash_vehicle           | 0           |
|    episode_cost            | 0           |
|    episode_length          | 600         |
|    jerk                    | 0.662       |
|    lane_deviation          | 0.0384      |
|    max_lane_deviation      | 0.0853      |
|    mean_speed_kmh          | 0.498       |
|    min_ttc                 | nan         |
|    out_of_road             | 0           |
|    route_completion        | 0.0855      |
|    shaped_reward           | -100        |
|    steering_variation      | 0.806       |
|    success                 | 0           |
|    ttc_risk                | 0           |
| rollout/                   |             |
|    ep_len_mean             | 600         |
|    ep_rew_mean             | -117        |
|    success_rate            | 0           |
| time/                      |             |
|    fps                     | 2337        |
|    iterations              | 19          |
|    time_elapsed            | 133         |
|    total_timesteps         | 311296      |
| train/                     |             |
|    approx_kl               | 0.004812363 |
|    clip_fraction           | 0.0788      |
|    clip_range              | 0.2         |
|    entropy_loss            | -2.85       |
|    explained_variance      | 0.972       |
|    learning_rate           | 0.0003      |
|    loss                    | 0.22        |
|    n_updates               | 180         |
|    policy_gradient_loss    | -0.000143   |
|    std                     | 1           |
|    value_loss              | 0.704       |
--------------------------------------------
---------------------------------------------
| curriculum/                |              |
|    stage                   | 0            |
|    window_cost             | 0            |
|    window_route_completion | 0.0785       |
|    window_success          | 0            |
| paper/                     |              |
|    accel_variation         | 0.779        |
|    base_reward             | 3.51         |
|    collision               | 0            |
|    crash_object            | 0            |
|    crash_vehicle           | 0            |
|    episode_cost            | 0            |
|    episode_length          | 600          |
|    jerk                    | 0.621        |
|    lane_deviation          | 0.086        |
|    max_lane_deviation      | 0.239        |
|    mean_speed_kmh          | 0.567        |
|    min_ttc                 | nan          |
|    out_of_road             | 0            |
|    route_completion        | 0.0742       |
|    shaped_reward           | -108         |
|    steering_variation      | 0.805        |
|    success                 | 0            |
|    ttc_risk                | 0            |
| rollout/                   |              |
|    ep_len_mean             | 600          |
|    ep_rew_mean             | -110         |
|    success_rate            | 0            |
| time/                      |              |
|    fps                     | 2332         |
|    iterations              | 20           |
|    time_elapsed            | 140          |
|    total_timesteps         | 327680       |
| train/                     |              |
|    approx_kl               | 0.0033144094 |
|    clip_fraction           | 0.0363       |
|    clip_range              | 0.2          |
|    entropy_loss            | -2.84        |
|    explained_variance      | 0.975        |
|    learning_rate           | 0.0003       |
|    loss                    | 0.151        |
|    n_updates               | 190          |
|    policy_gradient_loss    | -0.00126     |
|    std                     | 0.998        |
|    value_loss              | 0.516        |
---------------------------------------------
---------------------------------------------
| curriculum/                |              |
|    stage                   | 0            |
|    window_cost             | 0            |
|    window_route_completion | 0.0793       |
|    window_success          | 0            |
| paper/                     |              |
|    accel_variation         | 0.789        |
|    base_reward             | 3.1          |
|    collision               | 0            |
|    crash_object            | 0            |
|    crash_vehicle           | 0            |
|    episode_cost            | 0            |
|    episode_length          | 600          |
|    jerk                    | 0.634        |
|    lane_deviation          | 0.142        |
|    max_lane_deviation      | 0.268        |
|    mean_speed_kmh          | 0.579        |
|    min_ttc                 | nan          |
|    out_of_road             | 0            |
|    route_completion        | 0.067        |
|    shaped_reward           | -128         |
|    steering_variation      | 0.73         |
|    success                 | 0            |
|    ttc_risk                | 0            |
| rollout/                   |              |
|    ep_len_mean             | 600          |
|    ep_rew_mean             | -113         |
|    success_rate            | 0            |
| time/                      |              |
|    fps                     | 2328         |
|    iterations              | 21           |
|    time_elapsed            | 147          |
|    total_timesteps         | 344064       |
| train/                     |              |
|    approx_kl               | 0.0047055497 |
|    clip_fraction           | 0.0556       |
|    clip_range              | 0.2          |
|    entropy_loss            | -2.83        |
|    explained_variance      | 0.974        |
|    learning_rate           | 0.0003       |
|    loss                    | 0.21         |
|    n_updates               | 200          |
|    policy_gradient_loss    | -0.00218     |
|    std                     | 1            |
|    value_loss              | 0.814        |
---------------------------------------------
--------------------------------------------
| curriculum/                |             |
|    stage                   | 0           |
|    window_cost             | 0           |
|    window_route_completion | 0.074       |
|    window_success          | 0           |
| paper/                     |             |
|    accel_variation         | 0.83        |
|    base_reward             | 3.43        |
|    collision               | 0           |
|    crash_object            | 0           |
|    crash_vehicle           | 0           |
|    episode_cost            | 0           |
|    episode_length          | 600         |
|    jerk                    | 0.65        |
|    lane_deviation          | 0.0279      |
|    max_lane_deviation      | 0.0948      |
|    mean_speed_kmh          | 0.567       |
|    min_ttc                 | nan         |
|    out_of_road             | 0           |
|    route_completion        | 0.0698      |
|    shaped_reward           | -99.3       |
|    steering_variation      | 0.849       |
|    success                 | 0           |
|    ttc_risk                | 0           |
| rollout/                   |             |
|    ep_len_mean             | 600         |
|    ep_rew_mean             | -114        |
|    success_rate            | 0           |
| time/                      |             |
|    fps                     | 2327        |
|    iterations              | 22          |
|    time_elapsed            | 154         |
|    total_timesteps         | 360448      |
| train/                     |             |
|    approx_kl               | 0.005585507 |
|    clip_fraction           | 0.0971      |
|    clip_range              | 0.2         |
|    entropy_loss            | -2.84       |
|    explained_variance      | 0.976       |
|    learning_rate           | 0.0003      |
|    loss                    | 0.665       |
|    n_updates               | 210         |
|    policy_gradient_loss    | -0.000634   |
|    std                     | 1           |
|    value_loss              | 1.54        |
--------------------------------------------
--------------------------------------------
| curriculum/                |             |
|    stage                   | 0           |
|    window_cost             | 0           |
|    window_route_completion | 0.0747      |
|    window_success          | 0           |
| paper/                     |             |
|    accel_variation         | 0.806       |
|    base_reward             | 2.96        |
|    collision               | 0           |
|    crash_object            | 0           |
|    crash_vehicle           | 0           |
|    episode_cost            | 0           |
|    episode_length          | 600         |
|    jerk                    | 0.611       |
|    lane_deviation          | 0.0867      |
|    max_lane_deviation      | 0.238       |
|    mean_speed_kmh          | 0.543       |
|    min_ttc                 | nan         |
|    out_of_road             | 0           |
|    route_completion        | 0.084       |
|    shaped_reward           | -112        |
|    steering_variation      | 0.797       |
|    success                 | 0           |
|    ttc_risk                | 0           |
| rollout/                   |             |
|    ep_len_mean             | 600         |
|    ep_rew_mean             | -114        |
|    success_rate            | 0           |
| time/                      |             |
|    fps                     | 2327        |
|    iterations              | 23          |
|    time_elapsed            | 161         |
|    total_timesteps         | 376832      |
| train/                     |             |
|    approx_kl               | 0.005600767 |
|    clip_fraction           | 0.0495      |
|    clip_range              | 0.2         |
|    entropy_loss            | -2.84       |
|    explained_variance      | 0.983       |
|    learning_rate           | 0.0003      |
|    loss                    | 0.391       |
|    n_updates               | 220         |
|    policy_gradient_loss    | -0.00139    |
|    std                     | 0.998       |
|    value_loss              | 0.651       |
--------------------------------------------
---------------------------------------------
| curriculum/                |              |
|    stage                   | 0            |
|    window_cost             | 0            |
|    window_route_completion | 0.0764       |
|    window_success          | 0            |
| paper/                     |              |
|    accel_variation         | 0.787        |
|    base_reward             | 2.3          |
|    collision               | 0            |
|    crash_object            | 0            |
|    crash_vehicle           | 0            |
|    episode_cost            | 0            |
|    episode_length          | 600          |
|    jerk                    | 0.635        |
|    lane_deviation          | 0.0772       |
|    max_lane_deviation      | 0.124        |
|    mean_speed_kmh          | 0.491        |
|    min_ttc                 | nan          |
|    out_of_road             | 0            |
|    route_completion        | 0.0569       |
|    shaped_reward           | -107         |
|    steering_variation      | 0.782        |
|    success                 | 0            |
|    ttc_risk                | 0            |
| rollout/                   |              |
|    ep_len_mean             | 600          |
|    ep_rew_mean             | -114         |
|    success_rate            | 0            |
| time/                      |              |
|    fps                     | 2326         |
|    iterations              | 24           |
|    time_elapsed            | 168          |
|    total_timesteps         | 393216       |
| train/                     |              |
|    approx_kl               | 0.0042055263 |
|    clip_fraction           | 0.042        |
|    clip_range              | 0.2          |
|    entropy_loss            | -2.84        |
|    explained_variance      | 0.984        |
|    learning_rate           | 0.0003       |
|    loss                    | 0.25         |
|    n_updates               | 230          |
|    policy_gradient_loss    | -0.00212     |
|    std                     | 1.01         |
|    value_loss              | 0.63         |
---------------------------------------------
---------------------------------------------
| curriculum/                |              |
|    stage                   | 0            |
|    window_cost             | 0            |
|    window_route_completion | 0.0791       |
|    window_success          | 0            |
| paper/                     |              |
|    accel_variation         | 0.818        |
|    base_reward             | 3.29         |
|    collision               | 0            |
|    crash_object            | 0            |
|    crash_vehicle           | 0            |
|    episode_cost            | 0            |
|    episode_length          | 600          |
|    jerk                    | 0.652        |
|    lane_deviation          | 0.0924       |
|    max_lane_deviation      | 0.196        |
|    mean_speed_kmh          | 0.56         |
|    min_ttc                 | nan          |
|    out_of_road             | 0            |
|    route_completion        | 0.0754       |
|    shaped_reward           | -110         |
|    steering_variation      | 0.788        |
|    success                 | 0            |
|    ttc_risk                | 0            |
| rollout/                   |              |
|    ep_len_mean             | 600          |
|    ep_rew_mean             | -113         |
|    success_rate            | 0            |
| time/                      |              |
|    fps                     | 2328         |
|    iterations              | 25           |
|    time_elapsed            | 175          |
|    total_timesteps         | 409600       |
| train/                     |              |
|    approx_kl               | 0.0017033457 |
|    clip_fraction           | 0.0245       |
|    clip_range              | 0.2          |
|    entropy_loss            | -2.85        |
|    explained_variance      | 0.966        |
|    learning_rate           | 0.0003       |
|    loss                    | 0.542        |
|    n_updates               | 240          |
|    policy_gradient_loss    | -5.21e-05    |
|    std                     | 1.01         |
|    value_loss              | 0.777        |
---------------------------------------------
